Microchip MPLAB XC8 Compiler V2.32

Linker command line:

-W-3 --edf=C:\Program Files\Microchip\xc8\v2.32\pic\dat\en_msgs.txt -cn \
  -h+dist/default/production\CentralAlarme.X.production.sym \
  --cmf=dist/default/production\CentralAlarme.X.production.cmf -z -Q16F877A \
  -oC:\Users\joaog\AppData\Local\Temp\xcAskmo.4 --defsym=__MPLAB_BUILD=1 \
  -Mdist/default/production/CentralAlarme.X.production.map -E1 \
  -ver=XC8 Compiler --acfsm=1493 -ASTACK=0110h-016Fh -pstack=STACK \
  -ACODE=00h-07FFhx4 -ASTRCODE=00h-01FFFh -ASTRING=00h-0FFhx32 \
  -ACONST=00h-0FFhx32 -AENTRY=00h-0FFhx32 -ACOMMON=070h-07Fh \
  -ABANK0=020h-06Fh -ABANK1=0A0h-0EFh -ABANK2=0110h-016Fh \
  -ABANK3=0190h-01EFh -ARAM=020h-06Fh,0A0h-0EFh,0110h-016Fh,0190h-01EFh \
  -AABS1=020h-07Fh,0A0h-0EFh,0110h-016Fh,0190h-01EFh -ASFR0=00h-01Fh \
  -ASFR1=080h-09Fh -ASFR2=0100h-010Fh -ASFR3=0180h-018Fh \
  -ACONFIG=02007h-02007h -DCONFIG=2 -AIDLOC=02000h-02003h -DIDLOC=2 \
  -AEEDATA=00h-0FFh/02100h -peeprom_data=EEDATA -DEEDATA=2 -DCODE=2 \
  -DSTRCODE=2 -DSTRING=2 -DCONST=2 -DENTRY=2 \
  -preset_vec=00h,intentry,init,end_init -ppowerup=CODE -pcinit=CODE \
  -pfunctab=ENTRY -k C:\Users\joaog\AppData\Local\Temp\xcAskmo.o \
  dist/default/production\CentralAlarme.X.production.o 

Object code version is 3.11

Machine type is 16F877A



                Name                               Link     Load   Length Selector   Space Scale
C:\Users\joaog\AppData\Local\Temp\xcAskmo.o
                end_init                              0        0        3        0       0
dist/default/production\CentralAlarme.X.production.o
                cinit                               7FC      7FC        4      FF8       0
                text8                               5AB      5AB       16      B56       0
                text7                               57C      57C        E      AF8       0
                text6                               563      563        C      AC6       0
                text5                               5DE      5DE       33      BBC       0
                text4                               58A      58A       10      B14       0
                text3                               59A      59A       11      B34       0
                text2                               56F      56F        D      ADE       0
                text1                               611      611      1EB      C22       0
                maintext                            5C1      5C1       1D      B82       0
                cstackCOMMON                         70       70        6       70       1

TOTAL           Name                               Link     Load   Length     Space
        CLASS   STACK          

        CLASS   CODE           
                end_init                              0        0        3         0
                cinit                               7FC      7FC        4         0
                text8                               5AB      5AB       16         0
                text7                               57C      57C        E         0
                text6                               563      563        C         0
                text5                               5DE      5DE       33         0
                text4                               58A      58A       10         0
                text3                               59A      59A       11         0
                text2                               56F      56F        D         0
                text1                               611      611      1EB         0
                maintext                            5C1      5C1       1D         0

        CLASS   STRCODE        

        CLASS   STRING         

        CLASS   CONST          

        CLASS   ENTRY          

        CLASS   COMMON         
                cstackCOMMON                         70       70        6         1

        CLASS   BANK0          

        CLASS   BANK1          

        CLASS   BANK2          

        CLASS   BANK3          

        CLASS   RAM            

        CLASS   ABS1           
                abs_s1                               7E       7E        2         1

        CLASS   SFR0           

        CLASS   SFR1           

        CLASS   SFR2           

        CLASS   SFR3           

        CLASS   CONFIG         

        CLASS   IDLOC          

        CLASS   EEDATA         



SEGMENTS        Name                           Load    Length   Top    Selector   Space  Class     Delta

                reset_vec                      000000  000003  000003         0       0  CODE        2
                cstackCOMMON                   000070  000006  000076        70       1  COMMON      1
                text6                          000563  00000C  00056F       AC6       0  CODE        2
                text2                          00056F  00000D  00057C       ADE       0  CODE        2
                text7                          00057C  00000E  00058A       AF8       0  CODE        2
                text4                          00058A  000010  00059A       B14       0  CODE        2
                text3                          00059A  000011  0005AB       B34       0  CODE        2
                text8                          0005AB  000016  0005C1       B56       0  CODE        2
                maintext                       0005C1  00001D  0005DE       B82       0  CODE        2
                text5                          0005DE  000033  000611       BBC       0  CODE        2
                text1                          000611  0001EB  0007FC       C22       0  CODE        2
                cinit                          0007FC  000004  000800       FF8       0  CODE        2


UNUSED ADDRESS RANGES

        Name                Unused          Largest block    Delta
        BANK0            0020-006F             50           1
        BANK1            00A0-00EF             50           1
        BANK2            0110-016F             60           1
        BANK3            0190-01EF             60           1
        CODE             0003-0562            560           2
                         0800-1FFF            800
        COMMON           0076-007D              8           1
        CONFIG           2007-2007              1           2
        CONST            0003-0562            100           2
                         0800-1FFF            100
        EEDATA           2100-21FF            100           2
        ENTRY            0003-0562            100           2
                         0800-1FFF            100
        IDLOC            2000-2003              4           2
        RAM              0020-006F             50           1
                         00A0-00EF             50
                         0110-016F             60
                         0190-01EF             60
        SFR0             0000-001F             20           1
        SFR1             0080-009F             20           1
        SFR2             0100-010F             10           1
        SFR3             0180-018F             10           1
        STACK            0110-016F             60           1
        STRCODE          0003-0562            560           2
                         0800-1FFF           1800
        STRING           0003-0562            100           2
                         0800-1FFF            100

                                  Symbol Table

LCD_escreve@x            cstackCOMMON 0072
_ADCON1                  (abs)        009F
_LCD_enable              text7        057C
_LCD_escreve             text3        059A
_LCD_init                text5        05DE
_LCD_limpa               text4        058A
_PORTB                   (abs)        0006
_PORTD                   (abs)        0008
_PORTE                   (abs)        0009
_RA1                     (abs)        0029
_RA3                     (abs)        002B
_RA4                     (abs)        002C
_RA5                     (abs)        002D
_RB0                     (abs)        0030
_RB1                     (abs)        0031
_RB2                     (abs)        0032
_RB3                     (abs)        0033
_TRISA                   (abs)        0085
_TRISB                   (abs)        0086
_TRISD                   (abs)        0088
_TRISE                   (abs)        0089
__Habs1                  abs1         0000
__Hbank0                 bank0        0000
__Hbank1                 bank1        0000
__Hbank2                 bank2        0000
__Hbank3                 bank3        0000
__Hcinit                 cinit        0800
__Hclrtext               clrtext      0000
__Hcode                  code         0000
__Hcommon                common       0000
__HcstackCOMMON          cstackCOMMON 0000
__Heeprom_data           eeprom_data  0000
__Hend_init              end_init     0003
__Hfunctab               functab      0000
__Hinit                  init         0000
__Hintentry              intentry     0000
__Hmaintext              maintext     0000
__Hpowerup               powerup      0000
__Hram                   ram          0000
__Hreset_vec             reset_vec    0000
__Hsfr0                  sfr0         0000
__Hsfr1                  sfr1         0000
__Hsfr2                  sfr2         0000
__Hsfr3                  sfr3         0000
__Hspace_0               (abs)        0800
__Hspace_1               (abs)        0076
__Hspace_2               (abs)        0000
__Hspace_3               (abs)        0000
__Hstack                 stack        0000
__Hstrings               strings      0000
__Htext                  text         0000
__Labs1                  abs1         0000
__Lbank0                 bank0        0000
__Lbank1                 bank1        0000
__Lbank2                 bank2        0000
__Lbank3                 bank3        0000
__Lcinit                 cinit        07FC
__Lclrtext               clrtext      0000
__Lcode                  code         0000
__Lcommon                common       0000
__LcstackCOMMON          cstackCOMMON 0000
__Leeprom_data           eeprom_data  0000
__Lend_init              end_init     0000
__Lfunctab               functab      0000
__Linit                  init         0000
__Lintentry              intentry     0000
__Lmaintext              maintext     0000
__Lpowerup               powerup      0000
__Lram                   ram          0000
__Lreset_vec             reset_vec    0000
__Lsfr0                  sfr0         0000
__Lsfr1                  sfr1         0000
__Lsfr2                  sfr2         0000
__Lsfr3                  sfr3         0000
__Lspace_0               (abs)        0000
__Lspace_1               (abs)        0000
__Lspace_2               (abs)        0000
__Lspace_3               (abs)        0000
__Lstack                 stack        0000
__Lstrings               strings      0000
__Ltext                  text         0000
__S0                     (abs)        0800
__S1                     (abs)        0076
__S2                     (abs)        0000
__S3                     (abs)        0000
___int_sp                stack        0000
___latbits               (abs)        0002
___sp                    stack        0000
___stackhi               (abs)        0000
___stacklo               (abs)        0000
__end_of_LCD_enable      text7        058A
__end_of_LCD_escreve     text3        05AB
__end_of_LCD_init        text5        0611
__end_of_LCD_limpa       text4        059A
__end_of__initialization cinit        07FC
__end_of_delay           text8        05C1
__end_of_init            text6        056F
__end_of_liga_buzzer     text2        057C
__end_of_main            maintext     05DE
__end_of_teclado         text1        07FC
__initialization         cinit        07FC
__pcstackCOMMON          cstackCOMMON 0070
__pmaintext              maintext     05C1
__ptext1                 text1        0611
__ptext2                 text2        056F
__ptext3                 text3        059A
__ptext4                 text4        058A
__ptext5                 text5        05DE
__ptext6                 text6        0563
__ptext7                 text7        057C
__ptext8                 text8        05AB
__size_of_LCD_enable     (abs)        0000
__size_of_LCD_escreve    (abs)        0000
__size_of_LCD_init       (abs)        0000
__size_of_LCD_limpa      (abs)        0000
__size_of_delay          (abs)        0000
__size_of_init           (abs)        0000
__size_of_liga_buzzer    (abs)        0000
__size_of_main           (abs)        0000
__size_of_teclado        (abs)        0000
_delay                   text8        05AB
_init                    text6        0563
_liga_buzzer             text2        056F
_main                    maintext     05C1
_teclado                 text1        0611
btemp                    (abs)        007E
delay@i                  cstackCOMMON 0070
end_of_initialization    cinit        07FC
intlevel0                functab      0000
intlevel1                functab      0000
intlevel2                functab      0000
intlevel3                functab      0000
intlevel4                functab      0000
intlevel5                functab      0000
reset_vec                reset_vec    0000
start                    init         0000
start_initialization     cinit        07FC
wtemp0                   (abs)        007E


MODULE INFORMATION

Module		Function		Class		Link	Load	Size
./lcd.h
		_init          		CODE           	0563	0000	12
		_LCD_limpa     		CODE           	058A	0000	16
		_delay         		CODE           	05AB	0000	22
		_LCD_enable    		CODE           	057C	0000	14
		_LCD_escreve   		CODE           	059A	0000	17
		_LCD_init      		CODE           	05DE	0000	51

./lcd.h estimated size: 132

shared
		__initialization		CODE           	07FC	0000	1

shared estimated size: 1

main.c
		_main          		CODE           	05C1	0000	29
		_teclado       		CODE           	0611	0000	491
		_liga_buzzer   		CODE           	056F	0000	13

main.c estimated size: 533

