Microchip MPLAB XC8 Compiler V2.32

Linker command line:

-W-3 --edf=C:\Program Files\Microchip\xc8\v2.32\pic\dat\en_msgs.txt -cn \
  -h+dist/default/production\CentralAlarme.X.production.sym \
  --cmf=dist/default/production\CentralAlarme.X.production.cmf -z -Q16F877A \
  -oC:\Users\joaog\AppData\Local\Temp\xcAsic.4 --defsym=__MPLAB_BUILD=1 \
  -Mdist/default/production/CentralAlarme.X.production.map -E1 \
  -ver=XC8 Compiler --acfsm=1493 -ASTACK=014Dh-016Fh -pstack=STACK \
  -ACODE=00h-07FFhx4 -ASTRCODE=00h-01FFFh -ASTRING=00h-0FFhx32 \
  -ACONST=00h-0FFhx32 -AENTRY=00h-0FFhx32 -ACOMMON=070h-07Fh \
  -ABANK0=020h-06Fh -ABANK1=0A0h-0EFh -ABANK2=0110h-016Fh \
  -ABANK3=0190h-01EFh -ARAM=020h-06Fh,0A0h-0EFh,0110h-016Fh,0190h-01EFh \
  -AABS1=020h-07Fh,0A0h-0EFh,0110h-016Fh,0190h-01EFh -ASFR0=00h-01Fh \
  -ASFR1=080h-09Fh -ASFR2=0100h-010Fh -ASFR3=0180h-018Fh \
  -ACONFIG=02007h-02007h -DCONFIG=2 -AIDLOC=02000h-02003h -DIDLOC=2 \
  -AEEDATA=00h-0FFh/02100h -peeprom_data=EEDATA -DEEDATA=2 -DCODE=2 \
  -DSTRCODE=2 -DSTRING=2 -DCONST=2 -DENTRY=2 \
  -preset_vec=00h,intentry,init,end_init -ppowerup=CODE -pcinit=CODE \
  -pfunctab=ENTRY -k C:\Users\joaog\AppData\Local\Temp\xcAsic.o \
  dist/default/production\CentralAlarme.X.production.o 

Object code version is 3.11

Machine type is 16F877A



                Name                               Link     Load   Length Selector   Space Scale
C:\Users\joaog\AppData\Local\Temp\xcAsic.o
                end_init                              0        0        3        0       0
dist/default/production\CentralAlarme.X.production.o
                cinit                               7BC      7BC       44      F78       0
                text23                              84A      84A       16     1094       0
                text22                             17E2     17E2        E     2FC4       0
                text21                             17C9     17C9        C     2F92       0
                text20                              932      932       33     1264       0
                text19                             17F0     17F0       10     2FE0       0
                text18                              826      826       11     104C       0
                text17                              806      806       10     100C       0
                text16                              897      897       21     112E       0
                text15                              860      860       19     10C0       0
                text14                              99C      99C       3B     1338       0
                text13                              965      965       37     12CA       0
                text12                               BC       BC       A2      178       0
                text11                              8DC      8DC       27     11B8       0
                text10                              45B      45B      361      8B6       0
                text9                               D68      D68      298     1AD0       0
                text8                               8B8      8B8       24     1170       0
                text7                                40       40       7C       80       0
                text6                               15E      15E      2FD      2BC       0
                text5                               A79      A79       5B     14F2       0
                text4                              17D5     17D5        D     2FAA       0
                text3                               903      903       2F     1206       0
                text2                               816      816       10     102C       0
                text1                               B4E      B4E      21A     169C       0
                maintext                            AD4      AD4       7A     15A8       0
                cstackBANK0                          20       20       28       20       1
                cstackCOMMON                         70       70        E       70       1
                inittext                            837      837       13     106E       0
                dataBANK2                           110      110       3D      110       1
                dataBANK3                           190      190       54      190       1
                dataBANK1                            A0       A0       4E       A0       1
                dataBANK0                            48       48       1E       20       1
                bssBANK0                             66       66        A       20       1
                idataBANK3                          A25      A25       54     144A       0
                idataBANK2                            3        3       3D        0       0
                idataBANK1                          9D7      9D7       4E     13AE       0
                idataBANK0                          879      879       1E     10F2       0

TOTAL           Name                               Link     Load   Length     Space
        CLASS   STACK          

        CLASS   CODE           
                end_init                              0        0        3         0
                cinit                               7BC      7BC       44         0
                text23                              84A      84A       16         0
                text22                             17E2     17E2        E         0
                text21                             17C9     17C9        C         0
                text20                              932      932       33         0
                text19                             17F0     17F0       10         0
                text18                              826      826       11         0
                text17                              806      806       10         0
                text16                              897      897       21         0
                text15                              860      860       19         0
                text14                              99C      99C       3B         0
                text13                              965      965       37         0
                text12                               BC       BC       A2         0
                text11                              8DC      8DC       27         0
                text10                              45B      45B      361         0
                text9                               D68      D68      298         0
                text8                               8B8      8B8       24         0
                text7                                40       40       7C         0
                text6                               15E      15E      2FD         0
                text5                               A79      A79       5B         0
                text4                              17D5     17D5        D         0
                text3                               903      903       2F         0
                text2                               816      816       10         0
                text1                               B4E      B4E      21A         0
                maintext                            AD4      AD4       7A         0
                inittext                            837      837       13         0
                idataBANK3                          A25      A25       54         0
                idataBANK2                            3        3       3D         0
                idataBANK1                          9D7      9D7       4E         0
                idataBANK0                          879      879       1E         0

        CLASS   STRCODE        

        CLASS   STRING         

        CLASS   CONST          

        CLASS   ENTRY          

        CLASS   COMMON         
                cstackCOMMON                         70       70        E         1

        CLASS   BANK0          
                cstackBANK0                          20       20       28         1
                dataBANK0                            48       48       1E         1
                bssBANK0                             66       66        A         1

        CLASS   BANK1          
                dataBANK1                            A0       A0       4E         1

        CLASS   BANK2          
                dataBANK2                           110      110       3D         1

        CLASS   BANK3          
                dataBANK3                           190      190       54         1

        CLASS   RAM            

        CLASS   ABS1           
                abs_s1                               7E       7E        2         1

        CLASS   SFR0           

        CLASS   SFR1           

        CLASS   SFR2           

        CLASS   SFR3           

        CLASS   CONFIG         

        CLASS   IDLOC          

        CLASS   EEDATA         



SEGMENTS        Name                           Load    Length   Top    Selector   Space  Class     Delta

                reset_vec                      000000  000040  000040         0       0  CODE        2
                cstackBANK0                    000020  000050  000070        20       1  BANK0       1
                cstackCOMMON                   000070  00000E  00007E        70       1  COMMON      1
                text7                          000040  00007C  0000BC        80       0  CODE        2
                dataBANK1                      0000A0  00004E  0000EE        A0       1  BANK1       1
                dataBANK2                      000110  00003D  00014D       110       1  BANK2       1
                text12                         0000BC  0000A2  00015E       178       0  CODE        2
                dataBANK3                      000190  000054  0001E4       190       1  BANK3       1
                text6                          00015E  0002FD  00045B       2BC       0  CODE        2
                text10                         00045B  000361  0007BC       8B6       0  CODE        2
                cinit                          0007BC  000044  000800       F78       0  CODE        2
                text17                         000806  000010  000816      100C       0  CODE        2
                text2                          000816  000010  000826      102C       0  CODE        2
                text18                         000826  000011  000837      104C       0  CODE        2
                inittext                       000837  000013  00084A      106E       0  CODE        2
                text23                         00084A  000016  000860      1094       0  CODE        2
                text15                         000860  000019  000879      10C0       0  CODE        2
                idataBANK0                     000879  00001E  000897      10F2       0  CODE        2
                text16                         000897  000021  0008B8      112E       0  CODE        2
                text8                          0008B8  000024  0008DC      1170       0  CODE        2
                text11                         0008DC  000027  000903      11B8       0  CODE        2
                text3                          000903  00002F  000932      1206       0  CODE        2
                text20                         000932  000033  000965      1264       0  CODE        2
                text13                         000965  000037  00099C      12CA       0  CODE        2
                text14                         00099C  00003B  0009D7      1338       0  CODE        2
                idataBANK1                     0009D7  00004E  000A25      13AE       0  CODE        2
                idataBANK3                     000A25  000054  000A79      144A       0  CODE        2
                text5                          000A79  00005B  000AD4      14F2       0  CODE        2
                maintext                       000AD4  00007A  000B4E      15A8       0  CODE        2
                text1                          000B4E  00021A  000D68      169C       0  CODE        2
                text9                          000D68  000298  001000      1AD0       0  CODE        2
                text21                         0017C9  00000C  0017D5      2F92       0  CODE        2
                text4                          0017D5  00000D  0017E2      2FAA       0  CODE        2
                text22                         0017E2  00000E  0017F0      2FC4       0  CODE        2
                text19                         0017F0  000010  001800      2FE0       0  CODE        2


UNUSED ADDRESS RANGES

        Name                Unused          Largest block    Delta
        BANK1            00EE-00EF              2           1
        BANK2            014D-016F             23           1
        BANK3            01E4-01EF              C           1
        CODE             0800-0805              6           2
                         1000-17C8            7C9
                         1800-1FFF            800
        CONFIG           2007-2007              1           2
        CONST            0800-0805              6           2
                         1000-17C8            100
                         1800-1FFF            100
        EEDATA           2100-21FF            100           2
        ENTRY            0800-0805              6           2
                         1000-17C8            100
                         1800-1FFF            100
        IDLOC            2000-2003              4           2
        RAM              00EE-00EF              2           1
                         014D-016F             23
                         01E4-01EF              C
        SFR0             0000-001F             20           1
        SFR1             0080-009F             20           1
        SFR2             0100-010F             10           1
        SFR3             0180-018F             10           1
        STACK            014D-016F             23           1
        STRCODE          0800-0805              6           2
                         1000-17C8            7C9
                         1800-1FFF            800
        STRING           0800-0805              6           2
                         1000-17C8            100
                         1800-1FFF            100

                                  Symbol Table

?__Umul8_16               cstackCOMMON 0070
?___fladd                 cstackCOMMON 0070
?___flmul                 cstackBANK0  0020
?___flsub                 cstackBANK0  0028
?_leituraADC              cstackCOMMON 0070
?_strlen                  cstackCOMMON 0070
LCD_escreve@x             cstackCOMMON 0072
Linha2@i                  cstackCOMMON 0077
_ADCON0                   (abs)        001F
_ADCON1                   (abs)        009F
_ADRESH                   (abs)        001E
_ADRESL                   (abs)        009E
_GO_nDONE                 (abs)        00FA
_LCD_enable               text22       17E2
_LCD_escreve              text18       0826
_LCD_init                 text20       0932
_LCD_limpa                text19       17F0
_LCD_linha1               text2        0816
_LCD_linha2               text17       0806
_Linha2                   text14       099C
_PORTB                    (abs)        0006
_PORTD                    (abs)        0008
_PORTE                    (abs)        0009
_RA1                      (abs)        0029
_RA3                      (abs)        002B
_RA4                      (abs)        002C
_RA5                      (abs)        002D
_RB0                      (abs)        0030
_RB1                      (abs)        0031
_RB2                      (abs)        0032
_RB3                      (abs)        0033
_TRISA                    (abs)        0085
_TRISB                    (abs)        0086
_TRISD                    (abs)        0088
_TRISE                    (abs)        0089
__Habs1                   abs1         0000
__Hbank0                  bank0        0000
__Hbank1                  bank1        0000
__Hbank2                  bank2        0000
__Hbank3                  bank3        0000
__HbssBANK0               bssBANK0     0000
__Hcinit                  cinit        0800
__Hclrtext                clrtext      0000
__Hcode                   code         0000
__Hcommon                 common       0000
__HcstackBANK0            cstackBANK0  0000
__HcstackCOMMON           cstackCOMMON 0000
__HdataBANK0              dataBANK0    0000
__HdataBANK1              dataBANK1    0000
__HdataBANK2              dataBANK2    0000
__HdataBANK3              dataBANK3    0000
__Heeprom_data            eeprom_data  0000
__Hend_init               end_init     0003
__Hfunctab                functab      0000
__HidataBANK0             idataBANK0   0000
__HidataBANK1             idataBANK1   0000
__HidataBANK2             idataBANK2   0000
__HidataBANK3             idataBANK3   0000
__Hinit                   init         0000
__Hinittext               inittext     0000
__Hintentry               intentry     0000
__Hmaintext               maintext     0000
__Hpowerup                powerup      0000
__Hram                    ram          0000
__Hreset_vec              reset_vec    0000
__Hsfr0                   sfr0         0000
__Hsfr1                   sfr1         0000
__Hsfr2                   sfr2         0000
__Hsfr3                   sfr3         0000
__Hspace_0                (abs)        1800
__Hspace_1                (abs)        01E4
__Hspace_2                (abs)        0000
__Hspace_3                (abs)        0000
__Hstack                  stack        0000
__Hstrings                strings      0000
__Htext                   text         0000
__Labs1                   abs1         0000
__Lbank0                  bank0        0000
__Lbank1                  bank1        0000
__Lbank2                  bank2        0000
__Lbank3                  bank3        0000
__LbssBANK0               bssBANK0     0000
__Lcinit                  cinit        07BC
__Lclrtext                clrtext      0000
__Lcode                   code         0000
__Lcommon                 common       0000
__LcstackBANK0            cstackBANK0  0000
__LcstackCOMMON           cstackCOMMON 0000
__LdataBANK0              dataBANK0    0000
__LdataBANK1              dataBANK1    0000
__LdataBANK2              dataBANK2    0000
__LdataBANK3              dataBANK3    0000
__Leeprom_data            eeprom_data  0000
__Lend_init               end_init     0000
__Lfunctab                functab      0000
__LidataBANK0             idataBANK0   0000
__LidataBANK1             idataBANK1   0000
__LidataBANK2             idataBANK2   0000
__LidataBANK3             idataBANK3   0000
__Linit                   init         0000
__Linittext               inittext     0000
__Lintentry               intentry     0000
__Lmaintext               maintext     0000
__Lpowerup                powerup      0000
__Lram                    ram          0000
__Lreset_vec              reset_vec    0000
__Lsfr0                   sfr0         0000
__Lsfr1                   sfr1         0000
__Lsfr2                   sfr2         0000
__Lsfr3                   sfr3         0000
__Lspace_0                (abs)        0000
__Lspace_1                (abs)        0000
__Lspace_2                (abs)        0000
__Lspace_3                (abs)        0000
__Lstack                  stack        0000
__Lstrings                strings      0000
__Ltext                   text         0000
__S0                      (abs)        1800
__S1                      (abs)        01E4
__S2                      (abs)        0000
__S3                      (abs)        0000
__Umul8_16                text11       08DC
__Umul8_16@multiplicand   cstackCOMMON 0070
__Umul8_16@multiplier     cstackCOMMON 0078
__Umul8_16@product        cstackCOMMON 0074
__Umul8_16@word_mpld      cstackCOMMON 0076
___fladd                  text9        0D68
___fladd@a                cstackCOMMON 0074
___fladd@aexp             cstackCOMMON 0079
___fladd@b                cstackCOMMON 0070
___fladd@bexp             cstackCOMMON 007A
___fladd@grs              cstackCOMMON 007B
___fladd@signs            cstackCOMMON 0078
___flge                   text12       00BC
___flge@ff1               cstackCOMMON 0070
___flge@ff2               cstackCOMMON 0074
___flmul                  text10       045B
___flmul@a                cstackBANK0  0024
___flmul@aexp             cstackBANK0  002D
___flmul@b                cstackBANK0  0020
___flmul@bexp             cstackBANK0  002E
___flmul@grs              cstackBANK0  0029
___flmul@prod             cstackBANK0  002F
___flmul@sign             cstackBANK0  0028
___flmul@temp             cstackBANK0  0033
___flsub                  text8        08B8
___flsub@a                cstackBANK0  0028
___flsub@b                cstackBANK0  002C
___int_sp                 stack        0000
___latbits                (abs)        0002
___sp                     stack        0000
___stackhi                (abs)        0000
___stacklo                (abs)        0000
__end_of_LCD_enable       text22       17F0
__end_of_LCD_escreve      text18       0837
__end_of_LCD_init         text20       0965
__end_of_LCD_limpa        text19       1800
__end_of_LCD_linha1       text2        0826
__end_of_LCD_linha2       text17       0816
__end_of_Linha2           text14       09D7
__end_of__Umul8_16        text11       0903
__end_of___fladd          text9        1000
__end_of___flge           text12       015E
__end_of___flmul          text10       07BC
__end_of___flsub          text8        08DC
__end_of__initialization  cinit        07FC
__end_of_alteraSenhaUser  text5        0AD4
__end_of_delay            text23       0860
__end_of_escreveMesagem   text13       099C
__end_of_espacoLivre      text16       08B8
__end_of_inicioADC        text4        17E2
__end_of_init             text21       17D5
__end_of_leituraADC       text3        0932
__end_of_liga_buzzer      text7        00BC
__end_of_listaZonas       text1        0D68
__end_of_main             maintext     0B4E
__end_of_strlen           text15       0879
__end_of_teclado          text6        045B
__initialization          cinit        07BC
__pbssBANK0               bssBANK0     0066
__pcstackBANK0            cstackBANK0  0020
__pcstackCOMMON           cstackCOMMON 0070
__pdataBANK0              dataBANK0    0048
__pdataBANK1              dataBANK1    00A0
__pdataBANK2              dataBANK2    0110
__pdataBANK3              dataBANK3    0190
__pidataBANK0             idataBANK0   0879
__pidataBANK1             idataBANK1   09D7
__pidataBANK2             idataBANK2   0003
__pidataBANK3             idataBANK3   0A25
__pmaintext               maintext     0AD4
__ptext1                  text1        0B4E
__ptext10                 text10       045B
__ptext11                 text11       08DC
__ptext12                 text12       00BC
__ptext13                 text13       0965
__ptext14                 text14       099C
__ptext15                 text15       0860
__ptext16                 text16       0897
__ptext17                 text17       0806
__ptext18                 text18       0826
__ptext19                 text19       17F0
__ptext2                  text2        0816
__ptext20                 text20       0932
__ptext21                 text21       17C9
__ptext22                 text22       17E2
__ptext23                 text23       084A
__ptext3                  text3        0903
__ptext4                  text4        17D5
__ptext5                  text5        0A79
__ptext6                  text6        015E
__ptext7                  text7        0040
__ptext8                  text8        08B8
__ptext9                  text9        0D68
__size_of_LCD_enable      (abs)        0000
__size_of_LCD_escreve     (abs)        0000
__size_of_LCD_init        (abs)        0000
__size_of_LCD_limpa       (abs)        0000
__size_of_LCD_linha1      (abs)        0000
__size_of_LCD_linha2      (abs)        0000
__size_of_Linha2          (abs)        0000
__size_of__Umul8_16       (abs)        0000
__size_of___fladd         (abs)        0000
__size_of___flge          (abs)        0000
__size_of___flmul         (abs)        0000
__size_of___flsub         (abs)        0000
__size_of_alteraSenhaUser (abs)        0000
__size_of_delay           (abs)        0000
__size_of_escreveMesagem  (abs)        0000
__size_of_espacoLivre     (abs)        0000
__size_of_inicioADC       (abs)        0000
__size_of_init            (abs)        0000
__size_of_leituraADC      (abs)        0000
__size_of_liga_buzzer     (abs)        0000
__size_of_listaZonas      (abs)        0000
__size_of_main            (abs)        0000
__size_of_strlen          (abs)        0000
__size_of_teclado         (abs)        0000
_alteraSenhaUser          text5        0A79
_aux                      bssBANK0     0068
_delay                    text23       084A
_escreveMesagem           text13       0965
_espacoLivre              text16       0897
_inicioADC                text4        17D5
_init                     text21       17C9
_input                    dataBANK0    0053
_leituraADC               text3        0903
_liga_buzzer              text7        0040
_listaZonas               text1        0B4E
_main                     maintext     0AD4
_menu                     dataBANK0    004D
_msgDesativarZona         dataBANK2    0120
_msgDesativarZonaActive   dataBANK2    0110
_msgDigiteNovaSenha       dataBANK3    0190
_msgDigiteSenha           dataBANK1    00A5
_msgMascara               dataBANK0    0057
_msgReativar              dataBANK1    00E5
_msgReativarActive        dataBANK1    00DB
_msgSenhaCoacao           dataBANK1    00B4
_msgSenhaCoacaoActive     dataBANK3    01AC
_msgSenhaConfig           dataBANK1    00C1
_msgSenhaConfigActive     dataBANK3    01C8
_msgSenhaCorreta          dataBANK3    01D6
_msgSenhaDisparo          dataBANK3    019E
_msgSenhaDisparoActive    dataBANK2    012F
_msgSenhaErrada           dataBANK1    00CE
_msgSenhaUsuario          dataBANK3    01BA
_msgSenhaUsuarioActive    dataBANK2    013E
_opConfig                 bssBANK0     0066
_senhaUser                dataBANK0    0061
_senhaUserConfere         dataBANK0    005C
_strlen                   text15       0860
_teclado                  text6        015E
_userFalse                dataBANK0    004F
_valorSensor              bssBANK0     006E
alteraSenhaUser@i         cstackBANK0  0043
alteraSenhaUser@opConfig  cstackBANK0  003E
btemp                     (abs)        007E
delay@i                   cstackCOMMON 0070
end_of_initialization     cinit        07FC
escreveMesagem@i          cstackCOMMON 0078
escreveMesagem@texto      cstackCOMMON 0073
espacoLivre@i             cstackCOMMON 0073
init_fetch0               inittext     0837
init_ram0                 inittext     083B
intlevel0                 functab      0000
intlevel1                 functab      0000
intlevel2                 functab      0000
intlevel3                 functab      0000
intlevel4                 functab      0000
intlevel5                 functab      0000
leituraADC@canal          cstackCOMMON 0076
leituraADC@leitura        cstackCOMMON 0074
liga_buzzer@tempoSegundos cstackBANK0  0035
listaZonas@valorSensor    cstackBANK0  003B
reset_vec                 reset_vec    0000
start                     init         0000
start_initialization      cinit        07BC
strlen@cp                 cstackCOMMON 0073
strlen@s                  cstackCOMMON 0074
wtemp0                    (abs)        007E


MODULE INFORMATION

Module		Function		Class		Link	Load	Size
C:\Program Files\Microchip\xc8\v2.32\pic\sources\c90\common\sprcadd.c
		___flsub       		CODE           	08B8	0000	36
		___fladd       		CODE           	0D68	0000	664

C:\Program Files\Microchip\xc8\v2.32\pic\sources\c90\common\sprcadd.c estimated size: 700

C:\Program Files\Microchip\xc8\v2.32\pic\sources\c90\common\flge.c
		___flge        		CODE           	00BC	0000	162

C:\Program Files\Microchip\xc8\v2.32\pic\sources\c90\common\flge.c estimated size: 162

./lcd.h
		_init          		CODE           	17C9	0000	12
		_LCD_limpa     		CODE           	17F0	0000	16
		_delay         		CODE           	084A	0000	22
		_LCD_enable    		CODE           	17E2	0000	14
		_LCD_escreve   		CODE           	0826	0000	17
		_LCD_init      		CODE           	0932	0000	51
		_LCD_linha1    		CODE           	0816	0000	16
		_LCD_linha2    		CODE           	0806	0000	16

./lcd.h estimated size: 164

C:\Program Files\Microchip\xc8\v2.32\pic\sources\c90\common\Umul8_16.c
		__Umul8_16     		CODE           	08DC	0000	39

C:\Program Files\Microchip\xc8\v2.32\pic\sources\c90\common\Umul8_16.c estimated size: 39

C:\Program Files\Microchip\xc8\v2.32\pic\sources\c90\common\strlen.c
		_strlen        		CODE           	0860	0000	25

C:\Program Files\Microchip\xc8\v2.32\pic\sources\c90\common\strlen.c estimated size: 25

shared
		__initialization		CODE           	07BC	0000	64

shared estimated size: 64

C:\Program Files\Microchip\xc8\v2.32\pic\sources\c90\common\sprcmul.c
		___flmul       		CODE           	045B	0000	865

C:\Program Files\Microchip\xc8\v2.32\pic\sources\c90\common\sprcmul.c estimated size: 865

main.c
		_main          		CODE           	0AD4	0000	122
		_espacoLivre   		CODE           	0897	0000	33
		_escreveMesagem		CODE           	0965	0000	55
		_listaZonas    		CODE           	0B4E	0000	538
		_teclado       		CODE           	015E	0000	765
		_inicioADC     		CODE           	17D5	0000	13
		_Linha2        		CODE           	099C	0000	59
		_alteraSenhaUser		CODE           	0A79	0000	91
		_liga_buzzer   		CODE           	0040	0000	124
		_leituraADC    		CODE           	0903	0000	47

main.c estimated size: 1847

