Microchip MPLAB XC8 Compiler V2.32

Linker command line:

-W-3 --edf=C:\Program Files\Microchip\xc8\v2.32\pic\dat\en_msgs.txt -cn \
  -h+dist/default/production\CentralAlarme.X.production.sym \
  --cmf=dist/default/production\CentralAlarme.X.production.cmf -z -Q16F877A \
  -oC:\Users\joaog\AppData\Local\Temp\xcAs4bc.4 --defsym=__MPLAB_BUILD=1 \
  -Mdist/default/production/CentralAlarme.X.production.map -E1 \
  -ver=XC8 Compiler --acfsm=1493 -ASTACK=01E3h-01EFh -pstack=STACK \
  -ACODE=00h-07FFhx4 -ASTRCODE=00h-01FFFh -ASTRING=00h-0FFhx32 \
  -ACONST=00h-0FFhx32 -AENTRY=00h-0FFhx32 -ACOMMON=070h-07Fh \
  -ABANK0=020h-06Fh -ABANK1=0A0h-0EFh -ABANK2=0110h-016Fh \
  -ABANK3=0190h-01EFh -ARAM=020h-06Fh,0A0h-0EFh,0110h-016Fh,0190h-01EFh \
  -AABS1=020h-07Fh,0A0h-0EFh,0110h-016Fh,0190h-01EFh -ASFR0=00h-01Fh \
  -ASFR1=080h-09Fh -ASFR2=0100h-010Fh -ASFR3=0180h-018Fh \
  -ACONFIG=02007h-02007h -DCONFIG=2 -AIDLOC=02000h-02003h -DIDLOC=2 \
  -AEEDATA=00h-0FFh/02100h -peeprom_data=EEDATA -DEEDATA=2 -DCODE=2 \
  -DSTRCODE=2 -DSTRING=2 -DCONST=2 -DENTRY=2 \
  -preset_vec=00h,intentry,init,end_init -ppowerup=CODE -pcinit=CODE \
  -pfunctab=ENTRY -k C:\Users\joaog\AppData\Local\Temp\xcAs4bc.o \
  dist/default/production\CentralAlarme.X.production.o 

Object code version is 3.11

Machine type is 16F877A



                Name                               Link     Load   Length Selector   Space Scale
C:\Users\joaog\AppData\Local\Temp\xcAs4bc.o
                end_init                              0        0        3        0       0
dist/default/production\CentralAlarme.X.production.o
                cinit                               7BC      7BC       44      F78       0
                text24                              947      947       16     128E       0
                text23                              8E5      8E5        E     11CA       0
                text22                              8CC      8CC        C     1198       0
                text21                              9D6      9D6       33     13AC       0
                text20                              923      923       11     1246       0
                text19                              8F3      8F3       10     11E6       0
                text18                              991      991       21     1322       0
                text17                              95D      95D       19     12BA       0
                text16                              A40      A40       3B     1480       0
                text15                              C7C      C7C       70     18F8       0
                text14                               B6       B6       A2      16C       0
                text13                                8        8       27       10       0
                text12                              45B      45B      361      8B6       0
                text11                              D68      D68      298     1AD0       0
                text10                              9B2      9B2       24     1364       0
                text9                               CEC      CEC       7C     19D8       0
                text8                               158      158      303      2B0       0
                text7                               A7B      A7B       4B     14F6       0
                text6                               903      903       10     1206       0
                text5                               913      913       10     1226       0
                text4                               A09      A09       37     1412       0
                text3                                2F       2F       87       5E       0
                text2                               C13      C13       69     1826       0
                text1                               8D8      8D8        D     11B0       0
                maintext                            B15      B15       50     162A       0
                cstackBANK0                          20       20       27       20       1
                cstackCOMMON                         70       70        E       70       1
                inittext                            934      934       13     1268       0
                dataBANK2                           110      110       5B      110       1
                dataBANK3                           190      190       53      190       1
                dataBANK1                            A0       A0       4F       A0       1
                dataBANK0                            47       47       1B       20       1
                bssBANK0                             62       62        A       20       1
                idataBANK3                          B65      B65       53     16CA       0
                idataBANK2                          BB8      BB8       5B     1770       0
                idataBANK1                          AC6      AC6       4F     158C       0
                idataBANK0                          976      976       1B     12EC       0

TOTAL           Name                               Link     Load   Length     Space
        CLASS   STACK          

        CLASS   CODE           
                end_init                              0        0        3         0
                cinit                               7BC      7BC       44         0
                text24                              947      947       16         0
                text23                              8E5      8E5        E         0
                text22                              8CC      8CC        C         0
                text21                              9D6      9D6       33         0
                text20                              923      923       11         0
                text19                              8F3      8F3       10         0
                text18                              991      991       21         0
                text17                              95D      95D       19         0
                text16                              A40      A40       3B         0
                text15                              C7C      C7C       70         0
                text14                               B6       B6       A2         0
                text13                                8        8       27         0
                text12                              45B      45B      361         0
                text11                              D68      D68      298         0
                text10                              9B2      9B2       24         0
                text9                               CEC      CEC       7C         0
                text8                               158      158      303         0
                text7                               A7B      A7B       4B         0
                text6                               903      903       10         0
                text5                               913      913       10         0
                text4                               A09      A09       37         0
                text3                                2F       2F       87         0
                text2                               C13      C13       69         0
                text1                               8D8      8D8        D         0
                maintext                            B15      B15       50         0
                inittext                            934      934       13         0
                idataBANK3                          B65      B65       53         0
                idataBANK2                          BB8      BB8       5B         0
                idataBANK1                          AC6      AC6       4F         0
                idataBANK0                          976      976       1B         0

        CLASS   STRCODE        

        CLASS   STRING         

        CLASS   CONST          

        CLASS   ENTRY          

        CLASS   COMMON         
                cstackCOMMON                         70       70        E         1

        CLASS   BANK0          
                cstackBANK0                          20       20       27         1
                dataBANK0                            47       47       1B         1
                bssBANK0                             62       62        A         1

        CLASS   BANK1          
                dataBANK1                            A0       A0       4F         1

        CLASS   BANK2          
                dataBANK2                           110      110       5B         1

        CLASS   BANK3          
                dataBANK3                           190      190       53         1

        CLASS   RAM            

        CLASS   ABS1           
                abs_s1                               7E       7E        2         1

        CLASS   SFR0           

        CLASS   SFR1           

        CLASS   SFR2           

        CLASS   SFR3           

        CLASS   CONFIG         

        CLASS   IDLOC          

        CLASS   EEDATA         



SEGMENTS        Name                           Load    Length   Top    Selector   Space  Class     Delta

                reset_vec                      000000  000003  000003         0       0  CODE        2
                text13                         000008  000027  00002F        10       0  CODE        2
                cstackBANK0                    000020  00004C  00006C        20       1  BANK0       1
                text3                          00002F  000087  0000B6        5E       0  CODE        2
                cstackCOMMON                   000070  00000E  00007E        70       1  COMMON      1
                dataBANK1                      0000A0  00004F  0000EF        A0       1  BANK1       1
                dataBANK2                      000110  00005B  00016B       110       1  BANK2       1
                text14                         0000B6  0000A2  000158       16C       0  CODE        2
                dataBANK3                      000190  000053  0001E3       190       1  BANK3       1
                text8                          000158  000303  00045B       2B0       0  CODE        2
                text12                         00045B  000361  0007BC       8B6       0  CODE        2
                cinit                          0007BC  000044  000800       F78       0  CODE        2
                text22                         0008CC  00000C  0008D8      1198       0  CODE        2
                text1                          0008D8  00000D  0008E5      11B0       0  CODE        2
                text23                         0008E5  00000E  0008F3      11CA       0  CODE        2
                text19                         0008F3  000010  000903      11E6       0  CODE        2
                text6                          000903  000010  000913      1206       0  CODE        2
                text5                          000913  000010  000923      1226       0  CODE        2
                text20                         000923  000011  000934      1246       0  CODE        2
                inittext                       000934  000013  000947      1268       0  CODE        2
                text24                         000947  000016  00095D      128E       0  CODE        2
                text17                         00095D  000019  000976      12BA       0  CODE        2
                idataBANK0                     000976  00001B  000991      12EC       0  CODE        2
                text18                         000991  000021  0009B2      1322       0  CODE        2
                text10                         0009B2  000024  0009D6      1364       0  CODE        2
                text21                         0009D6  000033  000A09      13AC       0  CODE        2
                text4                          000A09  000037  000A40      1412       0  CODE        2
                text16                         000A40  00003B  000A7B      1480       0  CODE        2
                text7                          000A7B  00004B  000AC6      14F6       0  CODE        2
                idataBANK1                     000AC6  00004F  000B15      158C       0  CODE        2
                maintext                       000B15  000050  000B65      162A       0  CODE        2
                idataBANK3                     000B65  000053  000BB8      16CA       0  CODE        2
                idataBANK2                     000BB8  00005B  000C13      1770       0  CODE        2
                text2                          000C13  000069  000C7C      1826       0  CODE        2
                text15                         000C7C  000070  000CEC      18F8       0  CODE        2
                text9                          000CEC  00007C  000D68      19D8       0  CODE        2
                text11                         000D68  000298  001000      1AD0       0  CODE        2


UNUSED ADDRESS RANGES

        Name                Unused          Largest block    Delta
        BANK0            006C-006F              4           1
        BANK1            00EF-00EF              1           1
        BANK2            016B-016F              5           1
        BANK3            01E3-01EF              D           1
        CODE             0003-0007              5           2
                         0800-08CB             CC
                         1000-1FFF            800
        CONFIG           2007-2007              1           2
        CONST            0003-0007              5           2
                         0800-08CB             CC
                         1000-1FFF            100
        EEDATA           2100-21FF            100           2
        ENTRY            0003-0007              5           2
                         0800-08CB             CC
                         1000-1FFF            100
        IDLOC            2000-2003              4           2
        RAM              006C-006F              4           1
                         00EF-00EF              1
                         016B-016F              5
                         01E3-01EF              D
        SFR0             0000-001F             20           1
        SFR1             0080-009F             20           1
        SFR2             0100-010F             10           1
        SFR3             0180-018F             10           1
        STACK            01E3-01EF              D           1
        STRCODE          0003-0007              5           2
                         0800-08CB             CC
                         1000-1FFF           1000
        STRING           0003-0007              5           2
                         0800-08CB             CC
                         1000-1FFF            100

                                  Symbol Table

?__Umul8_16               cstackCOMMON 0070
?___fladd                 cstackCOMMON 0070
?___flmul                 cstackBANK0  0020
?___flsub                 cstackBANK0  0028
?_strlen                  cstackCOMMON 0070
?_valida_senha            cstackCOMMON 007A
LCD_escreve@x             cstackCOMMON 0072
Linha2@i                  cstackCOMMON 0077
_ADCON0                   (abs)        001F
_ADCON1                   (abs)        009F
_ADRESH                   (abs)        001E
_ADRESL                   (abs)        009E
_GO_nDONE                 (abs)        00FA
_LCD_enable               text23       08E5
_LCD_escreve              text20       0923
_LCD_init                 text21       09D6
_LCD_limpa                text6        0903
_LCD_linha1               text5        0913
_LCD_linha2               text19       08F3
_Linha2                   text16       0A40
_PORTB                    (abs)        0006
_PORTD                    (abs)        0008
_PORTE                    (abs)        0009
_RA1                      (abs)        0029
_RA3                      (abs)        002B
_RA4                      (abs)        002C
_RA5                      (abs)        002D
_RB0                      (abs)        0030
_RB1                      (abs)        0031
_RB2                      (abs)        0032
_RB3                      (abs)        0033
_TRISA                    (abs)        0085
_TRISB                    (abs)        0086
_TRISD                    (abs)        0088
_TRISE                    (abs)        0089
__Habs1                   abs1         0000
__Hbank0                  bank0        0000
__Hbank1                  bank1        0000
__Hbank2                  bank2        0000
__Hbank3                  bank3        0000
__HbssBANK0               bssBANK0     0000
__Hcinit                  cinit        0800
__Hclrtext                clrtext      0000
__Hcode                   code         0000
__Hcommon                 common       0000
__HcstackBANK0            cstackBANK0  0000
__HcstackCOMMON           cstackCOMMON 0000
__HdataBANK0              dataBANK0    0000
__HdataBANK1              dataBANK1    0000
__HdataBANK2              dataBANK2    0000
__HdataBANK3              dataBANK3    0000
__Heeprom_data            eeprom_data  0000
__Hend_init               end_init     0003
__Hfunctab                functab      0000
__HidataBANK0             idataBANK0   0000
__HidataBANK1             idataBANK1   0000
__HidataBANK2             idataBANK2   0000
__HidataBANK3             idataBANK3   0000
__Hinit                   init         0000
__Hinittext               inittext     0000
__Hintentry               intentry     0000
__Hmaintext               maintext     0000
__Hpowerup                powerup      0000
__Hram                    ram          0000
__Hreset_vec              reset_vec    0000
__Hsfr0                   sfr0         0000
__Hsfr1                   sfr1         0000
__Hsfr2                   sfr2         0000
__Hsfr3                   sfr3         0000
__Hspace_0                (abs)        1000
__Hspace_1                (abs)        01E3
__Hspace_2                (abs)        0000
__Hspace_3                (abs)        0000
__Hstack                  stack        0000
__Hstrings                strings      0000
__Htext                   text         0000
__Labs1                   abs1         0000
__Lbank0                  bank0        0000
__Lbank1                  bank1        0000
__Lbank2                  bank2        0000
__Lbank3                  bank3        0000
__LbssBANK0               bssBANK0     0000
__Lcinit                  cinit        07BC
__Lclrtext                clrtext      0000
__Lcode                   code         0000
__Lcommon                 common       0000
__LcstackBANK0            cstackBANK0  0000
__LcstackCOMMON           cstackCOMMON 0000
__LdataBANK0              dataBANK0    0000
__LdataBANK1              dataBANK1    0000
__LdataBANK2              dataBANK2    0000
__LdataBANK3              dataBANK3    0000
__Leeprom_data            eeprom_data  0000
__Lend_init               end_init     0000
__Lfunctab                functab      0000
__LidataBANK0             idataBANK0   0000
__LidataBANK1             idataBANK1   0000
__LidataBANK2             idataBANK2   0000
__LidataBANK3             idataBANK3   0000
__Linit                   init         0000
__Linittext               inittext     0000
__Lintentry               intentry     0000
__Lmaintext               maintext     0000
__Lpowerup                powerup      0000
__Lram                    ram          0000
__Lreset_vec              reset_vec    0000
__Lsfr0                   sfr0         0000
__Lsfr1                   sfr1         0000
__Lsfr2                   sfr2         0000
__Lsfr3                   sfr3         0000
__Lspace_0                (abs)        0000
__Lspace_1                (abs)        0000
__Lspace_2                (abs)        0000
__Lspace_3                (abs)        0000
__Lstack                  stack        0000
__Lstrings                strings      0000
__Ltext                   text         0000
__S0                      (abs)        1000
__S1                      (abs)        01E3
__S2                      (abs)        0000
__S3                      (abs)        0000
__Umul8_16                text13       0008
__Umul8_16@multiplicand   cstackCOMMON 0070
__Umul8_16@multiplier     cstackCOMMON 0078
__Umul8_16@product        cstackCOMMON 0074
__Umul8_16@word_mpld      cstackCOMMON 0076
___fladd                  text11       0D68
___fladd@a                cstackCOMMON 0074
___fladd@aexp             cstackCOMMON 0079
___fladd@b                cstackCOMMON 0070
___fladd@bexp             cstackCOMMON 007A
___fladd@grs              cstackCOMMON 007B
___fladd@signs            cstackCOMMON 0078
___flge                   text14       00B6
___flge@ff1               cstackCOMMON 0070
___flge@ff2               cstackCOMMON 0074
___flmul                  text12       045B
___flmul@a                cstackBANK0  0024
___flmul@aexp             cstackBANK0  002D
___flmul@b                cstackBANK0  0020
___flmul@bexp             cstackBANK0  002E
___flmul@grs              cstackBANK0  0029
___flmul@prod             cstackBANK0  002F
___flmul@sign             cstackBANK0  0028
___flmul@temp             cstackBANK0  0033
___flsub                  text10       09B2
___flsub@a                cstackBANK0  0028
___flsub@b                cstackBANK0  002C
___int_sp                 stack        0000
___latbits                (abs)        0002
___sp                     stack        0000
___stackhi                (abs)        0000
___stacklo                (abs)        0000
__end_of_LCD_enable       text23       08F3
__end_of_LCD_escreve      text20       0934
__end_of_LCD_init         text21       0A09
__end_of_LCD_limpa        text6        0913
__end_of_LCD_linha1       text5        0923
__end_of_LCD_linha2       text19       0903
__end_of_Linha2           text16       0A7B
__end_of__Umul8_16        text13       002F
__end_of___fladd          text11       1000
__end_of___flge           text14       0158
__end_of___flmul          text12       07BC
__end_of___flsub          text10       09D6
__end_of__initialization  cinit        07FC
__end_of_alteraSenhaUser  text2        0C7C
__end_of_confereTeclado   text15       0CEC
__end_of_delay            text24       095D
__end_of_escreveMesagem   text4        0A40
__end_of_espacoLivre      text18       09B2
__end_of_inicioADC        text1        08E5
__end_of_init             text22       08D8
__end_of_inputSenhaAlter  text7        0AC6
__end_of_liga_buzzer      text9        0D68
__end_of_main             maintext     0B65
__end_of_strlen           text17       0976
__end_of_teclado          text8        045B
__end_of_valida_senha     text3        00B6
__initialization          cinit        07BC
__pbssBANK0               bssBANK0     0062
__pcstackBANK0            cstackBANK0  0020
__pcstackCOMMON           cstackCOMMON 0070
__pdataBANK0              dataBANK0    0047
__pdataBANK1              dataBANK1    00A0
__pdataBANK2              dataBANK2    0110
__pdataBANK3              dataBANK3    0190
__pidataBANK0             idataBANK0   0976
__pidataBANK1             idataBANK1   0AC6
__pidataBANK2             idataBANK2   0BB8
__pidataBANK3             idataBANK3   0B65
__pmaintext               maintext     0B15
__ptext1                  text1        08D8
__ptext10                 text10       09B2
__ptext11                 text11       0D68
__ptext12                 text12       045B
__ptext13                 text13       0008
__ptext14                 text14       00B6
__ptext15                 text15       0C7C
__ptext16                 text16       0A40
__ptext17                 text17       095D
__ptext18                 text18       0991
__ptext19                 text19       08F3
__ptext2                  text2        0C13
__ptext20                 text20       0923
__ptext21                 text21       09D6
__ptext22                 text22       08CC
__ptext23                 text23       08E5
__ptext24                 text24       0947
__ptext3                  text3        002F
__ptext4                  text4        0A09
__ptext5                  text5        0913
__ptext6                  text6        0903
__ptext7                  text7        0A7B
__ptext8                  text8        0158
__ptext9                  text9        0CEC
__size_of_LCD_enable      (abs)        0000
__size_of_LCD_escreve     (abs)        0000
__size_of_LCD_init        (abs)        0000
__size_of_LCD_limpa       (abs)        0000
__size_of_LCD_linha1      (abs)        0000
__size_of_LCD_linha2      (abs)        0000
__size_of_Linha2          (abs)        0000
__size_of__Umul8_16       (abs)        0000
__size_of___fladd         (abs)        0000
__size_of___flge          (abs)        0000
__size_of___flmul         (abs)        0000
__size_of___flsub         (abs)        0000
__size_of_alteraSenhaUser (abs)        0000
__size_of_confereTeclado  (abs)        0000
__size_of_delay           (abs)        0000
__size_of_escreveMesagem  (abs)        0000
__size_of_espacoLivre     (abs)        0000
__size_of_inicioADC       (abs)        0000
__size_of_init            (abs)        0000
__size_of_inputSenhaAlter (abs)        0000
__size_of_liga_buzzer     (abs)        0000
__size_of_main            (abs)        0000
__size_of_strlen          (abs)        0000
__size_of_teclado         (abs)        0000
__size_of_valida_senha    (abs)        0000
_alteraSenhaUser          text2        0C13
_aux                      bssBANK0     0068
_confereTeclado           text15       0C7C
_delay                    text24       0947
_escreveMesagem           text4        0A09
_espacoLivre              text18       0991
_inicioADC                text1        08D8
_init                     text22       08CC
_input                    dataBANK0    0051
_inputSenhaAlter          text7        0A7B
_liga_buzzer              text9        0CEC
_main                     maintext     0B15
_menu                     dataBANK0    004B
_msgAceitoOuNego          dataBANK1    00D8
_msgDesativarZona         dataBANK2    0130
_msgDesativarZonaActive   dataBANK2    0120
_msgDigiteNovaSenha       dataBANK2    015D
_msgDigiteSenha           dataBANK1    00A5
_msgMascara               dataBANK1    00EA
_msgReativar              dataBANK1    00E1
_msgReativarActive        dataBANK1    00CE
_msgSenhaCoacao           dataBANK3    01D6
_msgSenhaCoacaoActive     dataBANK3    019E
_msgSenhaConfig           dataBANK1    00B4
_msgSenhaConfigActive     dataBANK3    01BA
_msgSenhaCorreta          dataBANK3    01C8
_msgSenhaDisparo          dataBANK3    0190
_msgSenhaDisparoActive    dataBANK2    013F
_msgSenhaErrada           dataBANK1    00C1
_msgSenhaUsuario          dataBANK3    01AC
_msgSenhaUsuarioActive    dataBANK2    014E
_msgValidaSenha           dataBANK2    0110
_opConfig                 bssBANK0     0066
_senhaConfig              dataBANK0    0053
_senhaUser                dataBANK0    005D
_senhaUserConfere         dataBANK0    0058
_strlen                   text17       095D
_teclado                  text8        0158
_userFalse                dataBANK0    004D
_validaSenha              bssBANK0     006A
_valida_senha             text3        002F
alteraSenhaUser@opConfig  cstackBANK0  0042
btemp                     (abs)        007E
confereTeclado@numero     cstackCOMMON 0070
delay@i                   cstackCOMMON 0070
end_of_initialization     cinit        07FC
escreveMesagem@i          cstackCOMMON 0078
escreveMesagem@texto      cstackCOMMON 0073
espacoLivre@i             cstackCOMMON 0073
init_fetch0               inittext     0934
init_ram0                 inittext     0938
inputSenhaAlter@i         cstackBANK0  0040
intlevel0                 functab      0000
intlevel1                 functab      0000
intlevel2                 functab      0000
intlevel3                 functab      0000
intlevel4                 functab      0000
intlevel5                 functab      0000
liga_buzzer@tempoSegundos cstackBANK0  0035
reset_vec                 reset_vec    0000
start                     init         0000
start_initialization      cinit        07BC
strlen@cp                 cstackCOMMON 0073
strlen@s                  cstackCOMMON 0074
valida_senha@aceito       cstackBANK0  0024
valida_senha@texto        cstackBANK0  0023
wtemp0                    (abs)        007E


MODULE INFORMATION

Module		Function		Class		Link	Load	Size
C:\Program Files\Microchip\xc8\v2.32\pic\sources\c90\common\sprcadd.c
		___flsub       		CODE           	09B2	0000	36
		___fladd       		CODE           	0D68	0000	664

C:\Program Files\Microchip\xc8\v2.32\pic\sources\c90\common\sprcadd.c estimated size: 700

C:\Program Files\Microchip\xc8\v2.32\pic\sources\c90\common\flge.c
		___flge        		CODE           	00B6	0000	162

C:\Program Files\Microchip\xc8\v2.32\pic\sources\c90\common\flge.c estimated size: 162

./lcd.h
		_init          		CODE           	08CC	0000	12
		_LCD_limpa     		CODE           	0903	0000	16
		_delay         		CODE           	0947	0000	22
		_LCD_enable    		CODE           	08E5	0000	14
		_LCD_escreve   		CODE           	0923	0000	17
		_LCD_init      		CODE           	09D6	0000	51
		_LCD_linha1    		CODE           	0913	0000	16
		_LCD_linha2    		CODE           	08F3	0000	16

./lcd.h estimated size: 164

C:\Program Files\Microchip\xc8\v2.32\pic\sources\c90\common\Umul8_16.c
		__Umul8_16     		CODE           	0008	0000	39

C:\Program Files\Microchip\xc8\v2.32\pic\sources\c90\common\Umul8_16.c estimated size: 39

C:\Program Files\Microchip\xc8\v2.32\pic\sources\c90\common\strlen.c
		_strlen        		CODE           	095D	0000	25

C:\Program Files\Microchip\xc8\v2.32\pic\sources\c90\common\strlen.c estimated size: 25

shared
		__initialization		CODE           	07BC	0000	64

shared estimated size: 64

C:\Program Files\Microchip\xc8\v2.32\pic\sources\c90\common\sprcmul.c
		___flmul       		CODE           	045B	0000	865

C:\Program Files\Microchip\xc8\v2.32\pic\sources\c90\common\sprcmul.c estimated size: 865

main.c
		_inputSenhaAlter		CODE           	0A7B	0000	75
		_valida_senha  		CODE           	002F	0000	135
		_main          		CODE           	0B15	0000	80
		_espacoLivre   		CODE           	0991	0000	33
		_confereTeclado		CODE           	0C7C	0000	112
		_escreveMesagem		CODE           	0A09	0000	55
		_teclado       		CODE           	0158	0000	771
		_inicioADC     		CODE           	08D8	0000	13
		_Linha2        		CODE           	0A40	0000	59
		_alteraSenhaUser		CODE           	0C13	0000	105
		_liga_buzzer   		CODE           	0CEC	0000	124

main.c estimated size: 1562

