Microchip MPLAB XC8 Compiler V2.32

Linker command line:

-W-3 --edf=C:\Program Files\Microchip\xc8\v2.32\pic\dat\en_msgs.txt -cn \
  -h+dist/default/production\CentralAlarme.X.production.sym \
  --cmf=dist/default/production\CentralAlarme.X.production.cmf -z -Q16F877A \
  -oC:\Users\joaog\AppData\Local\Temp\xcAs28s.4 --defsym=__MPLAB_BUILD=1 \
  -Mdist/default/production/CentralAlarme.X.production.map -E1 \
  -ver=XC8 Compiler --acfsm=1493 -ASTACK=0110h-016Fh -pstack=STACK \
  -ACODE=00h-07FFhx4 -ASTRCODE=00h-01FFFh -ASTRING=00h-0FFhx32 \
  -ACONST=00h-0FFhx32 -AENTRY=00h-0FFhx32 -ACOMMON=070h-07Fh \
  -ABANK0=020h-06Fh -ABANK1=0A0h-0EFh -ABANK2=0110h-016Fh \
  -ABANK3=0190h-01EFh -ARAM=020h-06Fh,0A0h-0EFh,0110h-016Fh,0190h-01EFh \
  -AABS1=020h-07Fh,0A0h-0EFh,0110h-016Fh,0190h-01EFh -ASFR0=00h-01Fh \
  -ASFR1=080h-09Fh -ASFR2=0100h-010Fh -ASFR3=0180h-018Fh \
  -ACONFIG=02007h-02007h -DCONFIG=2 -AIDLOC=02000h-02003h -DIDLOC=2 \
  -AEEDATA=00h-0FFh/02100h -peeprom_data=EEDATA -DEEDATA=2 -DCODE=2 \
  -DSTRCODE=2 -DSTRING=2 -DCONST=2 -DENTRY=2 \
  -preset_vec=00h,intentry,init,end_init -ppowerup=CODE -pcinit=CODE \
  -pfunctab=ENTRY -k C:\Users\joaog\AppData\Local\Temp\xcAs28s.o \
  dist/default/production\CentralAlarme.X.production.o 

Object code version is 3.11

Machine type is 16F877A



                Name                               Link     Load   Length Selector   Space Scale
C:\Users\joaog\AppData\Local\Temp\xcAs28s.o
                end_init                              0        0        3        0       0
dist/default/production\CentralAlarme.X.production.o
                cinit                               7D9      7D9       27      FB2       0
                text23                              A10      A10       16     1420       0
                text22                              98F      98F        E     131E       0
                text21                              983      983        C     1306       0
                text20                              B29      B29       33     1652       0
                text19                              9AC      9AC       10     1358       0
                text18                              9EC      9EC       11     13D8       0
                text17                              9BC      9BC       10     1378       0
                text16                              AA8      AA8       2A     1550       0
                text15                              A26      A26       19     144C       0
                text14                              B5C      B5C       3B     16B8       0
                text13                              9CC      9CC       10     1398       0
                text12                                6        6       3D        C       0
                text11                              AFC      AFC       2D     15F8       0
                text10                              AD2      AD2       2A     15A4       0
                text9                               A3F      A3F       1E     147E       0
                text8                                BF       BF       A2      17E       0
                text7                               A81      A81       27     1502       0
                text6                               478      478      361      8F0       0
                text5                               D68      D68      298     1AD0       0
                text4                               A5D      A5D       24     14BA       0
                text3                                43       43       7C       86       0
                text2                               161      161      317      2C2       0
                text1                               BF2      BF2      176     17E4       0
                maintext                            B97      B97       5B     172E       0
                cstackBANK0                          20       20       25       20       1
                cstackCOMMON                         70       70        E       70       1
                clrtext                             97B      97B        8     12F6       0
                inittext                            9FD      9FD       13     13FA       0
                dataBANK1                            A0       A0        F       A0       1
                dataBANK0                            57       57       10       20       1
                bssBANK0                             45       45       12       20       1
                strings                             800      800       1A     1000       0
                idataBANK1                          99D      99D        F     133A       0
                idataBANK0                          9DC      9DC       10     13B8       0

TOTAL           Name                               Link     Load   Length     Space
        CLASS   STACK          

        CLASS   CODE           
                end_init                              0        0        3         0
                cinit                               7D9      7D9       27         0
                text23                              A10      A10       16         0
                text22                              98F      98F        E         0
                text21                              983      983        C         0
                text20                              B29      B29       33         0
                text19                              9AC      9AC       10         0
                text18                              9EC      9EC       11         0
                text17                              9BC      9BC       10         0
                text16                              AA8      AA8       2A         0
                text15                              A26      A26       19         0
                text14                              B5C      B5C       3B         0
                text13                              9CC      9CC       10         0
                text12                                6        6       3D         0
                text11                              AFC      AFC       2D         0
                text10                              AD2      AD2       2A         0
                text9                               A3F      A3F       1E         0
                text8                                BF       BF       A2         0
                text7                               A81      A81       27         0
                text6                               478      478      361         0
                text5                               D68      D68      298         0
                text4                               A5D      A5D       24         0
                text3                                43       43       7C         0
                text2                               161      161      317         0
                text1                               BF2      BF2      176         0
                maintext                            B97      B97       5B         0
                clrtext                             97B      97B        8         0
                inittext                            9FD      9FD       13         0
                idataBANK1                          99D      99D        F         0
                idataBANK0                          9DC      9DC       10         0

        CLASS   STRCODE        

        CLASS   STRING         
                strings                             800      800       1A         0

        CLASS   CONST          

        CLASS   ENTRY          

        CLASS   COMMON         
                cstackCOMMON                         70       70        E         1

        CLASS   BANK0          
                cstackBANK0                          20       20       25         1
                dataBANK0                            57       57       10         1
                bssBANK0                             45       45       12         1

        CLASS   BANK1          
                dataBANK1                            A0       A0        F         1

        CLASS   BANK2          

        CLASS   BANK3          

        CLASS   RAM            

        CLASS   ABS1           
                abs_s1                               7E       7E        2         1

        CLASS   SFR0           

        CLASS   SFR1           

        CLASS   SFR2           

        CLASS   SFR3           

        CLASS   CONFIG         

        CLASS   IDLOC          

        CLASS   EEDATA         



SEGMENTS        Name                           Load    Length   Top    Selector   Space  Class     Delta

                reset_vec                      000000  000003  000003         0       0  CODE        2
                text12                         000006  00003D  000043         C       0  CODE        2
                cstackBANK0                    000020  000047  000067        20       1  BANK0       1
                cstackCOMMON                   000070  00000E  00007E        70       1  COMMON      1
                text3                          000043  00007C  0000BF        86       0  CODE        2
                dataBANK1                      0000A0  00000F  0000AF        A0       1  BANK1       1
                text8                          0000BF  0000A2  000161       17E       0  CODE        2
                text2                          000161  000317  000478       2C2       0  CODE        2
                text6                          000478  000361  0007D9       8F0       0  CODE        2
                cinit                          0007D9  000027  000800       FB2       0  CODE        2
                strings                        000800  00001A  00081A      1000       0  STRING      2
                clrtext                        00097B  000008  000983      12F6       0  CODE        2
                text21                         000983  00000C  00098F      1306       0  CODE        2
                text22                         00098F  00000E  00099D      131E       0  CODE        2
                idataBANK1                     00099D  00000F  0009AC      133A       0  CODE        2
                text19                         0009AC  000010  0009BC      1358       0  CODE        2
                text17                         0009BC  000010  0009CC      1378       0  CODE        2
                text13                         0009CC  000010  0009DC      1398       0  CODE        2
                idataBANK0                     0009DC  000010  0009EC      13B8       0  CODE        2
                text18                         0009EC  000011  0009FD      13D8       0  CODE        2
                inittext                       0009FD  000013  000A10      13FA       0  CODE        2
                text23                         000A10  000016  000A26      1420       0  CODE        2
                text15                         000A26  000019  000A3F      144C       0  CODE        2
                text9                          000A3F  00001E  000A5D      147E       0  CODE        2
                text4                          000A5D  000024  000A81      14BA       0  CODE        2
                text7                          000A81  000027  000AA8      1502       0  CODE        2
                text16                         000AA8  00002A  000AD2      1550       0  CODE        2
                text10                         000AD2  00002A  000AFC      15A4       0  CODE        2
                text11                         000AFC  00002D  000B29      15F8       0  CODE        2
                text20                         000B29  000033  000B5C      1652       0  CODE        2
                text14                         000B5C  00003B  000B97      16B8       0  CODE        2
                maintext                       000B97  00005B  000BF2      172E       0  CODE        2
                text1                          000BF2  000176  000D68      17E4       0  CODE        2
                text5                          000D68  000298  001000      1AD0       0  CODE        2


UNUSED ADDRESS RANGES

        Name                Unused          Largest block    Delta
        BANK0            0067-006F              9           1
        BANK1            00AF-00EF             41           1
        BANK2            0110-016F             60           1
        BANK3            0190-01EF             60           1
        CODE             0003-0005              3           2
                         081A-097A            161
                         1000-1FFF            800
        CONFIG           2007-2007              1           2
        CONST            0003-0005              3           2
                         081A-097A             E6
                         1000-1FFF            100
        EEDATA           2100-21FF            100           2
        ENTRY            0003-0005              3           2
                         081A-097A             E6
                         1000-1FFF            100
        IDLOC            2000-2003              4           2
        RAM              0067-006F              9           1
                         00AF-00EF             41
                         0110-016F             60
                         0190-01EF             60
        SFR0             0000-001F             20           1
        SFR1             0080-009F             20           1
        SFR2             0100-010F             10           1
        SFR3             0180-018F             10           1
        STACK            0110-016F             60           1
        STRCODE          0003-0005              3           2
                         081A-097A            161
                         1000-1FFF           1000
        STRING           0003-0005              3           2
                         081A-097A             E6
                         1000-1FFF            100

                                  Symbol Table

?__Umul8_16               cstackCOMMON 0070
?___fladd                 cstackCOMMON 0070
?___flmul                 cstackBANK0  0020
?___flsub                 cstackBANK0  0028
?_strcmp                  cstackCOMMON 0070
?_strlen                  cstackCOMMON 0070
LCD_escreve@x             cstackCOMMON 0072
Linha2@i                  cstackCOMMON 0077
_ADCON1                   (abs)        009F
_LCD_enable               text22       098F
_LCD_escreve              text18       09EC
_LCD_init                 text20       0B29
_LCD_limpa                text19       09AC
_LCD_linha1               text13       09CC
_LCD_linha2               text17       09BC
_Linha2                   text14       0B5C
_PORTB                    (abs)        0006
_PORTD                    (abs)        0008
_PORTE                    (abs)        0009
_RA1                      (abs)        0029
_RA3                      (abs)        002B
_RA4                      (abs)        002C
_RA5                      (abs)        002D
_RB0                      (abs)        0030
_RB1                      (abs)        0031
_RB2                      (abs)        0032
_RB3                      (abs)        0033
_TRISA                    (abs)        0085
_TRISB                    (abs)        0086
_TRISD                    (abs)        0088
_TRISE                    (abs)        0089
__Habs1                   abs1         0000
__Hbank0                  bank0        0000
__Hbank1                  bank1        0000
__Hbank2                  bank2        0000
__Hbank3                  bank3        0000
__HbssBANK0               bssBANK0     0000
__Hcinit                  cinit        0800
__Hclrtext                clrtext      0000
__Hcode                   code         0000
__Hcommon                 common       0000
__HcstackBANK0            cstackBANK0  0000
__HcstackCOMMON           cstackCOMMON 0000
__HdataBANK0              dataBANK0    0000
__HdataBANK1              dataBANK1    0000
__Heeprom_data            eeprom_data  0000
__Hend_init               end_init     0003
__Hfunctab                functab      0000
__HidataBANK0             idataBANK0   0000
__HidataBANK1             idataBANK1   0000
__Hinit                   init         0000
__Hinittext               inittext     0000
__Hintentry               intentry     0000
__Hmaintext               maintext     0000
__Hpowerup                powerup      0000
__Hram                    ram          0000
__Hreset_vec              reset_vec    0000
__Hsfr0                   sfr0         0000
__Hsfr1                   sfr1         0000
__Hsfr2                   sfr2         0000
__Hsfr3                   sfr3         0000
__Hspace_0                (abs)        1000
__Hspace_1                (abs)        00AF
__Hspace_2                (abs)        0000
__Hspace_3                (abs)        0000
__Hstack                  stack        0000
__Hstrings                strings      0000
__Htext                   text         0000
__Labs1                   abs1         0000
__Lbank0                  bank0        0000
__Lbank1                  bank1        0000
__Lbank2                  bank2        0000
__Lbank3                  bank3        0000
__LbssBANK0               bssBANK0     0000
__Lcinit                  cinit        07D9
__Lclrtext                clrtext      0000
__Lcode                   code         0000
__Lcommon                 common       0000
__LcstackBANK0            cstackBANK0  0000
__LcstackCOMMON           cstackCOMMON 0000
__LdataBANK0              dataBANK0    0000
__LdataBANK1              dataBANK1    0000
__Leeprom_data            eeprom_data  0000
__Lend_init               end_init     0000
__Lfunctab                functab      0000
__LidataBANK0             idataBANK0   0000
__LidataBANK1             idataBANK1   0000
__Linit                   init         0000
__Linittext               inittext     0000
__Lintentry               intentry     0000
__Lmaintext               maintext     0000
__Lpowerup                powerup      0000
__Lram                    ram          0000
__Lreset_vec              reset_vec    0000
__Lsfr0                   sfr0         0000
__Lsfr1                   sfr1         0000
__Lsfr2                   sfr2         0000
__Lsfr3                   sfr3         0000
__Lspace_0                (abs)        0000
__Lspace_1                (abs)        0000
__Lspace_2                (abs)        0000
__Lspace_3                (abs)        0000
__Lstack                  stack        0000
__Lstrings                strings      0000
__Ltext                   text         0000
__S0                      (abs)        1000
__S1                      (abs)        00AF
__S2                      (abs)        0000
__S3                      (abs)        0000
__Umul8_16                text7        0A81
__Umul8_16@multiplicand   cstackCOMMON 0070
__Umul8_16@multiplier     cstackCOMMON 0078
__Umul8_16@product        cstackCOMMON 0074
__Umul8_16@word_mpld      cstackCOMMON 0076
___fladd                  text5        0D68
___fladd@a                cstackCOMMON 0074
___fladd@aexp             cstackCOMMON 0079
___fladd@b                cstackCOMMON 0070
___fladd@bexp             cstackCOMMON 007A
___fladd@grs              cstackCOMMON 007B
___fladd@signs            cstackCOMMON 0078
___flge                   text8        00BF
___flge@ff1               cstackCOMMON 0070
___flge@ff2               cstackCOMMON 0074
___flmul                  text6        0478
___flmul@a                cstackBANK0  0024
___flmul@aexp             cstackBANK0  002D
___flmul@b                cstackBANK0  0020
___flmul@bexp             cstackBANK0  002E
___flmul@grs              cstackBANK0  0029
___flmul@prod             cstackBANK0  002F
___flmul@sign             cstackBANK0  0028
___flmul@temp             cstackBANK0  0033
___flsub                  text4        0A5D
___flsub@a                cstackBANK0  0028
___flsub@b                cstackBANK0  002C
___int_sp                 stack        0000
___latbits                (abs)        0002
___sp                     stack        0000
___stackhi                (abs)        0000
___stacklo                (abs)        0000
__end_of_LCD_enable       text22       099D
__end_of_LCD_escreve      text18       09FD
__end_of_LCD_init         text20       0B5C
__end_of_LCD_limpa        text19       09BC
__end_of_LCD_linha1       text13       09DC
__end_of_LCD_linha2       text17       09CC
__end_of_Linha2           text14       0B97
__end_of__Umul8_16        text7        0AA8
__end_of___fladd          text5        1000
__end_of___flge           text8        0161
__end_of___flmul          text6        07D9
__end_of___flsub          text4        0A81
__end_of__initialization  cinit        07FC
__end_of__stringtab       strings      0806
__end_of_delay            text23       0A26
__end_of_espacoLivre      text16       0AD2
__end_of_init             text21       098F
__end_of_liga_buzzer      text3        00BF
__end_of_main             maintext     0BF2
__end_of_strcat           text11       0B29
__end_of_strcmp           text10       0AFC
__end_of_strcpy           text9        0A5D
__end_of_strlen           text15       0A3F
__end_of_teclado          text2        0478
__end_of_telaInicial      text12       0043
__end_of_validaUser       text1        0D68
__initialization          cinit        07D9
__pbssBANK0               bssBANK0     0045
__pcstackBANK0            cstackBANK0  0020
__pcstackCOMMON           cstackCOMMON 0070
__pdataBANK0              dataBANK0    0057
__pdataBANK1              dataBANK1    00A0
__pidataBANK0             idataBANK0   09DC
__pidataBANK1             idataBANK1   099D
__pmaintext               maintext     0B97
__pstrings                strings      0800
__ptext1                  text1        0BF2
__ptext10                 text10       0AD2
__ptext11                 text11       0AFC
__ptext12                 text12       0006
__ptext13                 text13       09CC
__ptext14                 text14       0B5C
__ptext15                 text15       0A26
__ptext16                 text16       0AA8
__ptext17                 text17       09BC
__ptext18                 text18       09EC
__ptext19                 text19       09AC
__ptext2                  text2        0161
__ptext20                 text20       0B29
__ptext21                 text21       0983
__ptext22                 text22       098F
__ptext23                 text23       0A10
__ptext3                  text3        0043
__ptext4                  text4        0A5D
__ptext5                  text5        0D68
__ptext6                  text6        0478
__ptext7                  text7        0A81
__ptext8                  text8        00BF
__ptext9                  text9        0A3F
__size_of_LCD_enable      (abs)        0000
__size_of_LCD_escreve     (abs)        0000
__size_of_LCD_init        (abs)        0000
__size_of_LCD_limpa       (abs)        0000
__size_of_LCD_linha1      (abs)        0000
__size_of_LCD_linha2      (abs)        0000
__size_of_Linha2          (abs)        0000
__size_of__Umul8_16       (abs)        0000
__size_of___fladd         (abs)        0000
__size_of___flge          (abs)        0000
__size_of___flmul         (abs)        0000
__size_of___flsub         (abs)        0000
__size_of_delay           (abs)        0000
__size_of_espacoLivre     (abs)        0000
__size_of_init            (abs)        0000
__size_of_liga_buzzer     (abs)        0000
__size_of_main            (abs)        0000
__size_of_strcat          (abs)        0000
__size_of_strcmp          (abs)        0000
__size_of_strcpy          (abs)        0000
__size_of_strlen          (abs)        0000
__size_of_teclado         (abs)        0000
__size_of_telaInicial     (abs)        0000
__size_of_validaUser      (abs)        0000
__stringbase              strings      0805
__stringtab               strings      0800
_aux                      bssBANK0     0051
_delay                    text23       0A10
_espacoLivre              text16       0AA8
_init                     text21       0983
_input                    dataBANK0    005B
_liga_buzzer              text3        0043
_main                     maintext     0B97
_msg                      dataBANK1    00A0
_msg2                     dataBANK0    005D
_painel                   dataBANK0    0059
_senhaUser                dataBANK0    0062
_senhaUserConfere         bssBANK0     0052
_strcat                   text11       0AFC
_strcmp                   text10       0AD2
_strcpy                   text9        0A3F
_strlen                   text15       0A26
_teclado                  text2        0161
_telaInicial              text12       0006
_userFalse                dataBANK0    0057
_validaUser               text1        0BF2
btemp                     (abs)        007E
clear_ram0                clrtext      097B
delay@i                   cstackCOMMON 0070
end_of_initialization     cinit        07FC
init_fetch0               inittext     09FD
init_ram0                 inittext     0A01
intlevel0                 functab      0000
intlevel1                 functab      0000
intlevel2                 functab      0000
intlevel3                 functab      0000
intlevel4                 functab      0000
intlevel5                 functab      0000
liga_buzzer@tempoSegundos cstackBANK0  0035
main@a                    cstackBANK0  0043
reset_vec                 reset_vec    0000
start                     init         0000
start_initialization      cinit        07D9
strcat@cp                 cstackCOMMON 0077
strcat@from               cstackCOMMON 0074
strcat@to                 cstackCOMMON 0076
strcmp@r                  cstackCOMMON 0075
strcmp@s1                 cstackCOMMON 0076
strcmp@s2                 cstackCOMMON 0070
strcpy@cp                 cstackCOMMON 0072
strcpy@from               cstackCOMMON 0070
strcpy@to                 cstackCOMMON 0073
strlen@cp                 cstackCOMMON 0073
strlen@s                  cstackCOMMON 0074
telaInicial@i             cstackCOMMON 0077
validaUser@n              cstackBANK0  0041
wtemp0                    (abs)        007E


MODULE INFORMATION

Module		Function		Class		Link	Load	Size
C:\Program Files\Microchip\xc8\v2.32\pic\sources\c90\common\sprcadd.c
		___flsub       		CODE           	0A5D	0000	36
		___fladd       		CODE           	0D68	0000	664

C:\Program Files\Microchip\xc8\v2.32\pic\sources\c90\common\sprcadd.c estimated size: 700

C:\Program Files\Microchip\xc8\v2.32\pic\sources\c90\common\flge.c
		___flge        		CODE           	00BF	0000	162

C:\Program Files\Microchip\xc8\v2.32\pic\sources\c90\common\flge.c estimated size: 162

C:\Program Files\Microchip\xc8\v2.32\pic\sources\c90\common\strcat.c
		_strcat        		CODE           	0AFC	0000	45

C:\Program Files\Microchip\xc8\v2.32\pic\sources\c90\common\strcat.c estimated size: 45

./lcd.h
		_init          		CODE           	0983	0000	12
		_LCD_limpa     		CODE           	09AC	0000	16
		_delay         		CODE           	0A10	0000	22
		_LCD_enable    		CODE           	098F	0000	14
		_LCD_escreve   		CODE           	09EC	0000	17
		_LCD_init      		CODE           	0B29	0000	51
		_LCD_linha1    		CODE           	09CC	0000	16
		_LCD_linha2    		CODE           	09BC	0000	16

./lcd.h estimated size: 164

C:\Program Files\Microchip\xc8\v2.32\pic\sources\c90\common\Umul8_16.c
		__Umul8_16     		CODE           	0A81	0000	39

C:\Program Files\Microchip\xc8\v2.32\pic\sources\c90\common\Umul8_16.c estimated size: 39

C:\Program Files\Microchip\xc8\v2.32\pic\sources\c90\common\strlen.c
		_strlen        		CODE           	0A26	0000	25

C:\Program Files\Microchip\xc8\v2.32\pic\sources\c90\common\strlen.c estimated size: 25

C:\Program Files\Microchip\xc8\v2.32\pic\sources\c90\common\strcmp.c
		_strcmp        		CODE           	0AD2	0000	42

C:\Program Files\Microchip\xc8\v2.32\pic\sources\c90\common\strcmp.c estimated size: 42

C:\Program Files\Microchip\xc8\v2.32\pic\sources\c90\common\strcpy.c
		_strcpy        		CODE           	0A3F	0000	30

C:\Program Files\Microchip\xc8\v2.32\pic\sources\c90\common\strcpy.c estimated size: 30

shared
		__stringtab    		STRING         	0800	0000	6
		__initialization		CODE           	07D9	0000	35

shared estimated size: 41

C:\Program Files\Microchip\xc8\v2.32\pic\sources\c90\common\sprcmul.c
		___flmul       		CODE           	0478	0000	865

C:\Program Files\Microchip\xc8\v2.32\pic\sources\c90\common\sprcmul.c estimated size: 865

main.c
		_telaInicial   		CODE           	0006	0000	61
		_validaUser    		CODE           	0BF2	0000	374
		_main          		CODE           	0B97	0000	91
		_espacoLivre   		CODE           	0AA8	0000	42
		_teclado       		CODE           	0161	0000	791
		_Linha2        		CODE           	0B5C	0000	59
		_liga_buzzer   		CODE           	0043	0000	124

main.c estimated size: 1542

