Microchip MPLAB XC8 Compiler V2.32

Linker command line:

-W-3 --edf=C:\Program Files\Microchip\xc8\v2.32\pic\dat\en_msgs.txt -cn \
  -h+dist/default/production\CentralAlarme.X.production.sym \
  --cmf=dist/default/production\CentralAlarme.X.production.cmf -z -Q16F877A \
  -oC:\Users\joaog\AppData\Local\Temp\xcAs87g.4 --defsym=__MPLAB_BUILD=1 \
  -Mdist/default/production/CentralAlarme.X.production.map -E1 \
  -ver=XC8 Compiler --acfsm=1493 -ASTACK=0141h-016Fh -pstack=STACK \
  -ACODE=00h-07FFhx4 -ASTRCODE=00h-01FFFh -ASTRING=00h-0FFhx32 \
  -ACONST=00h-0FFhx32 -AENTRY=00h-0FFhx32 -ACOMMON=070h-07Fh \
  -ABANK0=020h-06Fh -ABANK1=0A0h-0EFh -ABANK2=0110h-016Fh \
  -ABANK3=0190h-01EFh -ARAM=020h-06Fh,0A0h-0EFh,0110h-016Fh,0190h-01EFh \
  -AABS1=020h-07Fh,0A0h-0EFh,0110h-016Fh,0190h-01EFh -ASFR0=00h-01Fh \
  -ASFR1=080h-09Fh -ASFR2=0100h-010Fh -ASFR3=0180h-018Fh \
  -ACONFIG=02007h-02007h -DCONFIG=2 -AIDLOC=02000h-02003h -DIDLOC=2 \
  -AEEDATA=00h-0FFh/02100h -peeprom_data=EEDATA -DEEDATA=2 -DCODE=2 \
  -DSTRCODE=2 -DSTRING=2 -DCONST=2 -DENTRY=2 \
  -preset_vec=00h,intentry,init,end_init -ppowerup=CODE -pcinit=CODE \
  -pfunctab=ENTRY -k C:\Users\joaog\AppData\Local\Temp\xcAs87g.o \
  dist/default/production\CentralAlarme.X.production.o 

Object code version is 3.11

Machine type is 16F877A



                Name                               Link     Load   Length Selector   Space Scale
C:\Users\joaog\AppData\Local\Temp\xcAs87g.o
                end_init                              0        0        3        0       0
dist/default/production\CentralAlarme.X.production.o
                cinit                               7BE      7BE       42      F7C       0
                text24                              954      954       16     12A8       0
                text23                              8F2      8F2        E     11E4       0
                text22                              8E6      8E6        C     11CC       0
                text21                              A19      A19       33     1432       0
                text20                              930      930       11     1260       0
                text19                              900      900       10     1200       0
                text18                              9A3      9A3       21     1346       0
                text17                              985      985       1E     130A       0
                text16                              AC0      AC0       3E     1580       0
                text15                              C7C      C7C       70     18F8       0
                text14                               B8       B8       A2      170       0
                text13                                A        A       27       14       0
                text12                              45D      45D      361      8BA       0
                text11                              D68      D68      298     1AD0       0
                text10                              9C4      9C4       24     1388       0
                text9                               CEC      CEC       7C     19D8       0
                text8                               15A      15A      303      2B4       0
                text7                               910      910       10     1220       0
                text6                               920      920       10     1240       0
                text5                               A4C      A4C       37     1498       0
                text4                                31       31       87       62       0
                text3                               C20      C20       5C     1840       0
                text2                               B83      B83       48     1706       0
                text1                               AFE      AFE       41     15FC       0
                maintext                            A83      A83       3D     1506       0
                cstackBANK0                          20       20       29       20       1
                cstackCOMMON                         70       70        E       70       1
                inittext                            941      941       13     1282       0
                dataBANK2                           110      110       31      110       1
                dataBANK3                           190      190       55      190       1
                dataBANK1                            A0       A0       44       A0       1
                dataBANK0                            49       49       1B       20       1
                bssBANK0                             64       64        8       20       1
                nvBANK0                              6C       6C        2       20       1
                idataBANK3                          BCB      BCB       55     1796       0
                idataBANK2                          9E8      9E8       31     13D0       0
                idataBANK1                          B3F      B3F       44     167E       0
                idataBANK0                          96A      96A       1B     12D4       0

TOTAL           Name                               Link     Load   Length     Space
        CLASS   STACK          

        CLASS   CODE           
                end_init                              0        0        3         0
                cinit                               7BE      7BE       42         0
                text24                              954      954       16         0
                text23                              8F2      8F2        E         0
                text22                              8E6      8E6        C         0
                text21                              A19      A19       33         0
                text20                              930      930       11         0
                text19                              900      900       10         0
                text18                              9A3      9A3       21         0
                text17                              985      985       1E         0
                text16                              AC0      AC0       3E         0
                text15                              C7C      C7C       70         0
                text14                               B8       B8       A2         0
                text13                                A        A       27         0
                text12                              45D      45D      361         0
                text11                              D68      D68      298         0
                text10                              9C4      9C4       24         0
                text9                               CEC      CEC       7C         0
                text8                               15A      15A      303         0
                text7                               910      910       10         0
                text6                               920      920       10         0
                text5                               A4C      A4C       37         0
                text4                                31       31       87         0
                text3                               C20      C20       5C         0
                text2                               B83      B83       48         0
                text1                               AFE      AFE       41         0
                maintext                            A83      A83       3D         0
                inittext                            941      941       13         0
                idataBANK3                          BCB      BCB       55         0
                idataBANK2                          9E8      9E8       31         0
                idataBANK1                          B3F      B3F       44         0
                idataBANK0                          96A      96A       1B         0

        CLASS   STRCODE        

        CLASS   STRING         

        CLASS   CONST          

        CLASS   ENTRY          

        CLASS   COMMON         
                cstackCOMMON                         70       70        E         1

        CLASS   BANK0          
                cstackBANK0                          20       20       29         1
                dataBANK0                            49       49       1B         1
                bssBANK0                             64       64        8         1
                nvBANK0                              6C       6C        2         1

        CLASS   BANK1          
                dataBANK1                            A0       A0       44         1

        CLASS   BANK2          
                dataBANK2                           110      110       31         1

        CLASS   BANK3          
                dataBANK3                           190      190       55         1

        CLASS   RAM            

        CLASS   ABS1           
                abs_s1                               7E       7E        2         1

        CLASS   SFR0           

        CLASS   SFR1           

        CLASS   SFR2           

        CLASS   SFR3           

        CLASS   CONFIG         

        CLASS   IDLOC          

        CLASS   EEDATA         



SEGMENTS        Name                           Load    Length   Top    Selector   Space  Class     Delta

                reset_vec                      000000  000003  000003         0       0  CODE        2
                text13                         00000A  000027  000031        14       0  CODE        2
                cstackBANK0                    000020  00004E  00006E        20       1  BANK0       1
                text4                          000031  000087  0000B8        62       0  CODE        2
                cstackCOMMON                   000070  00000E  00007E        70       1  COMMON      1
                dataBANK1                      0000A0  000044  0000E4        A0       1  BANK1       1
                dataBANK2                      000110  000031  000141       110       1  BANK2       1
                text14                         0000B8  0000A2  00015A       170       0  CODE        2
                dataBANK3                      000190  000055  0001E5       190       1  BANK3       1
                text8                          00015A  000303  00045D       2B4       0  CODE        2
                text12                         00045D  000361  0007BE       8BA       0  CODE        2
                cinit                          0007BE  000042  000800       F7C       0  CODE        2
                text22                         0008E6  00000C  0008F2      11CC       0  CODE        2
                text23                         0008F2  00000E  000900      11E4       0  CODE        2
                text19                         000900  000010  000910      1200       0  CODE        2
                text7                          000910  000010  000920      1220       0  CODE        2
                text6                          000920  000010  000930      1240       0  CODE        2
                text20                         000930  000011  000941      1260       0  CODE        2
                inittext                       000941  000013  000954      1282       0  CODE        2
                text24                         000954  000016  00096A      12A8       0  CODE        2
                idataBANK0                     00096A  00001B  000985      12D4       0  CODE        2
                text17                         000985  00001E  0009A3      130A       0  CODE        2
                text18                         0009A3  000021  0009C4      1346       0  CODE        2
                text10                         0009C4  000024  0009E8      1388       0  CODE        2
                idataBANK2                     0009E8  000031  000A19      13D0       0  CODE        2
                text21                         000A19  000033  000A4C      1432       0  CODE        2
                text5                          000A4C  000037  000A83      1498       0  CODE        2
                maintext                       000A83  00003D  000AC0      1506       0  CODE        2
                text16                         000AC0  00003E  000AFE      1580       0  CODE        2
                text1                          000AFE  000041  000B3F      15FC       0  CODE        2
                idataBANK1                     000B3F  000044  000B83      167E       0  CODE        2
                text2                          000B83  000048  000BCB      1706       0  CODE        2
                idataBANK3                     000BCB  000055  000C20      1796       0  CODE        2
                text3                          000C20  00005C  000C7C      1840       0  CODE        2
                text15                         000C7C  000070  000CEC      18F8       0  CODE        2
                text9                          000CEC  00007C  000D68      19D8       0  CODE        2
                text11                         000D68  000298  001000      1AD0       0  CODE        2


UNUSED ADDRESS RANGES

        Name                Unused          Largest block    Delta
        BANK0            006E-006F              2           1
        BANK1            00E4-00EF              C           1
        BANK2            0141-016F             2F           1
        BANK3            01E5-01EF              B           1
        CODE             0003-0009              7           2
                         0800-08E5             E6
                         1000-1FFF            800
        CONFIG           2007-2007              1           2
        CONST            0003-0009              7           2
                         0800-08E5             E6
                         1000-1FFF            100
        EEDATA           2100-21FF            100           2
        ENTRY            0003-0009              7           2
                         0800-08E5             E6
                         1000-1FFF            100
        IDLOC            2000-2003              4           2
        RAM              006E-006F              2           1
                         00E4-00EF              C
                         0141-016F             2F
                         01E5-01EF              B
        SFR0             0000-001F             20           1
        SFR1             0080-009F             20           1
        SFR2             0100-010F             10           1
        SFR3             0180-018F             10           1
        STACK            0141-016F             2F           1
        STRCODE          0003-0009              7           2
                         0800-08E5             E6
                         1000-1FFF           1000
        STRING           0003-0009              7           2
                         0800-08E5             E6
                         1000-1FFF            100

                                  Symbol Table

?__Umul8_16                  cstackCOMMON 0070
?___fladd                    cstackCOMMON 0070
?___flmul                    cstackBANK0  0020
?___flsub                    cstackBANK0  0028
?_strlen                     cstackCOMMON 0070
?_valida_senha               cstackCOMMON 007A
LCD_escreve@x                cstackCOMMON 0072
Linha2@i                     cstackCOMMON 0077
_ADCON0                      (abs)        001F
_ADCON1                      (abs)        009F
_ADRESH                      (abs)        001E
_ADRESL                      (abs)        009E
_GO_nDONE                    (abs)        00FA
_LCD_enable                  text23       08F2
_LCD_escreve                 text20       0930
_LCD_init                    text21       0A19
_LCD_limpa                   text7        0910
_LCD_linha1                  text6        0920
_LCD_linha2                  text19       0900
_Linha2                      text16       0AC0
_PORTB                       (abs)        0006
_PORTD                       (abs)        0008
_PORTE                       (abs)        0009
_RA1                         (abs)        0029
_RA3                         (abs)        002B
_RA4                         (abs)        002C
_RA5                         (abs)        002D
_RB0                         (abs)        0030
_RB1                         (abs)        0031
_RB2                         (abs)        0032
_RB3                         (abs)        0033
_TRISA                       (abs)        0085
_TRISB                       (abs)        0086
_TRISD                       (abs)        0088
_TRISE                       (abs)        0089
__Habs1                      abs1         0000
__Hbank0                     bank0        0000
__Hbank1                     bank1        0000
__Hbank2                     bank2        0000
__Hbank3                     bank3        0000
__HbssBANK0                  bssBANK0     0000
__Hcinit                     cinit        0800
__Hclrtext                   clrtext      0000
__Hcode                      code         0000
__Hcommon                    common       0000
__HcstackBANK0               cstackBANK0  0000
__HcstackCOMMON              cstackCOMMON 0000
__HdataBANK0                 dataBANK0    0000
__HdataBANK1                 dataBANK1    0000
__HdataBANK2                 dataBANK2    0000
__HdataBANK3                 dataBANK3    0000
__Heeprom_data               eeprom_data  0000
__Hend_init                  end_init     0003
__Hfunctab                   functab      0000
__HidataBANK0                idataBANK0   0000
__HidataBANK1                idataBANK1   0000
__HidataBANK2                idataBANK2   0000
__HidataBANK3                idataBANK3   0000
__Hinit                      init         0000
__Hinittext                  inittext     0000
__Hintentry                  intentry     0000
__Hmaintext                  maintext     0000
__HnvBANK0                   nvBANK0      0000
__Hpowerup                   powerup      0000
__Hram                       ram          0000
__Hreset_vec                 reset_vec    0000
__Hsfr0                      sfr0         0000
__Hsfr1                      sfr1         0000
__Hsfr2                      sfr2         0000
__Hsfr3                      sfr3         0000
__Hspace_0                   (abs)        1000
__Hspace_1                   (abs)        01E5
__Hspace_2                   (abs)        0000
__Hspace_3                   (abs)        0000
__Hstack                     stack        0000
__Hstrings                   strings      0000
__Htext                      text         0000
__Labs1                      abs1         0000
__Lbank0                     bank0        0000
__Lbank1                     bank1        0000
__Lbank2                     bank2        0000
__Lbank3                     bank3        0000
__LbssBANK0                  bssBANK0     0000
__Lcinit                     cinit        07BE
__Lclrtext                   clrtext      0000
__Lcode                      code         0000
__Lcommon                    common       0000
__LcstackBANK0               cstackBANK0  0000
__LcstackCOMMON              cstackCOMMON 0000
__LdataBANK0                 dataBANK0    0000
__LdataBANK1                 dataBANK1    0000
__LdataBANK2                 dataBANK2    0000
__LdataBANK3                 dataBANK3    0000
__Leeprom_data               eeprom_data  0000
__Lend_init                  end_init     0000
__Lfunctab                   functab      0000
__LidataBANK0                idataBANK0   0000
__LidataBANK1                idataBANK1   0000
__LidataBANK2                idataBANK2   0000
__LidataBANK3                idataBANK3   0000
__Linit                      init         0000
__Linittext                  inittext     0000
__Lintentry                  intentry     0000
__Lmaintext                  maintext     0000
__LnvBANK0                   nvBANK0      0000
__Lpowerup                   powerup      0000
__Lram                       ram          0000
__Lreset_vec                 reset_vec    0000
__Lsfr0                      sfr0         0000
__Lsfr1                      sfr1         0000
__Lsfr2                      sfr2         0000
__Lsfr3                      sfr3         0000
__Lspace_0                   (abs)        0000
__Lspace_1                   (abs)        0000
__Lspace_2                   (abs)        0000
__Lspace_3                   (abs)        0000
__Lstack                     stack        0000
__Lstrings                   strings      0000
__Ltext                      text         0000
__S0                         (abs)        1000
__S1                         (abs)        01E5
__S2                         (abs)        0000
__S3                         (abs)        0000
__Umul8_16                   text13       000A
__Umul8_16@multiplicand      cstackCOMMON 0070
__Umul8_16@multiplier        cstackCOMMON 0078
__Umul8_16@product           cstackCOMMON 0074
__Umul8_16@word_mpld         cstackCOMMON 0076
___fladd                     text11       0D68
___fladd@a                   cstackCOMMON 0074
___fladd@aexp                cstackCOMMON 0079
___fladd@b                   cstackCOMMON 0070
___fladd@bexp                cstackCOMMON 007A
___fladd@grs                 cstackCOMMON 007B
___fladd@signs               cstackCOMMON 0078
___flge                      text14       00B8
___flge@ff1                  cstackCOMMON 0070
___flge@ff2                  cstackCOMMON 0074
___flmul                     text12       045D
___flmul@a                   cstackBANK0  0024
___flmul@aexp                cstackBANK0  002D
___flmul@b                   cstackBANK0  0020
___flmul@bexp                cstackBANK0  002E
___flmul@grs                 cstackBANK0  0029
___flmul@prod                cstackBANK0  002F
___flmul@sign                cstackBANK0  0028
___flmul@temp                cstackBANK0  0033
___flsub                     text10       09C4
___flsub@a                   cstackBANK0  0028
___flsub@b                   cstackBANK0  002C
___int_sp                    stack        0000
___latbits                   (abs)        0002
___sp                        stack        0000
___stackhi                   (abs)        0000
___stacklo                   (abs)        0000
__end_of_LCD_enable          text23       0900
__end_of_LCD_escreve         text20       0941
__end_of_LCD_init            text21       0A4C
__end_of_LCD_limpa           text7        0920
__end_of_LCD_linha1          text6        0930
__end_of_LCD_linha2          text19       0910
__end_of_Linha2              text16       0AFE
__end_of__Umul8_16           text13       0031
__end_of___fladd             text11       1000
__end_of___flge              text14       015A
__end_of___flmul             text12       07BE
__end_of___flsub             text10       09E8
__end_of__initialization     cinit        07FC
__end_of_alteraSenhaUser     text1        0B3F
__end_of_confereTeclado      text15       0CEC
__end_of_delay               text24       096A
__end_of_escreveMesagem      text5        0A83
__end_of_espacoLivre         text18       09C4
__end_of_init                text22       08F2
__end_of_inputSenhaAlter     text3        0C7C
__end_of_liga_buzzer         text9        0D68
__end_of_main                maintext     0AC0
__end_of_rotinaValidaSenha   text2        0BCB
__end_of_strlen              text17       09A3
__end_of_teclado             text8        045D
__end_of_valida_senha        text4        00B8
__initialization             cinit        07BE
__pbssBANK0                  bssBANK0     0064
__pcstackBANK0               cstackBANK0  0020
__pcstackCOMMON              cstackCOMMON 0070
__pdataBANK0                 dataBANK0    0049
__pdataBANK1                 dataBANK1    00A0
__pdataBANK2                 dataBANK2    0110
__pdataBANK3                 dataBANK3    0190
__pidataBANK0                idataBANK0   096A
__pidataBANK1                idataBANK1   0B3F
__pidataBANK2                idataBANK2   09E8
__pidataBANK3                idataBANK3   0BCB
__pmaintext                  maintext     0A83
__pnvBANK0                   nvBANK0      006C
__ptext1                     text1        0AFE
__ptext10                    text10       09C4
__ptext11                    text11       0D68
__ptext12                    text12       045D
__ptext13                    text13       000A
__ptext14                    text14       00B8
__ptext15                    text15       0C7C
__ptext16                    text16       0AC0
__ptext17                    text17       0985
__ptext18                    text18       09A3
__ptext19                    text19       0900
__ptext2                     text2        0B83
__ptext20                    text20       0930
__ptext21                    text21       0A19
__ptext22                    text22       08E6
__ptext23                    text23       08F2
__ptext24                    text24       0954
__ptext3                     text3        0C20
__ptext4                     text4        0031
__ptext5                     text5        0A4C
__ptext6                     text6        0920
__ptext7                     text7        0910
__ptext8                     text8        015A
__ptext9                     text9        0CEC
__size_of_LCD_enable         (abs)        0000
__size_of_LCD_escreve        (abs)        0000
__size_of_LCD_init           (abs)        0000
__size_of_LCD_limpa          (abs)        0000
__size_of_LCD_linha1         (abs)        0000
__size_of_LCD_linha2         (abs)        0000
__size_of_Linha2             (abs)        0000
__size_of__Umul8_16          (abs)        0000
__size_of___fladd            (abs)        0000
__size_of___flge             (abs)        0000
__size_of___flmul            (abs)        0000
__size_of___flsub            (abs)        0000
__size_of_alteraSenhaUser    (abs)        0000
__size_of_confereTeclado     (abs)        0000
__size_of_delay              (abs)        0000
__size_of_escreveMesagem     (abs)        0000
__size_of_espacoLivre        (abs)        0000
__size_of_init               (abs)        0000
__size_of_inputSenhaAlter    (abs)        0000
__size_of_liga_buzzer        (abs)        0000
__size_of_main               (abs)        0000
__size_of_rotinaValidaSenha  (abs)        0000
__size_of_strlen             (abs)        0000
__size_of_teclado            (abs)        0000
__size_of_valida_senha       (abs)        0000
_alteraSenhaUser             text1        0AFE
_aux                         bssBANK0     0068
_confereTeclado              text15       0C7C
_delay                       text24       0954
_escreveMesagem              text5        0A4C
_espacoLivre                 text18       09A3
_init                        text22       08E6
_input                       dataBANK0    0053
_inputSenhaAlter             text3        0C20
_liga_buzzer                 text9        0CEC
_main                        maintext     0A83
_menu                        dataBANK0    004D
_msgAceitoOuNego             dataBANK1    00CD
_msgDesativarZona            dataBANK3    019F
_msgDigiteNovaSenha          dataBANK3    01AE
_msgDigiteSenha              dataBANK3    0190
_msgMascara                  dataBANK0    0055
_msgReativar                 dataBANK1    00D6
_msgSenhaAtualizada          dataBANK2    0110
_msgSenhaCancelada           dataBANK2    0131
_msgSenhaCoacao              dataBANK1    00B3
_msgSenhaConfig              dataBANK1    00C0
_msgSenhaCorreta             dataBANK3    01CA
_msgSenhaDisparo             dataBANK3    01BC
_msgSenhaErrada              dataBANK3    01D8
_msgSenhaUsuario             dataBANK1    00A5
_msgValidaSenha              dataBANK2    0121
_opConfig                    nvBANK0      006C
_rotinaValidaSenha           text2        0B83
_senhaConfig                 dataBANK1    00DF
_senhaUser                   dataBANK0    005F
_senhaUserConfere            dataBANK0    005A
_strlen                      text17       0985
_teclado                     text8        015A
_userFalse                   dataBANK0    004F
_validaSenha                 bssBANK0     006A
_valida_senha                text4        0031
alteraSenhaUser@opConfig     cstackBANK0  0047
btemp                        (abs)        007E
confereTeclado@numero        cstackCOMMON 0070
delay@i                      cstackCOMMON 0070
end_of_initialization        cinit        07FC
escreveMesagem@i             cstackCOMMON 0078
escreveMesagem@texto         cstackCOMMON 0073
espacoLivre@i                cstackCOMMON 0073
init_fetch0                  inittext     0941
init_ram0                    inittext     0945
inputSenhaAlter@i            cstackBANK0  0041
inputSenhaAlter@senhaDestino cstackBANK0  0040
intlevel0                    functab      0000
intlevel1                    functab      0000
intlevel2                    functab      0000
intlevel3                    functab      0000
intlevel4                    functab      0000
intlevel5                    functab      0000
liga_buzzer@tempoSegundos    cstackBANK0  0035
reset_vec                    reset_vec    0000
rotinaValidaSenha@senhaOp    cstackBANK0  0046
start                        init         0000
start_initialization         cinit        07BE
strlen@cp                    cstackCOMMON 0072
strlen@s                     cstackCOMMON 0070
valida_senha@aceito          cstackBANK0  0024
valida_senha@texto           cstackBANK0  0023
wtemp0                       (abs)        007E


MODULE INFORMATION

Module		Function		Class		Link	Load	Size
C:\Program Files\Microchip\xc8\v2.32\pic\sources\c90\common\sprcadd.c
		___flsub       		CODE           	09C4	0000	36
		___fladd       		CODE           	0D68	0000	664

C:\Program Files\Microchip\xc8\v2.32\pic\sources\c90\common\sprcadd.c estimated size: 700

C:\Program Files\Microchip\xc8\v2.32\pic\sources\c90\common\flge.c
		___flge        		CODE           	00B8	0000	162

C:\Program Files\Microchip\xc8\v2.32\pic\sources\c90\common\flge.c estimated size: 162

./lcd.h
		_init          		CODE           	08E6	0000	12
		_LCD_limpa     		CODE           	0910	0000	16
		_delay         		CODE           	0954	0000	22
		_LCD_enable    		CODE           	08F2	0000	14
		_LCD_escreve   		CODE           	0930	0000	17
		_LCD_init      		CODE           	0A19	0000	51
		_LCD_linha1    		CODE           	0920	0000	16
		_LCD_linha2    		CODE           	0900	0000	16

./lcd.h estimated size: 164

C:\Program Files\Microchip\xc8\v2.32\pic\sources\c90\common\Umul8_16.c
		__Umul8_16     		CODE           	000A	0000	39

C:\Program Files\Microchip\xc8\v2.32\pic\sources\c90\common\Umul8_16.c estimated size: 39

C:\Program Files\Microchip\xc8\v2.32\pic\sources\c90\common\strlen.c
		_strlen        		CODE           	0985	0000	30

C:\Program Files\Microchip\xc8\v2.32\pic\sources\c90\common\strlen.c estimated size: 30

shared
		__initialization		CODE           	07BE	0000	62

shared estimated size: 62

C:\Program Files\Microchip\xc8\v2.32\pic\sources\c90\common\sprcmul.c
		___flmul       		CODE           	045D	0000	865

C:\Program Files\Microchip\xc8\v2.32\pic\sources\c90\common\sprcmul.c estimated size: 865

main.c
		_inputSenhaAlter		CODE           	0C20	0000	92
		_valida_senha  		CODE           	0031	0000	135
		_main          		CODE           	0A83	0000	61
		_rotinaValidaSenha		CODE           	0B83	0000	72
		_espacoLivre   		CODE           	09A3	0000	33
		_confereTeclado		CODE           	0C7C	0000	112
		_escreveMesagem		CODE           	0A4C	0000	55
		_teclado       		CODE           	015A	0000	771
		_Linha2        		CODE           	0AC0	0000	62
		_alteraSenhaUser		CODE           	0AFE	0000	65
		_liga_buzzer   		CODE           	0CEC	0000	124

main.c estimated size: 1582

