Microchip MPLAB XC8 Compiler V2.32

Linker command line:

-W-3 --edf=C:\Program Files\Microchip\xc8\v2.32\pic\dat\en_msgs.txt -cn \
  -h+dist/default/production\CentralAlarme.X.production.sym \
  --cmf=dist/default/production\CentralAlarme.X.production.cmf -z -Q16F877A \
  -oC:\Users\joaog\AppData\Local\Temp\xcAs9e0.4 --defsym=__MPLAB_BUILD=1 \
  -Mdist/default/production/CentralAlarme.X.production.map -E1 \
  -ver=XC8 Compiler --acfsm=1493 -ASTACK=0E9h-0EFh -pstack=STACK \
  -ACODE=00h-07FFhx4 -ASTRCODE=00h-01FFFh -ASTRING=00h-0FFhx32 \
  -ACONST=00h-0FFhx32 -AENTRY=00h-0FFhx32 -ACOMMON=070h-07Fh \
  -ABANK0=020h-06Fh -ABANK1=0A0h-0EFh -ABANK2=0110h-016Fh \
  -ABANK3=0190h-01EFh -ARAM=020h-06Fh,0A0h-0EFh,0110h-016Fh,0190h-01EFh \
  -AABS1=020h-07Fh,0A0h-0EFh,0110h-016Fh,0190h-01EFh -ASFR0=00h-01Fh \
  -ASFR1=080h-09Fh -ASFR2=0100h-010Fh -ASFR3=0180h-018Fh \
  -ACONFIG=02007h-02007h -DCONFIG=2 -AIDLOC=02000h-02003h -DIDLOC=2 \
  -AEEDATA=00h-0FFh/02100h -peeprom_data=EEDATA -DEEDATA=2 -DCODE=2 \
  -DSTRCODE=2 -DSTRING=2 -DCONST=2 -DENTRY=2 \
  -preset_vec=00h,intentry,init,end_init -ppowerup=CODE -pcinit=CODE \
  -pfunctab=ENTRY -k C:\Users\joaog\AppData\Local\Temp\xcAs9e0.o \
  dist/default/production\CentralAlarme.X.production.o 

Object code version is 3.11

Machine type is 16F877A



                Name                               Link     Load   Length Selector   Space Scale
C:\Users\joaog\AppData\Local\Temp\xcAs9e0.o
                end_init                              0        0        3        0       0
dist/default/production\CentralAlarme.X.production.o
                cinit                               7BE      7BE       42      F7C       0
                text33                             1218     1218       16     2430       0
                text32                             11B6     11B6        E     236C       0
                text31                             119D     119D        C     233A       0
                text30                             12EB     12EB       33     25D6       0
                text29                             11F4     11F4       11     23E8       0
                text28                             11C4     11C4       10     2388       0
                text27                             122E     122E       21     245C       0
                text26                                4        4       1E        8       0
                text25                             1355     1355       3E     26AA       0
                text24                             15CC     15CC       70     2B98       0
                text23                             16B8     16B8       A2     2D70       0
                text22                             1295     1295       27     252A       0
                text21                              45D      45D      361      8BA       0
                text20                              D68      D68      298     1AD0       0
                text19                             1271     1271       24     24E2       0
                text18                             163C     163C       7C     2C78       0
                text17                               FE       FE      35F      1FC       0
                text16                             11D4     11D4       10     23A8       0
                text15                             11E4     11E4       10     23C8       0
                text14                             131E     131E       37     263C       0
                text13                             175A     175A       A6     2EB4       0
                text12                             1512     1512       5C     2A24       0
                text11                             13D3     13D3       48     27A6       0
                text10                             1464     1464       53     28C8       0
                text9                              124F     124F       22     249E       0
                text8                               82D      82D       D1     105A       0
                text7                               8FE      8FE       DB     11FC       0
                text6                              11A9     11A9        D     2352       0
                text5                              12BC     12BC       2F     2578       0
                text4                               B2A      B2A      23E     1654       0
                text3                               803      803       2A     1006       0
                text2                              1393     1393       40     2726       0
                text1                               9D9      9D9      151     13B2       0
                maintext                             22       22       DC       44       0
                cstackBANK0                          20       20       33       20       1
                cstackCOMMON                         70       70        E       70       1
                clrtext                            118B     118B        8     2316       0
                inittext                           1205     1205       13     240A       0
                dataBANK2                           110      110       5B      110       1
                dataBANK3                           190      190       5E      190       1
                dataBANK1                            A0       A0       49       A0       1
                dataBANK0                            63       63        A       20       1
                bssBANK0                             53       53       10       20       1
                idataBANK3                         156E     156E       5E     2ADC       0
                idataBANK2                         14B7     14B7       5B     296E       0
                idataBANK1                         141B     141B       49     2836       0
                idataBANK0                         1193     1193        A     2326       0

TOTAL           Name                               Link     Load   Length     Space
        CLASS   STACK          

        CLASS   CODE           
                end_init                              0        0        3         0
                cinit                               7BE      7BE       42         0
                text33                             1218     1218       16         0
                text32                             11B6     11B6        E         0
                text31                             119D     119D        C         0
                text30                             12EB     12EB       33         0
                text29                             11F4     11F4       11         0
                text28                             11C4     11C4       10         0
                text27                             122E     122E       21         0
                text26                                4        4       1E         0
                text25                             1355     1355       3E         0
                text24                             15CC     15CC       70         0
                text23                             16B8     16B8       A2         0
                text22                             1295     1295       27         0
                text21                              45D      45D      361         0
                text20                              D68      D68      298         0
                text19                             1271     1271       24         0
                text18                             163C     163C       7C         0
                text17                               FE       FE      35F         0
                text16                             11D4     11D4       10         0
                text15                             11E4     11E4       10         0
                text14                             131E     131E       37         0
                text13                             175A     175A       A6         0
                text12                             1512     1512       5C         0
                text11                             13D3     13D3       48         0
                text10                             1464     1464       53         0
                text9                              124F     124F       22         0
                text8                               82D      82D       D1         0
                text7                               8FE      8FE       DB         0
                text6                              11A9     11A9        D         0
                text5                              12BC     12BC       2F         0
                text4                               B2A      B2A      23E         0
                text3                               803      803       2A         0
                text2                              1393     1393       40         0
                text1                               9D9      9D9      151         0
                maintext                             22       22       DC         0
                clrtext                            118B     118B        8         0
                inittext                           1205     1205       13         0
                idataBANK3                         156E     156E       5E         0
                idataBANK2                         14B7     14B7       5B         0
                idataBANK1                         141B     141B       49         0
                idataBANK0                         1193     1193        A         0

        CLASS   STRCODE        

        CLASS   STRING         

        CLASS   CONST          

        CLASS   ENTRY          

        CLASS   COMMON         
                cstackCOMMON                         70       70        E         1

        CLASS   BANK0          
                cstackBANK0                          20       20       33         1
                dataBANK0                            63       63        A         1
                bssBANK0                             53       53       10         1

        CLASS   BANK1          
                dataBANK1                            A0       A0       49         1

        CLASS   BANK2          
                dataBANK2                           110      110       5B         1

        CLASS   BANK3          
                dataBANK3                           190      190       5E         1

        CLASS   RAM            

        CLASS   ABS1           
                abs_s1                               7E       7E        2         1

        CLASS   SFR0           

        CLASS   SFR1           

        CLASS   SFR2           

        CLASS   SFR3           

        CLASS   CONFIG         

        CLASS   IDLOC          

        CLASS   EEDATA         



SEGMENTS        Name                           Load    Length   Top    Selector   Space  Class     Delta

                reset_vec                      000000  000003  000003         0       0  CODE        2
                text26                         000004  00001E  000022         8       0  CODE        2
                cstackBANK0                    000020  00004D  00006D        20       1  BANK0       1
                maintext                       000022  0000DC  0000FE        44       0  CODE        2
                cstackCOMMON                   000070  00000E  00007E        70       1  COMMON      1
                dataBANK1                      0000A0  000049  0000E9        A0       1  BANK1       1
                dataBANK2                      000110  00005B  00016B       110       1  BANK2       1
                dataBANK3                      000190  00005E  0001EE       190       1  BANK3       1
                text17                         0000FE  00035F  00045D       1FC       0  CODE        2
                text21                         00045D  000361  0007BE       8BA       0  CODE        2
                cinit                          0007BE  000042  000800       F7C       0  CODE        2
                text3                          000803  00002A  00082D      1006       0  CODE        2
                text8                          00082D  0000D1  0008FE      105A       0  CODE        2
                text7                          0008FE  0000DB  0009D9      11FC       0  CODE        2
                text1                          0009D9  000151  000B2A      13B2       0  CODE        2
                text4                          000B2A  00023E  000D68      1654       0  CODE        2
                text20                         000D68  000298  001000      1AD0       0  CODE        2
                clrtext                        00118B  000008  001193      2316       0  CODE        2
                idataBANK0                     001193  00000A  00119D      2326       0  CODE        2
                text31                         00119D  00000C  0011A9      233A       0  CODE        2
                text6                          0011A9  00000D  0011B6      2352       0  CODE        2
                text32                         0011B6  00000E  0011C4      236C       0  CODE        2
                text28                         0011C4  000010  0011D4      2388       0  CODE        2
                text16                         0011D4  000010  0011E4      23A8       0  CODE        2
                text15                         0011E4  000010  0011F4      23C8       0  CODE        2
                text29                         0011F4  000011  001205      23E8       0  CODE        2
                inittext                       001205  000013  001218      240A       0  CODE        2
                text33                         001218  000016  00122E      2430       0  CODE        2
                text27                         00122E  000021  00124F      245C       0  CODE        2
                text9                          00124F  000022  001271      249E       0  CODE        2
                text19                         001271  000024  001295      24E2       0  CODE        2
                text22                         001295  000027  0012BC      252A       0  CODE        2
                text5                          0012BC  00002F  0012EB      2578       0  CODE        2
                text30                         0012EB  000033  00131E      25D6       0  CODE        2
                text14                         00131E  000037  001355      263C       0  CODE        2
                text25                         001355  00003E  001393      26AA       0  CODE        2
                text2                          001393  000040  0013D3      2726       0  CODE        2
                text11                         0013D3  000048  00141B      27A6       0  CODE        2
                idataBANK1                     00141B  000049  001464      2836       0  CODE        2
                text10                         001464  000053  0014B7      28C8       0  CODE        2
                idataBANK2                     0014B7  00005B  001512      296E       0  CODE        2
                text12                         001512  00005C  00156E      2A24       0  CODE        2
                idataBANK3                     00156E  00005E  0015CC      2ADC       0  CODE        2
                text24                         0015CC  000070  00163C      2B98       0  CODE        2
                text18                         00163C  00007C  0016B8      2C78       0  CODE        2
                text23                         0016B8  0000A2  00175A      2D70       0  CODE        2
                text13                         00175A  0000A6  001800      2EB4       0  CODE        2


UNUSED ADDRESS RANGES

        Name                Unused          Largest block    Delta
        BANK0            006D-006F              3           1
        BANK1            00E9-00EF              7           1
        BANK2            016B-016F              5           1
        BANK3            01EE-01EF              2           1
        CODE             0003-0003              1           2
                         0800-0802              3
                         1000-118A            18B
                         1800-1FFF            800
        CONFIG           2007-2007              1           2
        CONST            0003-0003              1           2
                         0800-0802              3
                         1000-118A            100
                         1800-1FFF            100
        EEDATA           2100-21FF            100           2
        ENTRY            0003-0003              1           2
                         0800-0802              3
                         1000-118A            100
                         1800-1FFF            100
        IDLOC            2000-2003              4           2
        RAM              006D-006F              3           1
                         00E9-00EF              7
                         016B-016F              5
                         01EE-01EF              2
        SFR0             0000-001F             20           1
        SFR1             0080-009F             20           1
        SFR2             0100-010F             10           1
        SFR3             0180-018F             10           1
        STACK            00E9-00EF              7           1
        STRCODE          0003-0003              1           2
                         0800-0802              3
                         1000-118A            18B
                         1800-1FFF            800
        STRING           0003-0003              1           2
                         0800-0802              3
                         1000-118A            100
                         1800-1FFF            100

                                  Symbol Table

?__Umul8_16                  cstackCOMMON 0070
?___fladd                    cstackCOMMON 0070
?___flmul                    cstackBANK0  0020
?___flsub                    cstackBANK0  0028
?_leituraADC                 cstackCOMMON 0070
?_strcmp                     cstackCOMMON 0070
?_strlen                     cstackCOMMON 0070
?_valida_senha               cstackBANK0  003B
LCD_escreve@x                cstackCOMMON 0072
Linha2@i                     cstackCOMMON 0077
_ADCON0                      (abs)        001F
_ADCON1                      (abs)        009F
_ADRESH                      (abs)        001E
_ADRESL                      (abs)        009E
_GO_nDONE                    (abs)        00FA
_LCD_enable                  text32       11B6
_LCD_escreve                 text29       11F4
_LCD_init                    text30       12EB
_LCD_limpa                   text16       11D4
_LCD_linha1                  text15       11E4
_LCD_linha2                  text28       11C4
_Linha2                      text25       1355
_PORTB                       (abs)        0006
_PORTD                       (abs)        0008
_PORTE                       (abs)        0009
_RA1                         (abs)        0029
_RA3                         (abs)        002B
_RA4                         (abs)        002C
_RA5                         (abs)        002D
_RB0                         (abs)        0030
_RB1                         (abs)        0031
_RB2                         (abs)        0032
_RB3                         (abs)        0033
_TRISA                       (abs)        0085
_TRISB                       (abs)        0086
_TRISD                       (abs)        0088
_TRISE                       (abs)        0089
__Habs1                      abs1         0000
__Hbank0                     bank0        0000
__Hbank1                     bank1        0000
__Hbank2                     bank2        0000
__Hbank3                     bank3        0000
__HbssBANK0                  bssBANK0     0000
__Hcinit                     cinit        0800
__Hclrtext                   clrtext      0000
__Hcode                      code         0000
__Hcommon                    common       0000
__HcstackBANK0               cstackBANK0  0000
__HcstackCOMMON              cstackCOMMON 0000
__HdataBANK0                 dataBANK0    0000
__HdataBANK1                 dataBANK1    0000
__HdataBANK2                 dataBANK2    0000
__HdataBANK3                 dataBANK3    0000
__Heeprom_data               eeprom_data  0000
__Hend_init                  end_init     0003
__Hfunctab                   functab      0000
__HidataBANK0                idataBANK0   0000
__HidataBANK1                idataBANK1   0000
__HidataBANK2                idataBANK2   0000
__HidataBANK3                idataBANK3   0000
__Hinit                      init         0000
__Hinittext                  inittext     0000
__Hintentry                  intentry     0000
__Hmaintext                  maintext     0000
__Hpowerup                   powerup      0000
__Hram                       ram          0000
__Hreset_vec                 reset_vec    0000
__Hsfr0                      sfr0         0000
__Hsfr1                      sfr1         0000
__Hsfr2                      sfr2         0000
__Hsfr3                      sfr3         0000
__Hspace_0                   (abs)        1800
__Hspace_1                   (abs)        01EE
__Hspace_2                   (abs)        0000
__Hspace_3                   (abs)        0000
__Hstack                     stack        0000
__Hstrings                   strings      0000
__Htext                      text         0000
__Labs1                      abs1         0000
__Lbank0                     bank0        0000
__Lbank1                     bank1        0000
__Lbank2                     bank2        0000
__Lbank3                     bank3        0000
__LbssBANK0                  bssBANK0     0000
__Lcinit                     cinit        07BE
__Lclrtext                   clrtext      0000
__Lcode                      code         0000
__Lcommon                    common       0000
__LcstackBANK0               cstackBANK0  0000
__LcstackCOMMON              cstackCOMMON 0000
__LdataBANK0                 dataBANK0    0000
__LdataBANK1                 dataBANK1    0000
__LdataBANK2                 dataBANK2    0000
__LdataBANK3                 dataBANK3    0000
__Leeprom_data               eeprom_data  0000
__Lend_init                  end_init     0000
__Lfunctab                   functab      0000
__LidataBANK0                idataBANK0   0000
__LidataBANK1                idataBANK1   0000
__LidataBANK2                idataBANK2   0000
__LidataBANK3                idataBANK3   0000
__Linit                      init         0000
__Linittext                  inittext     0000
__Lintentry                  intentry     0000
__Lmaintext                  maintext     0000
__Lpowerup                   powerup      0000
__Lram                       ram          0000
__Lreset_vec                 reset_vec    0000
__Lsfr0                      sfr0         0000
__Lsfr1                      sfr1         0000
__Lsfr2                      sfr2         0000
__Lsfr3                      sfr3         0000
__Lspace_0                   (abs)        0000
__Lspace_1                   (abs)        0000
__Lspace_2                   (abs)        0000
__Lspace_3                   (abs)        0000
__Lstack                     stack        0000
__Lstrings                   strings      0000
__Ltext                      text         0000
__S0                         (abs)        1800
__S1                         (abs)        01EE
__S2                         (abs)        0000
__S3                         (abs)        0000
__Umul8_16                   text22       1295
__Umul8_16@multiplicand      cstackCOMMON 0070
__Umul8_16@multiplier        cstackCOMMON 0078
__Umul8_16@product           cstackCOMMON 0074
__Umul8_16@word_mpld         cstackCOMMON 0076
___fladd                     text20       0D68
___fladd@a                   cstackCOMMON 0074
___fladd@aexp                cstackCOMMON 0079
___fladd@b                   cstackCOMMON 0070
___fladd@bexp                cstackCOMMON 007A
___fladd@grs                 cstackCOMMON 007B
___fladd@signs               cstackCOMMON 0078
___flge                      text23       16B8
___flge@ff1                  cstackCOMMON 0070
___flge@ff2                  cstackCOMMON 0074
___flmul                     text21       045D
___flmul@a                   cstackBANK0  0024
___flmul@aexp                cstackBANK0  002D
___flmul@b                   cstackBANK0  0020
___flmul@bexp                cstackBANK0  002E
___flmul@grs                 cstackBANK0  0029
___flmul@prod                cstackBANK0  002F
___flmul@sign                cstackBANK0  0028
___flmul@temp                cstackBANK0  0033
___flsub                     text19       1271
___flsub@a                   cstackBANK0  0028
___flsub@b                   cstackBANK0  002C
___int_sp                    stack        0000
___latbits                   (abs)        0002
___sp                        stack        0000
___stackhi                   (abs)        0000
___stacklo                   (abs)        0000
__end_of_LCD_enable          text32       11C4
__end_of_LCD_escreve         text29       1205
__end_of_LCD_init            text30       131E
__end_of_LCD_limpa           text16       11E4
__end_of_LCD_linha1          text15       11F4
__end_of_LCD_linha2          text28       11D4
__end_of_Linha2              text25       1393
__end_of__Umul8_16           text22       12BC
__end_of___fladd             text20       1000
__end_of___flge              text23       175A
__end_of___flmul             text21       07BE
__end_of___flsub             text19       1295
__end_of__initialization     cinit        07FC
__end_of_alteraSenhas        text10       14B7
__end_of_confereTeclado      text24       163C
__end_of_configZonas         text7        09D9
__end_of_delay               text33       122E
__end_of_escreveMesagem      text14       1355
__end_of_espacoLivre         text27       124F
__end_of_infoZonas           text9        1271
__end_of_inicioADC           text6        11B6
__end_of_init                text31       11A9
__end_of_inputSenhaAlter     text12       156E
__end_of_leituraADC          text5        12EB
__end_of_liga_buzzer         text18       16B8
__end_of_listaZonas          text4        0D68
__end_of_main                maintext     00FE
__end_of_rotinaValidaSenha   text11       141B
__end_of_setaZona            text8        08FE
__end_of_strcmp              text3        082D
__end_of_strlen              text26       0022
__end_of_teclado             text17       045D
__end_of_telaInicial         text2        13D3
__end_of_validaUser          text1        0B2A
__end_of_valida_senha        text13       1800
__initialization             cinit        07BE
__pbssBANK0                  bssBANK0     0053
__pcstackBANK0               cstackBANK0  0020
__pcstackCOMMON              cstackCOMMON 0070
__pdataBANK0                 dataBANK0    0063
__pdataBANK1                 dataBANK1    00A0
__pdataBANK2                 dataBANK2    0110
__pdataBANK3                 dataBANK3    0190
__pidataBANK0                idataBANK0   1193
__pidataBANK1                idataBANK1   141B
__pidataBANK2                idataBANK2   14B7
__pidataBANK3                idataBANK3   156E
__pmaintext                  maintext     0022
__ptext1                     text1        09D9
__ptext10                    text10       1464
__ptext11                    text11       13D3
__ptext12                    text12       1512
__ptext13                    text13       175A
__ptext14                    text14       131E
__ptext15                    text15       11E4
__ptext16                    text16       11D4
__ptext17                    text17       00FE
__ptext18                    text18       163C
__ptext19                    text19       1271
__ptext2                     text2        1393
__ptext20                    text20       0D68
__ptext21                    text21       045D
__ptext22                    text22       1295
__ptext23                    text23       16B8
__ptext24                    text24       15CC
__ptext25                    text25       1355
__ptext26                    text26       0004
__ptext27                    text27       122E
__ptext28                    text28       11C4
__ptext29                    text29       11F4
__ptext3                     text3        0803
__ptext30                    text30       12EB
__ptext31                    text31       119D
__ptext32                    text32       11B6
__ptext33                    text33       1218
__ptext4                     text4        0B2A
__ptext5                     text5        12BC
__ptext6                     text6        11A9
__ptext7                     text7        08FE
__ptext8                     text8        082D
__ptext9                     text9        124F
__size_of_LCD_enable         (abs)        0000
__size_of_LCD_escreve        (abs)        0000
__size_of_LCD_init           (abs)        0000
__size_of_LCD_limpa          (abs)        0000
__size_of_LCD_linha1         (abs)        0000
__size_of_LCD_linha2         (abs)        0000
__size_of_Linha2             (abs)        0000
__size_of__Umul8_16          (abs)        0000
__size_of___fladd            (abs)        0000
__size_of___flge             (abs)        0000
__size_of___flmul            (abs)        0000
__size_of___flsub            (abs)        0000
__size_of_alteraSenhas       (abs)        0000
__size_of_confereTeclado     (abs)        0000
__size_of_configZonas        (abs)        0000
__size_of_delay              (abs)        0000
__size_of_escreveMesagem     (abs)        0000
__size_of_espacoLivre        (abs)        0000
__size_of_infoZonas          (abs)        0000
__size_of_inicioADC          (abs)        0000
__size_of_init               (abs)        0000
__size_of_inputSenhaAlter    (abs)        0000
__size_of_leituraADC         (abs)        0000
__size_of_liga_buzzer        (abs)        0000
__size_of_listaZonas         (abs)        0000
__size_of_main               (abs)        0000
__size_of_rotinaValidaSenha  (abs)        0000
__size_of_setaZona           (abs)        0000
__size_of_strcmp             (abs)        0000
__size_of_strlen             (abs)        0000
__size_of_teclado            (abs)        0000
__size_of_telaInicial        (abs)        0000
__size_of_validaUser         (abs)        0000
__size_of_valida_senha       (abs)        0000
_alteraSenha                 bssBANK0     0059
_alteraSenhas                text10       1464
_aux                         bssBANK0     005B
_confereTeclado              text24       15CC
_configZonas                 text7        08FE
_delay                       text33       1218
_escreveMesagem              text14       131E
_espacoLivre                 text27       122E
_infoZonas                   text9        124F
_inicioADC                   text6        11A9
_init                        text31       119D
_input                       dataBANK0    006B
_inputSenhaAlter             text12       1512
_leituraADC                  text5        12BC
_liga_buzzer                 text18       163C
_listaZonas                  text4        0B2A
_main                        maintext     0022
_menu                        dataBANK0    0065
_msgAceitoOuNego             dataBANK1    00BE
_msgChamaAjuda               dataBANK3    01E4
_msgConfigDispara            dataBANK1    00AF
_msgDesativarZona            dataBANK3    0190
_msgDigiteNovaSenha          dataBANK2    0150
_msgDigiteSenha              dataBANK2    0141
_msgMascara                  dataBANK1    00D0
_msgReativar                 dataBANK1    00C7
_msgSenhaAtualizada          dataBANK2    0110
_msgSenhaCancelada           dataBANK2    0131
_msgSenhaCoacao              dataBANK3    01CA
_msgSenhaConfig              dataBANK3    01D7
_msgSenhaCorreta             dataBANK3    01BC
_msgSenhaDisparo             dataBANK3    019F
_msgSenhaErrada              dataBANK2    015E
_msgSenhaUsuario             dataBANK3    01AE
_msgValidaSenha              dataBANK2    0121
_msgZonaDisparadas           dataBANK1    00A0
_opConfig                    bssBANK0     0057
_rotinaValidaSenha           text11       13D3
_senhaCoa                    dataBANK1    00DA
_senhaCoaAtivo               bssBANK0     0061
_senhaConfig                 dataBANK1    00D5
_senhaUser                   dataBANK1    00E4
_senhaUserConfere            dataBANK1    00DF
_setaZona                    text8        082D
_strcmp                      text3        0803
_strlen                      text26       0004
_teclado                     text17       00FE
_telaInicial                 text2        1393
_userFalse                   dataBANK0    0067
_validaSenha                 bssBANK0     005D
_validaUser                  text1        09D9
_valida_senha                text13       175A
_valorSensor                 bssBANK0     0055
_zonaConfig                  bssBANK0     005F
alteraSenhas@opConfig        cstackBANK0  004C
btemp                        (abs)        007E
clear_ram0                   clrtext      118B
confereTeclado@numero        cstackCOMMON 0070
delay@i                      cstackCOMMON 0070
end_of_initialization        cinit        07FC
escreveMesagem@i             cstackCOMMON 0078
escreveMesagem@texto         cstackCOMMON 0073
espacoLivre@i                cstackCOMMON 0073
init_fetch0                  inittext     1205
init_ram0                    inittext     1209
inputSenhaAlter@i            cstackBANK0  0046
inputSenhaAlter@senhaDestino cstackBANK0  0045
intlevel0                    functab      0000
intlevel1                    functab      0000
intlevel2                    functab      0000
intlevel3                    functab      0000
intlevel4                    functab      0000
intlevel5                    functab      0000
leituraADC@canal             cstackCOMMON 0076
leituraADC@leitura           cstackCOMMON 0074
liga_buzzer@tempoSegundos    cstackBANK0  0035
listaZonas@valorSensor       cstackBANK0  003B
reset_vec                    reset_vec    0000
rotinaValidaSenha@senhaOp    cstackBANK0  004B
setaZona@i                   cstackBANK0  0023
setaZona@i_185               cstackBANK0  0025
setaZona@msgConfigDispara    cstackCOMMON 007A
setaZona@msgZonaDisparadas   cstackBANK0  0027
setaZona@pos                 cstackCOMMON 007B
start                        init         0000
start_initialization         cinit        07BE
strcmp@r                     cstackCOMMON 0075
strcmp@s1                    cstackCOMMON 0076
strcmp@s2                    cstackCOMMON 0070
strlen@cp                    cstackCOMMON 0072
strlen@s                     cstackCOMMON 0070
telaInicial@i                cstackCOMMON 0076
validaUser@n                 cstackBANK0  0041
valida_senha@aceito          cstackBANK0  0041
valida_senha@texto           cstackBANK0  0040
wtemp0                       (abs)        007E


MODULE INFORMATION

Module		Function		Class		Link	Load	Size
C:\Program Files\Microchip\xc8\v2.32\pic\sources\c90\common\sprcadd.c
		___flsub       		CODE           	1271	0000	36
		___fladd       		CODE           	0D68	0000	664

C:\Program Files\Microchip\xc8\v2.32\pic\sources\c90\common\sprcadd.c estimated size: 700

C:\Program Files\Microchip\xc8\v2.32\pic\sources\c90\common\flge.c
		___flge        		CODE           	16B8	0000	162

C:\Program Files\Microchip\xc8\v2.32\pic\sources\c90\common\flge.c estimated size: 162

./lcd.h
		_init          		CODE           	119D	0000	12
		_LCD_limpa     		CODE           	11D4	0000	16
		_delay         		CODE           	1218	0000	22
		_LCD_enable    		CODE           	11B6	0000	14
		_LCD_escreve   		CODE           	11F4	0000	17
		_LCD_init      		CODE           	12EB	0000	51
		_LCD_linha1    		CODE           	11E4	0000	16
		_LCD_linha2    		CODE           	11C4	0000	16

./lcd.h estimated size: 164

C:\Program Files\Microchip\xc8\v2.32\pic\sources\c90\common\Umul8_16.c
		__Umul8_16     		CODE           	1295	0000	39

C:\Program Files\Microchip\xc8\v2.32\pic\sources\c90\common\Umul8_16.c estimated size: 39

C:\Program Files\Microchip\xc8\v2.32\pic\sources\c90\common\strlen.c
		_strlen        		CODE           	0004	0000	30

C:\Program Files\Microchip\xc8\v2.32\pic\sources\c90\common\strlen.c estimated size: 30

C:\Program Files\Microchip\xc8\v2.32\pic\sources\c90\common\strcmp.c
		_strcmp        		CODE           	0803	0000	42

C:\Program Files\Microchip\xc8\v2.32\pic\sources\c90\common\strcmp.c estimated size: 42

shared
		__initialization		CODE           	07BE	0000	62

shared estimated size: 62

C:\Program Files\Microchip\xc8\v2.32\pic\sources\c90\common\sprcmul.c
		___flmul       		CODE           	045D	0000	865

C:\Program Files\Microchip\xc8\v2.32\pic\sources\c90\common\sprcmul.c estimated size: 865

main.c
		_inputSenhaAlter		CODE           	1512	0000	92
		_valida_senha  		CODE           	175A	0000	166
		_telaInicial   		CODE           	1393	0000	64
		_setaZona      		CODE           	082D	0000	209
		_validaUser    		CODE           	09D9	0000	337
		_alteraSenhas  		CODE           	1464	0000	83
		_main          		CODE           	0022	0000	220
		_rotinaValidaSenha		CODE           	13D3	0000	72
		_espacoLivre   		CODE           	122E	0000	33
		_confereTeclado		CODE           	15CC	0000	112
		_escreveMesagem		CODE           	131E	0000	55
		_listaZonas    		CODE           	0B2A	0000	574
		_configZonas   		CODE           	08FE	0000	219
		_teclado       		CODE           	00FE	0000	863
		_inicioADC     		CODE           	11A9	0000	13
		_Linha2        		CODE           	1355	0000	62
		_liga_buzzer   		CODE           	163C	0000	124
		_infoZonas     		CODE           	124F	0000	34
		_leituraADC    		CODE           	12BC	0000	47

main.c estimated size: 3379

