Microchip MPLAB XC8 Compiler V2.32

Linker command line:

-W-3 --edf=C:\Program Files\Microchip\xc8\v2.32\pic\dat\en_msgs.txt -cn \
  -h+dist/default/production\CentralAlarme.X.production.sym \
  --cmf=dist/default/production\CentralAlarme.X.production.cmf -z -Q16F877A \
  -oC:\Users\joaog\AppData\Local\Temp\xcAs3s8.4 --defsym=__MPLAB_BUILD=1 \
  -Mdist/default/production/CentralAlarme.X.production.map -E1 \
  -ver=XC8 Compiler --acfsm=1493 -ASTACK=0110h-016Fh -pstack=STACK \
  -ACODE=00h-07FFhx4 -ASTRCODE=00h-01FFFh -ASTRING=00h-0FFhx32 \
  -ACONST=00h-0FFhx32 -AENTRY=00h-0FFhx32 -ACOMMON=070h-07Fh \
  -ABANK0=020h-06Fh -ABANK1=0A0h-0EFh -ABANK2=0110h-016Fh \
  -ABANK3=0190h-01EFh -ARAM=020h-06Fh,0A0h-0EFh,0110h-016Fh,0190h-01EFh \
  -AABS1=020h-07Fh,0A0h-0EFh,0110h-016Fh,0190h-01EFh -ASFR0=00h-01Fh \
  -ASFR1=080h-09Fh -ASFR2=0100h-010Fh -ASFR3=0180h-018Fh \
  -ACONFIG=02007h-02007h -DCONFIG=2 -AIDLOC=02000h-02003h -DIDLOC=2 \
  -AEEDATA=00h-0FFh/02100h -peeprom_data=EEDATA -DEEDATA=2 -DCODE=2 \
  -DSTRCODE=2 -DSTRING=2 -DCONST=2 -DENTRY=2 \
  -preset_vec=00h,intentry,init,end_init -ppowerup=CODE -pcinit=CODE \
  -pfunctab=ENTRY -k C:\Users\joaog\AppData\Local\Temp\xcAs3s8.o \
  dist/default/production\CentralAlarme.X.production.o 

Object code version is 3.11

Machine type is 16F877A



                Name                               Link     Load   Length Selector   Space Scale
C:\Users\joaog\AppData\Local\Temp\xcAs3s8.o
                end_init                              0        0        3        0       0
dist/default/production\CentralAlarme.X.production.o
                cinit                               7D3      7D3       2D      FA6       0
                text14                              583      583       16      B06       0
                text13                              521      521        E      A42       0
                text12                              515      515        C      A2A       0
                text11                              626      626       33      C4C       0
                text10                              52F      52F       10      A5E       0
                text9                               55F      55F       11      ABE       0
                text8                               53F      53F       10      A7E       0
                text7                               5D2      5D2       2A      BA4       0
                text6                               599      599       19      B32       0
                text5                               659      659       3B      CB2       0
                text4                               54F      54F       10      A9E       0
                text3                               694      694       3D      D28       0
                text2                               5FC      5FC       2A      BF8       0
                text1                               715      715       BE      E2A       0
                maintext                            6D1      6D1       44      DA2       0
                cstackCOMMON                         70       70        A       70       1
                inittext                            570      570       13      AE0       0
                dataBANK0                            20       20       20       20       1
                bssBANK0                             40       40        E       20       1
                dataCOMMON                           7A       7A        2       70       1
                bssCOMMON                            7C       7C        1       70       1
                idataBANK0                          5B2      5B2       20      B64       0
                idataCOMMON                         513      513        2      A26       0

TOTAL           Name                               Link     Load   Length     Space
        CLASS   STACK          

        CLASS   CODE           
                end_init                              0        0        3         0
                cinit                               7D3      7D3       2D         0
                text14                              583      583       16         0
                text13                              521      521        E         0
                text12                              515      515        C         0
                text11                              626      626       33         0
                text10                              52F      52F       10         0
                text9                               55F      55F       11         0
                text8                               53F      53F       10         0
                text7                               5D2      5D2       2A         0
                text6                               599      599       19         0
                text5                               659      659       3B         0
                text4                               54F      54F       10         0
                text3                               694      694       3D         0
                text2                               5FC      5FC       2A         0
                text1                               715      715       BE         0
                maintext                            6D1      6D1       44         0
                inittext                            570      570       13         0
                idataBANK0                          5B2      5B2       20         0
                idataCOMMON                         513      513        2         0

        CLASS   STRCODE        

        CLASS   STRING         

        CLASS   CONST          

        CLASS   ENTRY          

        CLASS   COMMON         
                cstackCOMMON                         70       70        A         1
                dataCOMMON                           7A       7A        2         1
                bssCOMMON                            7C       7C        1         1

        CLASS   BANK0          
                dataBANK0                            20       20       20         1
                bssBANK0                             40       40        E         1

        CLASS   BANK1          

        CLASS   BANK2          

        CLASS   BANK3          

        CLASS   RAM            

        CLASS   ABS1           
                abs_s1                               7E       7E        2         1

        CLASS   SFR0           

        CLASS   SFR1           

        CLASS   SFR2           

        CLASS   SFR3           

        CLASS   CONFIG         

        CLASS   IDLOC          

        CLASS   EEDATA         



SEGMENTS        Name                           Load    Length   Top    Selector   Space  Class     Delta

                reset_vec                      000000  000003  000003         0       0  CODE        2
                dataBANK0                      000020  00002E  00004E        20       1  BANK0       1
                cstackCOMMON                   000070  00000D  00007D        70       1  COMMON      1
                idataCOMMON                    000513  000002  000515       A26       0  CODE        2
                text12                         000515  00000C  000521       A2A       0  CODE        2
                text13                         000521  00000E  00052F       A42       0  CODE        2
                text10                         00052F  000010  00053F       A5E       0  CODE        2
                text8                          00053F  000010  00054F       A7E       0  CODE        2
                text4                          00054F  000010  00055F       A9E       0  CODE        2
                text9                          00055F  000011  000570       ABE       0  CODE        2
                inittext                       000570  000013  000583       AE0       0  CODE        2
                text14                         000583  000016  000599       B06       0  CODE        2
                text6                          000599  000019  0005B2       B32       0  CODE        2
                idataBANK0                     0005B2  000020  0005D2       B64       0  CODE        2
                text7                          0005D2  00002A  0005FC       BA4       0  CODE        2
                text2                          0005FC  00002A  000626       BF8       0  CODE        2
                text11                         000626  000033  000659       C4C       0  CODE        2
                text5                          000659  00003B  000694       CB2       0  CODE        2
                text3                          000694  00003D  0006D1       D28       0  CODE        2
                maintext                       0006D1  000044  000715       DA2       0  CODE        2
                text1                          000715  0000BE  0007D3       E2A       0  CODE        2
                cinit                          0007D3  00002D  000800       FA6       0  CODE        2


UNUSED ADDRESS RANGES

        Name                Unused          Largest block    Delta
        BANK0            004E-006F             22           1
        BANK1            00A0-00EF             50           1
        BANK2            0110-016F             60           1
        BANK3            0190-01EF             60           1
        CODE             0003-0512            510           2
                         0800-1FFF            800
        COMMON           007D-007D              1           1
        CONFIG           2007-2007              1           2
        CONST            0003-0512            100           2
                         0800-1FFF            100
        EEDATA           2100-21FF            100           2
        ENTRY            0003-0512            100           2
                         0800-1FFF            100
        IDLOC            2000-2003              4           2
        RAM              004E-006F             22           1
                         00A0-00EF             50
                         0110-016F             60
                         0190-01EF             60
        SFR0             0000-001F             20           1
        SFR1             0080-009F             20           1
        SFR2             0100-010F             10           1
        SFR3             0180-018F             10           1
        STACK            0110-016F             60           1
        STRCODE          0003-0512            510           2
                         0800-1FFF           1800
        STRING           0003-0512            100           2
                         0800-1FFF            100

                                  Symbol Table

?_strcmp                 cstackCOMMON 0070
?_strlen                 cstackCOMMON 0070
LCD_escreve@x            cstackCOMMON 0072
Linha2@i                 cstackCOMMON 0077
_ADCON1                  (abs)        009F
_LCD_enable              text13       0521
_LCD_escreve             text9        055F
_LCD_init                text11       0626
_LCD_limpa               text10       052F
_LCD_linha1              text4        054F
_LCD_linha2              text8        053F
_Linha2                  text5        0659
_PORTB                   (abs)        0006
_PORTD                   (abs)        0008
_PORTE                   (abs)        0009
_RA1                     (abs)        0029
_RA3                     (abs)        002B
_RA4                     (abs)        002C
_RA5                     (abs)        002D
_RB0                     (abs)        0030
_RB1                     (abs)        0031
_RB2                     (abs)        0032
_RB3                     (abs)        0033
_TRISA                   (abs)        0085
_TRISB                   (abs)        0086
_TRISD                   (abs)        0088
_TRISE                   (abs)        0089
__Habs1                  abs1         0000
__Hbank0                 bank0        0000
__Hbank1                 bank1        0000
__Hbank2                 bank2        0000
__Hbank3                 bank3        0000
__HbssBANK0              bssBANK0     0000
__HbssCOMMON             bssCOMMON    0000
__Hcinit                 cinit        0800
__Hclrtext               clrtext      0000
__Hcode                  code         0000
__Hcommon                common       0000
__HcstackCOMMON          cstackCOMMON 0000
__HdataBANK0             dataBANK0    0000
__HdataCOMMON            dataCOMMON   0000
__Heeprom_data           eeprom_data  0000
__Hend_init              end_init     0003
__Hfunctab               functab      0000
__HidataBANK0            idataBANK0   0000
__HidataCOMMON           idataCOMMON  0000
__Hinit                  init         0000
__Hinittext              inittext     0000
__Hintentry              intentry     0000
__Hmaintext              maintext     0000
__Hpowerup               powerup      0000
__Hram                   ram          0000
__Hreset_vec             reset_vec    0000
__Hsfr0                  sfr0         0000
__Hsfr1                  sfr1         0000
__Hsfr2                  sfr2         0000
__Hsfr3                  sfr3         0000
__Hspace_0               (abs)        0800
__Hspace_1               (abs)        007D
__Hspace_2               (abs)        0000
__Hspace_3               (abs)        0000
__Hstack                 stack        0000
__Hstrings               strings      0000
__Htext                  text         0000
__Labs1                  abs1         0000
__Lbank0                 bank0        0000
__Lbank1                 bank1        0000
__Lbank2                 bank2        0000
__Lbank3                 bank3        0000
__LbssBANK0              bssBANK0     0000
__LbssCOMMON             bssCOMMON    0000
__Lcinit                 cinit        07D3
__Lclrtext               clrtext      0000
__Lcode                  code         0000
__Lcommon                common       0000
__LcstackCOMMON          cstackCOMMON 0000
__LdataBANK0             dataBANK0    0000
__LdataCOMMON            dataCOMMON   0000
__Leeprom_data           eeprom_data  0000
__Lend_init              end_init     0000
__Lfunctab               functab      0000
__LidataBANK0            idataBANK0   0000
__LidataCOMMON           idataCOMMON  0000
__Linit                  init         0000
__Linittext              inittext     0000
__Lintentry              intentry     0000
__Lmaintext              maintext     0000
__Lpowerup               powerup      0000
__Lram                   ram          0000
__Lreset_vec             reset_vec    0000
__Lsfr0                  sfr0         0000
__Lsfr1                  sfr1         0000
__Lsfr2                  sfr2         0000
__Lsfr3                  sfr3         0000
__Lspace_0               (abs)        0000
__Lspace_1               (abs)        0000
__Lspace_2               (abs)        0000
__Lspace_3               (abs)        0000
__Lstack                 stack        0000
__Lstrings               strings      0000
__Ltext                  text         0000
__S0                     (abs)        0800
__S1                     (abs)        007D
__S2                     (abs)        0000
__S3                     (abs)        0000
___int_sp                stack        0000
___latbits               (abs)        0002
___sp                    stack        0000
___stackhi               (abs)        0000
___stacklo               (abs)        0000
__end_of_LCD_enable      text13       052F
__end_of_LCD_escreve     text9        0570
__end_of_LCD_init        text11       0659
__end_of_LCD_limpa       text10       053F
__end_of_LCD_linha1      text4        055F
__end_of_LCD_linha2      text8        054F
__end_of_Linha2          text5        0694
__end_of__initialization cinit        07FC
__end_of_delay           text14       0599
__end_of_espacoLivre     text7        05FC
__end_of_init            text12       0521
__end_of_main            maintext     0715
__end_of_strcmp          text2        0626
__end_of_strlen          text6        05B2
__end_of_telaInicial     text3        06D1
__end_of_validaUser      text1        07D3
__initialization         cinit        07D3
__pbssBANK0              bssBANK0     0040
__pbssCOMMON             bssCOMMON    007C
__pcstackCOMMON          cstackCOMMON 0070
__pdataBANK0             dataBANK0    0020
__pdataCOMMON            dataCOMMON   007A
__pidataBANK0            idataBANK0   05B2
__pidataCOMMON           idataCOMMON  0513
__pmaintext              maintext     06D1
__ptext1                 text1        0715
__ptext10                text10       052F
__ptext11                text11       0626
__ptext12                text12       0515
__ptext13                text13       0521
__ptext14                text14       0583
__ptext2                 text2        05FC
__ptext3                 text3        0694
__ptext4                 text4        054F
__ptext5                 text5        0659
__ptext6                 text6        0599
__ptext7                 text7        05D2
__ptext8                 text8        053F
__ptext9                 text9        055F
__size_of_LCD_enable     (abs)        0000
__size_of_LCD_escreve    (abs)        0000
__size_of_LCD_init       (abs)        0000
__size_of_LCD_limpa      (abs)        0000
__size_of_LCD_linha1     (abs)        0000
__size_of_LCD_linha2     (abs)        0000
__size_of_Linha2         (abs)        0000
__size_of_delay          (abs)        0000
__size_of_espacoLivre    (abs)        0000
__size_of_init           (abs)        0000
__size_of_main           (abs)        0000
__size_of_strcmp         (abs)        0000
__size_of_strlen         (abs)        0000
__size_of_telaInicial    (abs)        0000
__size_of_validaUser     (abs)        0000
_delay                   text14       0583
_espacoLivre             text7        05D2
_init                    text12       0515
_input                   bssBANK0     004C
_main                    maintext     06D1
_msg                     dataBANK0    0022
_msg2                    dataBANK0    0031
_painel                  dataBANK0    0020
_senhaUser               dataBANK0    003B
_senhaUserConfere        dataBANK0    0036
_strcmp                  text2        05FC
_strlen                  text6        0599
_telaInicial             text3        0694
_userFalse               dataCOMMON   007A
_validaUser              text1        0715
btemp                    (abs)        007E
delay@i                  cstackCOMMON 0070
end_of_initialization    cinit        07FC
init_fetch0              inittext     0570
init_ram0                inittext     0574
intlevel0                functab      0000
intlevel1                functab      0000
intlevel2                functab      0000
intlevel3                functab      0000
intlevel4                functab      0000
intlevel5                functab      0000
reset_vec                reset_vec    0000
start                    init         0000
start_initialization     cinit        07D3
strcmp@r                 cstackCOMMON 0075
strcmp@s1                cstackCOMMON 0076
strcmp@s2                cstackCOMMON 0070
strlen@cp                cstackCOMMON 0073
strlen@s                 cstackCOMMON 0074
telaInicial@i            cstackCOMMON 0077
wtemp0                   (abs)        007E


MODULE INFORMATION

Module		Function		Class		Link	Load	Size
./lcd.h
		_init          		CODE           	0515	0000	12
		_LCD_limpa     		CODE           	052F	0000	16
		_delay         		CODE           	0583	0000	22
		_LCD_enable    		CODE           	0521	0000	14
		_LCD_escreve   		CODE           	055F	0000	17
		_LCD_init      		CODE           	0626	0000	51
		_LCD_linha1    		CODE           	054F	0000	16
		_LCD_linha2    		CODE           	053F	0000	16

./lcd.h estimated size: 164

C:\Program Files\Microchip\xc8\v2.32\pic\sources\c90\common\strlen.c
		_strlen        		CODE           	0599	0000	25

C:\Program Files\Microchip\xc8\v2.32\pic\sources\c90\common\strlen.c estimated size: 25

C:\Program Files\Microchip\xc8\v2.32\pic\sources\c90\common\strcmp.c
		_strcmp        		CODE           	05FC	0000	42

C:\Program Files\Microchip\xc8\v2.32\pic\sources\c90\common\strcmp.c estimated size: 42

shared
		__initialization		CODE           	07D3	0000	41

shared estimated size: 41

main.c
		_telaInicial   		CODE           	0694	0000	61
		_validaUser    		CODE           	0715	0000	190
		_main          		CODE           	06D1	0000	68
		_espacoLivre   		CODE           	05D2	0000	42
		_Linha2        		CODE           	0659	0000	59

main.c estimated size: 420

