Microchip MPLAB XC8 Compiler V2.32

Linker command line:

-W-3 --edf=C:\Program Files\Microchip\xc8\v2.32\pic\dat\en_msgs.txt -cn \
  -h+dist/default/production\CentralAlarme.X.production.sym \
  --cmf=dist/default/production\CentralAlarme.X.production.cmf -z -Q16F877A \
  -oC:\Users\joaog\AppData\Local\Temp\xcAsf54.4 --defsym=__MPLAB_BUILD=1 \
  -Mdist/default/production/CentralAlarme.X.production.map -E1 \
  -ver=XC8 Compiler --acfsm=1493 -ASTACK=0110h-016Fh -pstack=STACK \
  -ACODE=00h-07FFhx4 -ASTRCODE=00h-01FFFh -ASTRING=00h-0FFhx32 \
  -ACONST=00h-0FFhx32 -AENTRY=00h-0FFhx32 -ACOMMON=070h-07Fh \
  -ABANK0=020h-06Fh -ABANK1=0A0h-0EFh -ABANK2=0110h-016Fh \
  -ABANK3=0190h-01EFh -ARAM=020h-06Fh,0A0h-0EFh,0110h-016Fh,0190h-01EFh \
  -AABS1=020h-07Fh,0A0h-0EFh,0110h-016Fh,0190h-01EFh -ASFR0=00h-01Fh \
  -ASFR1=080h-09Fh -ASFR2=0100h-010Fh -ASFR3=0180h-018Fh \
  -ACONFIG=02007h-02007h -DCONFIG=2 -AIDLOC=02000h-02003h -DIDLOC=2 \
  -AEEDATA=00h-0FFh/02100h -peeprom_data=EEDATA -DEEDATA=2 -DCODE=2 \
  -DSTRCODE=2 -DSTRING=2 -DCONST=2 -DENTRY=2 \
  -preset_vec=00h,intentry,init,end_init -ppowerup=CODE -pcinit=CODE \
  -pfunctab=ENTRY -k C:\Users\joaog\AppData\Local\Temp\xcAsf54.o \
  dist/default/production\CentralAlarme.X.production.o 

Object code version is 3.11

Machine type is 16F877A



                Name                               Link     Load   Length Selector   Space Scale
C:\Users\joaog\AppData\Local\Temp\xcAsf54.o
                end_init                              0        0        3        0       0
dist/default/production\CentralAlarme.X.production.o
                cinit                               7D3      7D3       2D      FA6       0
                text14                              5CC      5CC       16      B98       0
                text13                              56A      56A        E      AD4       0
                text12                              55E      55E        C      ABC       0
                text11                              66F      66F       33      CDE       0
                text10                              578      578       10      AF0       0
                text9                               5A8      5A8       11      B50       0
                text8                               588      588       10      B10       0
                text7                               61B      61B       2A      C36       0
                text6                               5E2      5E2       19      BC4       0
                text5                               6A2      6A2       3B      D44       0
                text4                               598      598       10      B30       0
                text3                               6DD      6DD       3D      DBA       0
                text2                               645      645       2A      C8A       0
                text1                               75E      75E       75      EBC       0
                maintext                            71A      71A       44      E34       0
                cstackCOMMON                         70       70        A       70       1
                inittext                            5B9      5B9       13      B72       0
                dataBANK0                            20       20       20       20       1
                bssBANK0                             40       40        E       20       1
                dataCOMMON                           7A       7A        2       70       1
                bssCOMMON                            7C       7C        1       70       1
                idataBANK0                          5FB      5FB       20      BF6       0
                idataCOMMON                         55C      55C        2      AB8       0

TOTAL           Name                               Link     Load   Length     Space
        CLASS   STACK          

        CLASS   CODE           
                end_init                              0        0        3         0
                cinit                               7D3      7D3       2D         0
                text14                              5CC      5CC       16         0
                text13                              56A      56A        E         0
                text12                              55E      55E        C         0
                text11                              66F      66F       33         0
                text10                              578      578       10         0
                text9                               5A8      5A8       11         0
                text8                               588      588       10         0
                text7                               61B      61B       2A         0
                text6                               5E2      5E2       19         0
                text5                               6A2      6A2       3B         0
                text4                               598      598       10         0
                text3                               6DD      6DD       3D         0
                text2                               645      645       2A         0
                text1                               75E      75E       75         0
                maintext                            71A      71A       44         0
                inittext                            5B9      5B9       13         0
                idataBANK0                          5FB      5FB       20         0
                idataCOMMON                         55C      55C        2         0

        CLASS   STRCODE        

        CLASS   STRING         

        CLASS   CONST          

        CLASS   ENTRY          

        CLASS   COMMON         
                cstackCOMMON                         70       70        A         1
                dataCOMMON                           7A       7A        2         1
                bssCOMMON                            7C       7C        1         1

        CLASS   BANK0          
                dataBANK0                            20       20       20         1
                bssBANK0                             40       40        E         1

        CLASS   BANK1          

        CLASS   BANK2          

        CLASS   BANK3          

        CLASS   RAM            

        CLASS   ABS1           
                abs_s1                               7E       7E        2         1

        CLASS   SFR0           

        CLASS   SFR1           

        CLASS   SFR2           

        CLASS   SFR3           

        CLASS   CONFIG         

        CLASS   IDLOC          

        CLASS   EEDATA         



SEGMENTS        Name                           Load    Length   Top    Selector   Space  Class     Delta

                reset_vec                      000000  000003  000003         0       0  CODE        2
                dataBANK0                      000020  00002E  00004E        20       1  BANK0       1
                cstackCOMMON                   000070  00000D  00007D        70       1  COMMON      1
                idataCOMMON                    00055C  000002  00055E       AB8       0  CODE        2
                text12                         00055E  00000C  00056A       ABC       0  CODE        2
                text13                         00056A  00000E  000578       AD4       0  CODE        2
                text10                         000578  000010  000588       AF0       0  CODE        2
                text8                          000588  000010  000598       B10       0  CODE        2
                text4                          000598  000010  0005A8       B30       0  CODE        2
                text9                          0005A8  000011  0005B9       B50       0  CODE        2
                inittext                       0005B9  000013  0005CC       B72       0  CODE        2
                text14                         0005CC  000016  0005E2       B98       0  CODE        2
                text6                          0005E2  000019  0005FB       BC4       0  CODE        2
                idataBANK0                     0005FB  000020  00061B       BF6       0  CODE        2
                text7                          00061B  00002A  000645       C36       0  CODE        2
                text2                          000645  00002A  00066F       C8A       0  CODE        2
                text11                         00066F  000033  0006A2       CDE       0  CODE        2
                text5                          0006A2  00003B  0006DD       D44       0  CODE        2
                text3                          0006DD  00003D  00071A       DBA       0  CODE        2
                maintext                       00071A  000044  00075E       E34       0  CODE        2
                text1                          00075E  000075  0007D3       EBC       0  CODE        2
                cinit                          0007D3  00002D  000800       FA6       0  CODE        2


UNUSED ADDRESS RANGES

        Name                Unused          Largest block    Delta
        BANK0            004E-006F             22           1
        BANK1            00A0-00EF             50           1
        BANK2            0110-016F             60           1
        BANK3            0190-01EF             60           1
        CODE             0003-055B            559           2
                         0800-1FFF            800
        COMMON           007D-007D              1           1
        CONFIG           2007-2007              1           2
        CONST            0003-055B            100           2
                         0800-1FFF            100
        EEDATA           2100-21FF            100           2
        ENTRY            0003-055B            100           2
                         0800-1FFF            100
        IDLOC            2000-2003              4           2
        RAM              004E-006F             22           1
                         00A0-00EF             50
                         0110-016F             60
                         0190-01EF             60
        SFR0             0000-001F             20           1
        SFR1             0080-009F             20           1
        SFR2             0100-010F             10           1
        SFR3             0180-018F             10           1
        STACK            0110-016F             60           1
        STRCODE          0003-055B            559           2
                         0800-1FFF           1800
        STRING           0003-055B            100           2
                         0800-1FFF            100

                                  Symbol Table

?_strcmp                 cstackCOMMON 0070
?_strlen                 cstackCOMMON 0070
LCD_escreve@x            cstackCOMMON 0072
Linha2@i                 cstackCOMMON 0077
_ADCON1                  (abs)        009F
_LCD_enable              text13       056A
_LCD_escreve             text9        05A8
_LCD_init                text11       066F
_LCD_limpa               text10       0578
_LCD_linha1              text4        0598
_LCD_linha2              text8        0588
_Linha2                  text5        06A2
_PORTB                   (abs)        0006
_PORTD                   (abs)        0008
_PORTE                   (abs)        0009
_RA1                     (abs)        0029
_RA3                     (abs)        002B
_RA4                     (abs)        002C
_RA5                     (abs)        002D
_RB0                     (abs)        0030
_RB1                     (abs)        0031
_RB2                     (abs)        0032
_RB3                     (abs)        0033
_TRISA                   (abs)        0085
_TRISB                   (abs)        0086
_TRISD                   (abs)        0088
_TRISE                   (abs)        0089
__Habs1                  abs1         0000
__Hbank0                 bank0        0000
__Hbank1                 bank1        0000
__Hbank2                 bank2        0000
__Hbank3                 bank3        0000
__HbssBANK0              bssBANK0     0000
__HbssCOMMON             bssCOMMON    0000
__Hcinit                 cinit        0800
__Hclrtext               clrtext      0000
__Hcode                  code         0000
__Hcommon                common       0000
__HcstackCOMMON          cstackCOMMON 0000
__HdataBANK0             dataBANK0    0000
__HdataCOMMON            dataCOMMON   0000
__Heeprom_data           eeprom_data  0000
__Hend_init              end_init     0003
__Hfunctab               functab      0000
__HidataBANK0            idataBANK0   0000
__HidataCOMMON           idataCOMMON  0000
__Hinit                  init         0000
__Hinittext              inittext     0000
__Hintentry              intentry     0000
__Hmaintext              maintext     0000
__Hpowerup               powerup      0000
__Hram                   ram          0000
__Hreset_vec             reset_vec    0000
__Hsfr0                  sfr0         0000
__Hsfr1                  sfr1         0000
__Hsfr2                  sfr2         0000
__Hsfr3                  sfr3         0000
__Hspace_0               (abs)        0800
__Hspace_1               (abs)        007D
__Hspace_2               (abs)        0000
__Hspace_3               (abs)        0000
__Hstack                 stack        0000
__Hstrings               strings      0000
__Htext                  text         0000
__Labs1                  abs1         0000
__Lbank0                 bank0        0000
__Lbank1                 bank1        0000
__Lbank2                 bank2        0000
__Lbank3                 bank3        0000
__LbssBANK0              bssBANK0     0000
__LbssCOMMON             bssCOMMON    0000
__Lcinit                 cinit        07D3
__Lclrtext               clrtext      0000
__Lcode                  code         0000
__Lcommon                common       0000
__LcstackCOMMON          cstackCOMMON 0000
__LdataBANK0             dataBANK0    0000
__LdataCOMMON            dataCOMMON   0000
__Leeprom_data           eeprom_data  0000
__Lend_init              end_init     0000
__Lfunctab               functab      0000
__LidataBANK0            idataBANK0   0000
__LidataCOMMON           idataCOMMON  0000
__Linit                  init         0000
__Linittext              inittext     0000
__Lintentry              intentry     0000
__Lmaintext              maintext     0000
__Lpowerup               powerup      0000
__Lram                   ram          0000
__Lreset_vec             reset_vec    0000
__Lsfr0                  sfr0         0000
__Lsfr1                  sfr1         0000
__Lsfr2                  sfr2         0000
__Lsfr3                  sfr3         0000
__Lspace_0               (abs)        0000
__Lspace_1               (abs)        0000
__Lspace_2               (abs)        0000
__Lspace_3               (abs)        0000
__Lstack                 stack        0000
__Lstrings               strings      0000
__Ltext                  text         0000
__S0                     (abs)        0800
__S1                     (abs)        007D
__S2                     (abs)        0000
__S3                     (abs)        0000
___int_sp                stack        0000
___latbits               (abs)        0002
___sp                    stack        0000
___stackhi               (abs)        0000
___stacklo               (abs)        0000
__end_of_LCD_enable      text13       0578
__end_of_LCD_escreve     text9        05B9
__end_of_LCD_init        text11       06A2
__end_of_LCD_limpa       text10       0588
__end_of_LCD_linha1      text4        05A8
__end_of_LCD_linha2      text8        0598
__end_of_Linha2          text5        06DD
__end_of__initialization cinit        07FC
__end_of_delay           text14       05E2
__end_of_espacoLivre     text7        0645
__end_of_init            text12       056A
__end_of_main            maintext     075E
__end_of_strcmp          text2        066F
__end_of_strlen          text6        05FB
__end_of_telaInicial     text3        071A
__end_of_validaUser      text1        07D3
__initialization         cinit        07D3
__pbssBANK0              bssBANK0     0040
__pbssCOMMON             bssCOMMON    007C
__pcstackCOMMON          cstackCOMMON 0070
__pdataBANK0             dataBANK0    0020
__pdataCOMMON            dataCOMMON   007A
__pidataBANK0            idataBANK0   05FB
__pidataCOMMON           idataCOMMON  055C
__pmaintext              maintext     071A
__ptext1                 text1        075E
__ptext10                text10       0578
__ptext11                text11       066F
__ptext12                text12       055E
__ptext13                text13       056A
__ptext14                text14       05CC
__ptext2                 text2        0645
__ptext3                 text3        06DD
__ptext4                 text4        0598
__ptext5                 text5        06A2
__ptext6                 text6        05E2
__ptext7                 text7        061B
__ptext8                 text8        0588
__ptext9                 text9        05A8
__size_of_LCD_enable     (abs)        0000
__size_of_LCD_escreve    (abs)        0000
__size_of_LCD_init       (abs)        0000
__size_of_LCD_limpa      (abs)        0000
__size_of_LCD_linha1     (abs)        0000
__size_of_LCD_linha2     (abs)        0000
__size_of_Linha2         (abs)        0000
__size_of_delay          (abs)        0000
__size_of_espacoLivre    (abs)        0000
__size_of_init           (abs)        0000
__size_of_main           (abs)        0000
__size_of_strcmp         (abs)        0000
__size_of_strlen         (abs)        0000
__size_of_telaInicial    (abs)        0000
__size_of_validaUser     (abs)        0000
_delay                   text14       05CC
_espacoLivre             text7        061B
_init                    text12       055E
_input                   bssBANK0     004C
_main                    maintext     071A
_msg                     dataBANK0    0022
_msg2                    dataBANK0    0031
_painel                  dataBANK0    0020
_senhaUser               dataBANK0    003B
_senhaUserConfere        dataBANK0    0036
_strcmp                  text2        0645
_strlen                  text6        05E2
_telaInicial             text3        06DD
_userFalse               dataCOMMON   007A
_validaUser              text1        075E
btemp                    (abs)        007E
delay@i                  cstackCOMMON 0070
end_of_initialization    cinit        07FC
init_fetch0              inittext     05B9
init_ram0                inittext     05BD
intlevel0                functab      0000
intlevel1                functab      0000
intlevel2                functab      0000
intlevel3                functab      0000
intlevel4                functab      0000
intlevel5                functab      0000
reset_vec                reset_vec    0000
start                    init         0000
start_initialization     cinit        07D3
strcmp@r                 cstackCOMMON 0075
strcmp@s1                cstackCOMMON 0076
strcmp@s2                cstackCOMMON 0070
strlen@cp                cstackCOMMON 0073
strlen@s                 cstackCOMMON 0074
telaInicial@i            cstackCOMMON 0077
wtemp0                   (abs)        007E


MODULE INFORMATION

Module		Function		Class		Link	Load	Size
./lcd.h
		_init          		CODE           	055E	0000	12
		_LCD_limpa     		CODE           	0578	0000	16
		_delay         		CODE           	05CC	0000	22
		_LCD_enable    		CODE           	056A	0000	14
		_LCD_escreve   		CODE           	05A8	0000	17
		_LCD_init      		CODE           	066F	0000	51
		_LCD_linha1    		CODE           	0598	0000	16
		_LCD_linha2    		CODE           	0588	0000	16

./lcd.h estimated size: 164

C:\Program Files\Microchip\xc8\v2.32\pic\sources\c90\common\strlen.c
		_strlen        		CODE           	05E2	0000	25

C:\Program Files\Microchip\xc8\v2.32\pic\sources\c90\common\strlen.c estimated size: 25

C:\Program Files\Microchip\xc8\v2.32\pic\sources\c90\common\strcmp.c
		_strcmp        		CODE           	0645	0000	42

C:\Program Files\Microchip\xc8\v2.32\pic\sources\c90\common\strcmp.c estimated size: 42

shared
		__initialization		CODE           	07D3	0000	41

shared estimated size: 41

main.c
		_telaInicial   		CODE           	06DD	0000	61
		_validaUser    		CODE           	075E	0000	117
		_main          		CODE           	071A	0000	68
		_espacoLivre   		CODE           	061B	0000	42
		_Linha2        		CODE           	06A2	0000	59

main.c estimated size: 347

