Microchip MPLAB XC8 Compiler V2.32

Linker command line:

-W-3 --edf=C:\Program Files\Microchip\xc8\v2.32\pic\dat\en_msgs.txt -cn \
  -h+dist/default/production\CentralAlarme.X.production.sym \
  --cmf=dist/default/production\CentralAlarme.X.production.cmf -z -Q16F877A \
  -oC:\Users\joaog\AppData\Local\Temp\xcAsico.4 --defsym=__MPLAB_BUILD=1 \
  -Mdist/default/production/CentralAlarme.X.production.map -E1 \
  -ver=XC8 Compiler --acfsm=1493 -ASTACK=013Bh-016Fh -pstack=STACK \
  -ACODE=00h-07FFhx4 -ASTRCODE=00h-01FFFh -ASTRING=00h-0FFhx32 \
  -ACONST=00h-0FFhx32 -AENTRY=00h-0FFhx32 -ACOMMON=070h-07Fh \
  -ABANK0=020h-06Fh -ABANK1=0A0h-0EFh -ABANK2=0110h-016Fh \
  -ABANK3=0190h-01EFh -ARAM=020h-06Fh,0A0h-0EFh,0110h-016Fh,0190h-01EFh \
  -AABS1=020h-07Fh,0A0h-0EFh,0110h-016Fh,0190h-01EFh -ASFR0=00h-01Fh \
  -ASFR1=080h-09Fh -ASFR2=0100h-010Fh -ASFR3=0180h-018Fh \
  -ACONFIG=02007h-02007h -DCONFIG=2 -AIDLOC=02000h-02003h -DIDLOC=2 \
  -AEEDATA=00h-0FFh/02100h -peeprom_data=EEDATA -DEEDATA=2 -DCODE=2 \
  -DSTRCODE=2 -DSTRING=2 -DCONST=2 -DENTRY=2 \
  -preset_vec=00h,intentry,init,end_init -ppowerup=CODE -pcinit=CODE \
  -pfunctab=ENTRY -k C:\Users\joaog\AppData\Local\Temp\xcAsico.o \
  dist/default/production\CentralAlarme.X.production.o 

Object code version is 3.11

Machine type is 16F877A



                Name                               Link     Load   Length Selector   Space Scale
C:\Users\joaog\AppData\Local\Temp\xcAsico.o
                end_init                              0        0        3        0       0
dist/default/production\CentralAlarme.X.production.o
                cinit                               7C0      7C0       40      F80       0
                text22                              A3A      A3A       16     1474       0
                text21                              9E9      9E9        E     13D2       0
                text20                              9DD      9DD        C     13BA       0
                text19                              B6C      B6C       33     16D8       0
                text18                                3        3       11        0       0
                text17                              9F7      9F7       10     13EE       0
                text16                              AA6      AA6       21     154C       0
                text15                              A50      A50       19     14A0       0
                text14                              BD3      BD3       3B     17A6       0
                text13                              A07      A07       10     140E       0
                text12                              C0E      C0E       3D     181C       0
                text11                              A17      A17       10     142E       0
                text10                              B3D      B3D       2F     167A       0
                text9                               A69      A69       1E     14D2       0
                text8                                14       14       A2       28       0
                text7                               AEB      AEB       27     15D6       0
                text6                               45F      45F      361      8BE       0
                text5                               D68      D68      298     1AD0       0
                text4                               AC7      AC7       24     158E       0
                text3                               CEC      CEC       7C     19D8       0
                text2                               19E      19E      2C1      33C       0
                text1                                B6       B6       E8      16C       0
                maintext                            B9F      B9F       34     173E       0
                cstackBANK0                          20       20       25       20       1
                cstackCOMMON                         70       70        E       70       1
                inittext                            A27      A27       13     144E       0
                dataBANK2                           110      110       2B      110       1
                dataBANK3                           190      190       57      190       1
                dataBANK1                            A0       A0       4A       A0       1
                dataBANK0                            45       45       1F       20       1
                bssBANK0                             64       64        6       20       1
                idataBANK3                          C95      C95       57     192A       0
                idataBANK2                          B12      B12       2B     1624       0
                idataBANK1                          C4B      C4B       4A     1896       0
                idataBANK0                          A87      A87       1F     150E       0

TOTAL           Name                               Link     Load   Length     Space
        CLASS   STACK          

        CLASS   CODE           
                end_init                              0        0        3         0
                cinit                               7C0      7C0       40         0
                text22                              A3A      A3A       16         0
                text21                              9E9      9E9        E         0
                text20                              9DD      9DD        C         0
                text19                              B6C      B6C       33         0
                text18                                3        3       11         0
                text17                              9F7      9F7       10         0
                text16                              AA6      AA6       21         0
                text15                              A50      A50       19         0
                text14                              BD3      BD3       3B         0
                text13                              A07      A07       10         0
                text12                              C0E      C0E       3D         0
                text11                              A17      A17       10         0
                text10                              B3D      B3D       2F         0
                text9                               A69      A69       1E         0
                text8                                14       14       A2         0
                text7                               AEB      AEB       27         0
                text6                               45F      45F      361         0
                text5                               D68      D68      298         0
                text4                               AC7      AC7       24         0
                text3                               CEC      CEC       7C         0
                text2                               19E      19E      2C1         0
                text1                                B6       B6       E8         0
                maintext                            B9F      B9F       34         0
                inittext                            A27      A27       13         0
                idataBANK3                          C95      C95       57         0
                idataBANK2                          B12      B12       2B         0
                idataBANK1                          C4B      C4B       4A         0
                idataBANK0                          A87      A87       1F         0

        CLASS   STRCODE        

        CLASS   STRING         

        CLASS   CONST          

        CLASS   ENTRY          

        CLASS   COMMON         
                cstackCOMMON                         70       70        E         1

        CLASS   BANK0          
                cstackBANK0                          20       20       25         1
                dataBANK0                            45       45       1F         1
                bssBANK0                             64       64        6         1

        CLASS   BANK1          
                dataBANK1                            A0       A0       4A         1

        CLASS   BANK2          
                dataBANK2                           110      110       2B         1

        CLASS   BANK3          
                dataBANK3                           190      190       57         1

        CLASS   RAM            

        CLASS   ABS1           
                abs_s1                               7E       7E        2         1

        CLASS   SFR0           

        CLASS   SFR1           

        CLASS   SFR2           

        CLASS   SFR3           

        CLASS   CONFIG         

        CLASS   IDLOC          

        CLASS   EEDATA         



SEGMENTS        Name                           Load    Length   Top    Selector   Space  Class     Delta

                reset_vec                      000000  000014  000014         0       0  CODE        2
                cstackBANK0                    000020  00004A  00006A        20       1  BANK0       1
                text8                          000014  0000A2  0000B6        28       0  CODE        2
                cstackCOMMON                   000070  00000E  00007E        70       1  COMMON      1
                dataBANK1                      0000A0  00004A  0000EA        A0       1  BANK1       1
                dataBANK2                      000110  00002B  00013B       110       1  BANK2       1
                text1                          0000B6  0000E8  00019E       16C       0  CODE        2
                dataBANK3                      000190  000057  0001E7       190       1  BANK3       1
                text2                          00019E  0002C1  00045F       33C       0  CODE        2
                text6                          00045F  000361  0007C0       8BE       0  CODE        2
                cinit                          0007C0  000040  000800       F80       0  CODE        2
                text20                         0009DD  00000C  0009E9      13BA       0  CODE        2
                text21                         0009E9  00000E  0009F7      13D2       0  CODE        2
                text17                         0009F7  000010  000A07      13EE       0  CODE        2
                text13                         000A07  000010  000A17      140E       0  CODE        2
                text11                         000A17  000010  000A27      142E       0  CODE        2
                inittext                       000A27  000013  000A3A      144E       0  CODE        2
                text22                         000A3A  000016  000A50      1474       0  CODE        2
                text15                         000A50  000019  000A69      14A0       0  CODE        2
                text9                          000A69  00001E  000A87      14D2       0  CODE        2
                idataBANK0                     000A87  00001F  000AA6      150E       0  CODE        2
                text16                         000AA6  000021  000AC7      154C       0  CODE        2
                text4                          000AC7  000024  000AEB      158E       0  CODE        2
                text7                          000AEB  000027  000B12      15D6       0  CODE        2
                idataBANK2                     000B12  00002B  000B3D      1624       0  CODE        2
                text10                         000B3D  00002F  000B6C      167A       0  CODE        2
                text19                         000B6C  000033  000B9F      16D8       0  CODE        2
                maintext                       000B9F  000034  000BD3      173E       0  CODE        2
                text14                         000BD3  00003B  000C0E      17A6       0  CODE        2
                text12                         000C0E  00003D  000C4B      181C       0  CODE        2
                idataBANK1                     000C4B  00004A  000C95      1896       0  CODE        2
                idataBANK3                     000C95  000057  000CEC      192A       0  CODE        2
                text3                          000CEC  00007C  000D68      19D8       0  CODE        2
                text5                          000D68  000298  001000      1AD0       0  CODE        2


UNUSED ADDRESS RANGES

        Name                Unused          Largest block    Delta
        BANK0            006A-006F              6           1
        BANK1            00EA-00EF              6           1
        BANK2            013B-016F             35           1
        BANK3            01E7-01EF              9           1
        CODE             0800-09DC            1DD           2
                         1000-1FFF            800
        CONFIG           2007-2007              1           2
        CONST            0800-09DC            100           2
                         1000-1FFF            100
        EEDATA           2100-21FF            100           2
        ENTRY            0800-09DC            100           2
                         1000-1FFF            100
        IDLOC            2000-2003              4           2
        RAM              006A-006F              6           1
                         00EA-00EF              6
                         013B-016F             35
                         01E7-01EF              9
        SFR0             0000-001F             20           1
        SFR1             0080-009F             20           1
        SFR2             0100-010F             10           1
        SFR3             0180-018F             10           1
        STACK            013B-016F             35           1
        STRCODE          0800-09DC            1DD           2
                         1000-1FFF           1000
        STRING           0800-09DC            100           2
                         1000-1FFF            100

                                  Symbol Table

?__Umul8_16               cstackCOMMON 0070
?___fladd                 cstackCOMMON 0070
?___flmul                 cstackBANK0  0020
?___flsub                 cstackBANK0  0028
?_strlen                  cstackCOMMON 0070
LCD_escreve@x             cstackCOMMON 0072
Linha2@i                  cstackCOMMON 0077
_ADCON1                   (abs)        009F
_LCD_enable               text21       09E9
_LCD_escreve              text18       0003
_LCD_init                 text19       0B6C
_LCD_limpa                text11       0A17
_LCD_linha1               text13       0A07
_LCD_linha2               text17       09F7
_Linha2                   text14       0BD3
_PORTB                    (abs)        0006
_PORTD                    (abs)        0008
_PORTE                    (abs)        0009
_RA1                      (abs)        0029
_RA3                      (abs)        002B
_RA4                      (abs)        002C
_RA5                      (abs)        002D
_RB0                      (abs)        0030
_RB1                      (abs)        0031
_RB2                      (abs)        0032
_RB3                      (abs)        0033
_TRISA                    (abs)        0085
_TRISB                    (abs)        0086
_TRISD                    (abs)        0088
_TRISE                    (abs)        0089
__Habs1                   abs1         0000
__Hbank0                  bank0        0000
__Hbank1                  bank1        0000
__Hbank2                  bank2        0000
__Hbank3                  bank3        0000
__HbssBANK0               bssBANK0     0000
__Hcinit                  cinit        0800
__Hclrtext                clrtext      0000
__Hcode                   code         0000
__Hcommon                 common       0000
__HcstackBANK0            cstackBANK0  0000
__HcstackCOMMON           cstackCOMMON 0000
__HdataBANK0              dataBANK0    0000
__HdataBANK1              dataBANK1    0000
__HdataBANK2              dataBANK2    0000
__HdataBANK3              dataBANK3    0000
__Heeprom_data            eeprom_data  0000
__Hend_init               end_init     0003
__Hfunctab                functab      0000
__HidataBANK0             idataBANK0   0000
__HidataBANK1             idataBANK1   0000
__HidataBANK2             idataBANK2   0000
__HidataBANK3             idataBANK3   0000
__Hinit                   init         0000
__Hinittext               inittext     0000
__Hintentry               intentry     0000
__Hmaintext               maintext     0000
__Hpowerup                powerup      0000
__Hram                    ram          0000
__Hreset_vec              reset_vec    0000
__Hsfr0                   sfr0         0000
__Hsfr1                   sfr1         0000
__Hsfr2                   sfr2         0000
__Hsfr3                   sfr3         0000
__Hspace_0                (abs)        1000
__Hspace_1                (abs)        01E7
__Hspace_2                (abs)        0000
__Hspace_3                (abs)        0000
__Hstack                  stack        0000
__Hstrings                strings      0000
__Htext                   text         0000
__Labs1                   abs1         0000
__Lbank0                  bank0        0000
__Lbank1                  bank1        0000
__Lbank2                  bank2        0000
__Lbank3                  bank3        0000
__LbssBANK0               bssBANK0     0000
__Lcinit                  cinit        07C0
__Lclrtext                clrtext      0000
__Lcode                   code         0000
__Lcommon                 common       0000
__LcstackBANK0            cstackBANK0  0000
__LcstackCOMMON           cstackCOMMON 0000
__LdataBANK0              dataBANK0    0000
__LdataBANK1              dataBANK1    0000
__LdataBANK2              dataBANK2    0000
__LdataBANK3              dataBANK3    0000
__Leeprom_data            eeprom_data  0000
__Lend_init               end_init     0000
__Lfunctab                functab      0000
__LidataBANK0             idataBANK0   0000
__LidataBANK1             idataBANK1   0000
__LidataBANK2             idataBANK2   0000
__LidataBANK3             idataBANK3   0000
__Linit                   init         0000
__Linittext               inittext     0000
__Lintentry               intentry     0000
__Lmaintext               maintext     0000
__Lpowerup                powerup      0000
__Lram                    ram          0000
__Lreset_vec              reset_vec    0000
__Lsfr0                   sfr0         0000
__Lsfr1                   sfr1         0000
__Lsfr2                   sfr2         0000
__Lsfr3                   sfr3         0000
__Lspace_0                (abs)        0000
__Lspace_1                (abs)        0000
__Lspace_2                (abs)        0000
__Lspace_3                (abs)        0000
__Lstack                  stack        0000
__Lstrings                strings      0000
__Ltext                   text         0000
__S0                      (abs)        1000
__S1                      (abs)        01E7
__S2                      (abs)        0000
__S3                      (abs)        0000
__Umul8_16                text7        0AEB
__Umul8_16@multiplicand   cstackCOMMON 0070
__Umul8_16@multiplier     cstackCOMMON 0078
__Umul8_16@product        cstackCOMMON 0074
__Umul8_16@word_mpld      cstackCOMMON 0076
___fladd                  text5        0D68
___fladd@a                cstackCOMMON 0074
___fladd@aexp             cstackCOMMON 0079
___fladd@b                cstackCOMMON 0070
___fladd@bexp             cstackCOMMON 007A
___fladd@grs              cstackCOMMON 007B
___fladd@signs            cstackCOMMON 0078
___flge                   text8        0014
___flge@ff1               cstackCOMMON 0070
___flge@ff2               cstackCOMMON 0074
___flmul                  text6        045F
___flmul@a                cstackBANK0  0024
___flmul@aexp             cstackBANK0  002D
___flmul@b                cstackBANK0  0020
___flmul@bexp             cstackBANK0  002E
___flmul@grs              cstackBANK0  0029
___flmul@prod             cstackBANK0  002F
___flmul@sign             cstackBANK0  0028
___flmul@temp             cstackBANK0  0033
___flsub                  text4        0AC7
___flsub@a                cstackBANK0  0028
___flsub@b                cstackBANK0  002C
___int_sp                 stack        0000
___latbits                (abs)        0002
___sp                     stack        0000
___stackhi                (abs)        0000
___stacklo                (abs)        0000
__end_of_LCD_enable       text21       09F7
__end_of_LCD_escreve      text18       0014
__end_of_LCD_init         text19       0B9F
__end_of_LCD_limpa        text11       0A27
__end_of_LCD_linha1       text13       0A17
__end_of_LCD_linha2       text17       0A07
__end_of_Linha2           text14       0C0E
__end_of__Umul8_16        text7        0B12
__end_of___fladd          text5        1000
__end_of___flge           text8        00B6
__end_of___flmul          text6        07C0
__end_of___flsub          text4        0AEB
__end_of__initialization  cinit        07FC
__end_of_delay            text22       0A50
__end_of_espacoLivre      text16       0AC7
__end_of_init             text20       09E9
__end_of_liga_buzzer      text3        0D68
__end_of_main             maintext     0BD3
__end_of_strcat           text10       0B6C
__end_of_strcpy           text9        0A87
__end_of_strlen           text15       0A69
__end_of_teclado          text2        045F
__end_of_telaInicial      text12       0C4B
__end_of_validaUser       text1        019E
__initialization          cinit        07C0
__pbssBANK0               bssBANK0     0064
__pcstackBANK0            cstackBANK0  0020
__pcstackCOMMON           cstackCOMMON 0070
__pdataBANK0              dataBANK0    0045
__pdataBANK1              dataBANK1    00A0
__pdataBANK2              dataBANK2    0110
__pdataBANK3              dataBANK3    0190
__pidataBANK0             idataBANK0   0A87
__pidataBANK1             idataBANK1   0C4B
__pidataBANK2             idataBANK2   0B12
__pidataBANK3             idataBANK3   0C95
__pmaintext               maintext     0B9F
__ptext1                  text1        00B6
__ptext10                 text10       0B3D
__ptext11                 text11       0A17
__ptext12                 text12       0C0E
__ptext13                 text13       0A07
__ptext14                 text14       0BD3
__ptext15                 text15       0A50
__ptext16                 text16       0AA6
__ptext17                 text17       09F7
__ptext18                 text18       0003
__ptext19                 text19       0B6C
__ptext2                  text2        019E
__ptext20                 text20       09DD
__ptext21                 text21       09E9
__ptext22                 text22       0A3A
__ptext3                  text3        0CEC
__ptext4                  text4        0AC7
__ptext5                  text5        0D68
__ptext6                  text6        045F
__ptext7                  text7        0AEB
__ptext8                  text8        0014
__ptext9                  text9        0A69
__size_of_LCD_enable      (abs)        0000
__size_of_LCD_escreve     (abs)        0000
__size_of_LCD_init        (abs)        0000
__size_of_LCD_limpa       (abs)        0000
__size_of_LCD_linha1      (abs)        0000
__size_of_LCD_linha2      (abs)        0000
__size_of_Linha2          (abs)        0000
__size_of__Umul8_16       (abs)        0000
__size_of___fladd         (abs)        0000
__size_of___flge          (abs)        0000
__size_of___flmul         (abs)        0000
__size_of___flsub         (abs)        0000
__size_of_delay           (abs)        0000
__size_of_espacoLivre     (abs)        0000
__size_of_init            (abs)        0000
__size_of_liga_buzzer     (abs)        0000
__size_of_main            (abs)        0000
__size_of_strcat          (abs)        0000
__size_of_strcpy          (abs)        0000
__size_of_strlen          (abs)        0000
__size_of_teclado         (abs)        0000
__size_of_telaInicial     (abs)        0000
__size_of_validaUser      (abs)        0000
_aux                      bssBANK0     0068
_delay                    text22       0A3A
_espacoLivre              text16       0AA6
_init                     text20       09DD
_input                    dataBANK0    0058
_liga_buzzer              text3        0CEC
_main                     maintext     0B9F
_msgDesativarZona         dataBANK3    0190
_msgDesativarZonaActive   dataBANK2    012B
_msgDigiteSenha           dataBANK1    00A0
_msgMascara               dataBANK0    005A
_msgReativar              dataBANK1    00E1
_msgReativarActive        dataBANK1    00D7
_msgSenhaCoacao           dataBANK1    00BD
_msgSenhaCoacaoActive     dataBANK3    01CB
_msgSenhaConfig           dataBANK1    00CA
_msgSenhaConfigActive     dataBANK1    00AF
_msgSenhaDisparo          dataBANK3    01BD
_msgSenhaDisparoActive    dataBANK3    019F
_msgSenhaUsuario          dataBANK3    01D9
_msgSenhaUsuarioActive    dataBANK3    01AE
_painel                   dataBANK0    0056
_senhaUserConfere         dataBANK0    005F
_strcat                   text10       0B3D
_strcpy                   text9        0A69
_strlen                   text15       0A50
_teclado                  text2        019E
_telaInicial              text12       0C0E
_validaUser               text1        00B6
btemp                     (abs)        007E
delay@i                   cstackCOMMON 0070
end_of_initialization     cinit        07FC
espacoLivre@i             cstackCOMMON 0073
init_fetch0               inittext     0A27
init_ram0                 inittext     0A2B
intlevel0                 functab      0000
intlevel1                 functab      0000
intlevel2                 functab      0000
intlevel3                 functab      0000
intlevel4                 functab      0000
intlevel5                 functab      0000
liga_buzzer@tempoSegundos cstackBANK0  0035
reset_vec                 reset_vec    0000
start                     init         0000
start_initialization      cinit        07C0
strcat@cp                 cstackCOMMON 0078
strcat@from               cstackCOMMON 0074
strcat@to                 cstackCOMMON 0077
strcpy@cp                 cstackCOMMON 0072
strcpy@from               cstackCOMMON 0070
strcpy@to                 cstackCOMMON 0073
strlen@cp                 cstackCOMMON 0073
strlen@s                  cstackCOMMON 0074
telaInicial@i             cstackCOMMON 0077
validaUser@i              cstackBANK0  0041
validaUser@n              cstackBANK0  0043
wtemp0                    (abs)        007E


MODULE INFORMATION

Module		Function		Class		Link	Load	Size
C:\Program Files\Microchip\xc8\v2.32\pic\sources\c90\common\sprcadd.c
		___flsub       		CODE           	0AC7	0000	36
		___fladd       		CODE           	0D68	0000	664

C:\Program Files\Microchip\xc8\v2.32\pic\sources\c90\common\sprcadd.c estimated size: 700

C:\Program Files\Microchip\xc8\v2.32\pic\sources\c90\common\flge.c
		___flge        		CODE           	0014	0000	162

C:\Program Files\Microchip\xc8\v2.32\pic\sources\c90\common\flge.c estimated size: 162

C:\Program Files\Microchip\xc8\v2.32\pic\sources\c90\common\strcat.c
		_strcat        		CODE           	0B3D	0000	47

C:\Program Files\Microchip\xc8\v2.32\pic\sources\c90\common\strcat.c estimated size: 47

./lcd.h
		_init          		CODE           	09DD	0000	12
		_LCD_limpa     		CODE           	0A17	0000	16
		_delay         		CODE           	0A3A	0000	22
		_LCD_enable    		CODE           	09E9	0000	14
		_LCD_escreve   		CODE           	0003	0000	17
		_LCD_init      		CODE           	0B6C	0000	51
		_LCD_linha1    		CODE           	0A07	0000	16
		_LCD_linha2    		CODE           	09F7	0000	16

./lcd.h estimated size: 164

C:\Program Files\Microchip\xc8\v2.32\pic\sources\c90\common\Umul8_16.c
		__Umul8_16     		CODE           	0AEB	0000	39

C:\Program Files\Microchip\xc8\v2.32\pic\sources\c90\common\Umul8_16.c estimated size: 39

C:\Program Files\Microchip\xc8\v2.32\pic\sources\c90\common\strlen.c
		_strlen        		CODE           	0A50	0000	25

C:\Program Files\Microchip\xc8\v2.32\pic\sources\c90\common\strlen.c estimated size: 25

C:\Program Files\Microchip\xc8\v2.32\pic\sources\c90\common\strcpy.c
		_strcpy        		CODE           	0A69	0000	30

C:\Program Files\Microchip\xc8\v2.32\pic\sources\c90\common\strcpy.c estimated size: 30

shared
		__initialization		CODE           	07C0	0000	60

shared estimated size: 60

C:\Program Files\Microchip\xc8\v2.32\pic\sources\c90\common\sprcmul.c
		___flmul       		CODE           	045F	0000	865

C:\Program Files\Microchip\xc8\v2.32\pic\sources\c90\common\sprcmul.c estimated size: 865

main.c
		_telaInicial   		CODE           	0C0E	0000	61
		_validaUser    		CODE           	00B6	0000	232
		_main          		CODE           	0B9F	0000	52
		_espacoLivre   		CODE           	0AA6	0000	33
		_teclado       		CODE           	019E	0000	705
		_Linha2        		CODE           	0BD3	0000	59
		_liga_buzzer   		CODE           	0CEC	0000	124

main.c estimated size: 1266

