Microchip MPLAB XC8 Compiler V2.32

Linker command line:

-W-3 --edf=C:\Program Files\Microchip\xc8\v2.32\pic\dat\en_msgs.txt -cn \
  -h+dist/default/production\CentralAlarme.X.production.sym \
  --cmf=dist/default/production\CentralAlarme.X.production.cmf -z -Q16F877A \
  -oC:\Users\joaog\AppData\Local\Temp\xcAsgu8.5 --defsym=__MPLAB_BUILD=1 \
  -Mdist/default/production/CentralAlarme.X.production.map -E1 \
  -ver=XC8 Compiler --acfsm=1493 -ASTACK=015Eh-016Fh -pstack=STACK \
  -ACODE=00h-07FFhx4 -ASTRCODE=00h-01FFFh -ASTRING=00h-0FFhx32 \
  -ACONST=00h-0FFhx32 -AENTRY=00h-0FFhx32 -ACOMMON=070h-07Fh \
  -ABANK0=020h-06Fh -ABANK1=0A0h-0EFh -ABANK2=0110h-016Fh \
  -ABANK3=0190h-01EFh -ARAM=020h-06Fh,0A0h-0EFh,0110h-016Fh,0190h-01EFh \
  -AABS1=020h-07Fh,0A0h-0EFh,0110h-016Fh,0190h-01EFh -ASFR0=00h-01Fh \
  -ASFR1=080h-09Fh -ASFR2=0100h-010Fh -ASFR3=0180h-018Fh \
  -ACONFIG=02007h-02007h -DCONFIG=2 -AIDLOC=02000h-02003h -DIDLOC=2 \
  -AEEDATA=00h-0FFh/02100h -peeprom_data=EEDATA -DEEDATA=2 -DCODE=2 \
  -DSTRCODE=2 -DSTRING=2 -DCONST=2 -DENTRY=2 \
  -preset_vec=00h,intentry,init,end_init -ppowerup=CODE -pcinit=CODE \
  -pfunctab=ENTRY -k C:\Users\joaog\AppData\Local\Temp\xcAsgu8.o \
  dist/default/production\CentralAlarme.X.production.o 

Object code version is 3.11

Machine type is 16F877A



                Name                               Link     Load   Length Selector   Space Scale
C:\Users\joaog\AppData\Local\Temp\xcAsgu8.o
                end_init                              0        0        3        0       0
dist/default/production\CentralAlarme.X.production.o
                cinit                               7BA      7BA       46      F74       0
                text33                             12CD     12CD       16     259A       0
                text32                             126B     126B        E     24D6       0
                text31                             1252     1252        C     24A4       0
                text30                             140B     140B       33     2816       0
                text29                             12A9     12A9       11     2552       0
                text28                             1279     1279       10     24F2       0
                text27                             1317     1317       21     262E       0
                text26                             12F9     12F9       1E     25F2       0
                text25                             1475     1475       3E     28EA       0
                text24                             168D     168D       70     2D1A       0
                text23                              8F0      8F0       A2     11E0       0
                text22                             135C     135C       27     26B8       0
                text21                              459      459      361      8B2       0
                text20                              D68      D68      298     1AD0       0
                text19                             1338     1338       24     2670       0
                text18                             16FD     16FD       7C     2DFA       0
                text17                              15C      15C      2FD      2B8       0
                text16                             1289     1289       10     2512       0
                text15                             1299     1299       10     2532       0
                text14                             143E     143E       37     287C       0
                text13                             1779     1779       87     2EF2       0
                text12                             15D1     15D1       5C     2BA2       0
                text11                             14F3     14F3       48     29E6       0
                text10                             1584     1584       4D     2B08       0
                text9                              13AD     13AD       2F     275A       0
                text8                               992      992       BE     1324       0
                text7                               857      857       99     10AE       0
                text6                              125E     125E        D     24BC       0
                text5                              13DC     13DC       2F     27B8       0
                text4                               B2A      B2A      23E     1654       0
                text3                              1383     1383       2A     2706       0
                text2                              14B3     14B3       40     2966       0
                text1                                 B        B      151       16       0
                maintext                            A50      A50       DA     14A0       0
                cstackBANK0                          20       20       2E       20       1
                cstackCOMMON                         70       70        E       70       1
                inittext                           12BA     12BA       13     2574       0
                dataBANK2                           110      110       4E      110       1
                dataBANK3                           190      190       60      190       1
                dataBANK1                            A0       A0       49       A0       1
                dataBANK0                            4E       4E       16       20       1
                bssBANK0                             64       64        C       20       1
                idataBANK3                         162D     162D       60     2C5A       0
                idataBANK2                          809      809       4E     1012       0
                idataBANK1                         153B     153B       49     2A76       0
                idataBANK0                         12E3     12E3       16     25C6       0

TOTAL           Name                               Link     Load   Length     Space
        CLASS   STACK          

        CLASS   CODE           
                end_init                              0        0        3         0
                cinit                               7BA      7BA       46         0
                text33                             12CD     12CD       16         0
                text32                             126B     126B        E         0
                text31                             1252     1252        C         0
                text30                             140B     140B       33         0
                text29                             12A9     12A9       11         0
                text28                             1279     1279       10         0
                text27                             1317     1317       21         0
                text26                             12F9     12F9       1E         0
                text25                             1475     1475       3E         0
                text24                             168D     168D       70         0
                text23                              8F0      8F0       A2         0
                text22                             135C     135C       27         0
                text21                              459      459      361         0
                text20                              D68      D68      298         0
                text19                             1338     1338       24         0
                text18                             16FD     16FD       7C         0
                text17                              15C      15C      2FD         0
                text16                             1289     1289       10         0
                text15                             1299     1299       10         0
                text14                             143E     143E       37         0
                text13                             1779     1779       87         0
                text12                             15D1     15D1       5C         0
                text11                             14F3     14F3       48         0
                text10                             1584     1584       4D         0
                text9                              13AD     13AD       2F         0
                text8                               992      992       BE         0
                text7                               857      857       99         0
                text6                              125E     125E        D         0
                text5                              13DC     13DC       2F         0
                text4                               B2A      B2A      23E         0
                text3                              1383     1383       2A         0
                text2                              14B3     14B3       40         0
                text1                                 B        B      151         0
                maintext                            A50      A50       DA         0
                inittext                           12BA     12BA       13         0
                idataBANK3                         162D     162D       60         0
                idataBANK2                          809      809       4E         0
                idataBANK1                         153B     153B       49         0
                idataBANK0                         12E3     12E3       16         0

        CLASS   STRCODE        

        CLASS   STRING         

        CLASS   CONST          

        CLASS   ENTRY          

        CLASS   COMMON         
                cstackCOMMON                         70       70        E         1

        CLASS   BANK0          
                cstackBANK0                          20       20       2E         1
                dataBANK0                            4E       4E       16         1
                bssBANK0                             64       64        C         1

        CLASS   BANK1          
                dataBANK1                            A0       A0       49         1

        CLASS   BANK2          
                dataBANK2                           110      110       4E         1

        CLASS   BANK3          
                dataBANK3                           190      190       60         1

        CLASS   RAM            

        CLASS   ABS1           
                abs_s1                               7E       7E        2         1

        CLASS   SFR0           

        CLASS   SFR1           

        CLASS   SFR2           

        CLASS   SFR3           

        CLASS   CONFIG         

        CLASS   IDLOC          

        CLASS   EEDATA         



SEGMENTS        Name                           Load    Length   Top    Selector   Space  Class     Delta

                reset_vec                      000000  000003  000003         0       0  CODE        2
                text1                          00000B  000151  00015C        16       0  CODE        2
                cstackBANK0                    000020  000050  000070        20       1  BANK0       1
                cstackCOMMON                   000070  00000E  00007E        70       1  COMMON      1
                dataBANK1                      0000A0  000049  0000E9        A0       1  BANK1       1
                dataBANK2                      000110  00004E  00015E       110       1  BANK2       1
                dataBANK3                      000190  000060  0001F0       190       1  BANK3       1
                text17                         00015C  0002FD  000459       2B8       0  CODE        2
                text21                         000459  000361  0007BA       8B2       0  CODE        2
                cinit                          0007BA  000046  000800       F74       0  CODE        2
                idataBANK2                     000809  00004E  000857      1012       0  CODE        2
                text7                          000857  000099  0008F0      10AE       0  CODE        2
                text23                         0008F0  0000A2  000992      11E0       0  CODE        2
                text8                          000992  0000BE  000A50      1324       0  CODE        2
                maintext                       000A50  0000DA  000B2A      14A0       0  CODE        2
                text4                          000B2A  00023E  000D68      1654       0  CODE        2
                text20                         000D68  000298  001000      1AD0       0  CODE        2
                text31                         001252  00000C  00125E      24A4       0  CODE        2
                text6                          00125E  00000D  00126B      24BC       0  CODE        2
                text32                         00126B  00000E  001279      24D6       0  CODE        2
                text28                         001279  000010  001289      24F2       0  CODE        2
                text16                         001289  000010  001299      2512       0  CODE        2
                text15                         001299  000010  0012A9      2532       0  CODE        2
                text29                         0012A9  000011  0012BA      2552       0  CODE        2
                inittext                       0012BA  000013  0012CD      2574       0  CODE        2
                text33                         0012CD  000016  0012E3      259A       0  CODE        2
                idataBANK0                     0012E3  000016  0012F9      25C6       0  CODE        2
                text26                         0012F9  00001E  001317      25F2       0  CODE        2
                text27                         001317  000021  001338      262E       0  CODE        2
                text19                         001338  000024  00135C      2670       0  CODE        2
                text22                         00135C  000027  001383      26B8       0  CODE        2
                text3                          001383  00002A  0013AD      2706       0  CODE        2
                text9                          0013AD  00002F  0013DC      275A       0  CODE        2
                text5                          0013DC  00002F  00140B      27B8       0  CODE        2
                text30                         00140B  000033  00143E      2816       0  CODE        2
                text14                         00143E  000037  001475      287C       0  CODE        2
                text25                         001475  00003E  0014B3      28EA       0  CODE        2
                text2                          0014B3  000040  0014F3      2966       0  CODE        2
                text11                         0014F3  000048  00153B      29E6       0  CODE        2
                idataBANK1                     00153B  000049  001584      2A76       0  CODE        2
                text10                         001584  00004D  0015D1      2B08       0  CODE        2
                text12                         0015D1  00005C  00162D      2BA2       0  CODE        2
                idataBANK3                     00162D  000060  00168D      2C5A       0  CODE        2
                text24                         00168D  000070  0016FD      2D1A       0  CODE        2
                text18                         0016FD  00007C  001779      2DFA       0  CODE        2
                text13                         001779  000087  001800      2EF2       0  CODE        2


UNUSED ADDRESS RANGES

        Name                Unused          Largest block    Delta
        BANK1            00E9-00EF              7           1
        BANK2            015E-016F             12           1
        CODE             0003-000A              8           2
                         0800-0808              9
                         1000-1251            252
                         1800-1FFF            800
        CONFIG           2007-2007              1           2
        CONST            0003-000A              8           2
                         0800-0808              9
                         1000-1251            100
                         1800-1FFF            100
        EEDATA           2100-21FF            100           2
        ENTRY            0003-000A              8           2
                         0800-0808              9
                         1000-1251            100
                         1800-1FFF            100
        IDLOC            2000-2003              4           2
        RAM              00E9-00EF              7           1
                         015E-016F             12
        SFR0             0000-001F             20           1
        SFR1             0080-009F             20           1
        SFR2             0100-010F             10           1
        SFR3             0180-018F             10           1
        STACK            015E-016F             12           1
        STRCODE          0003-000A              8           2
                         0800-0808              9
                         1000-1251            252
                         1800-1FFF            800
        STRING           0003-000A              8           2
                         0800-0808              9
                         1000-1251            100
                         1800-1FFF            100

                                  Symbol Table

?__Umul8_16                  cstackCOMMON 0070
?___fladd                    cstackCOMMON 0070
?___flmul                    cstackBANK0  0020
?___flsub                    cstackBANK0  0028
?_leituraADC                 cstackCOMMON 0070
?_strcmp                     cstackCOMMON 0070
?_strlen                     cstackCOMMON 0070
?_valida_senha               cstackCOMMON 007A
LCD_escreve@x                cstackCOMMON 0072
Linha2@i                     cstackCOMMON 0077
_ADCON0                      (abs)        001F
_ADCON1                      (abs)        009F
_ADRESH                      (abs)        001E
_ADRESL                      (abs)        009E
_GO_nDONE                    (abs)        00FA
_LCD_enable                  text32       126B
_LCD_escreve                 text29       12A9
_LCD_init                    text30       140B
_LCD_limpa                   text16       1289
_LCD_linha1                  text15       1299
_LCD_linha2                  text28       1279
_Linha2                      text25       1475
_PORTB                       (abs)        0006
_PORTD                       (abs)        0008
_PORTE                       (abs)        0009
_RA1                         (abs)        0029
_RA3                         (abs)        002B
_RA4                         (abs)        002C
_RA5                         (abs)        002D
_RB0                         (abs)        0030
_RB1                         (abs)        0031
_RB2                         (abs)        0032
_RB3                         (abs)        0033
_TRISA                       (abs)        0085
_TRISB                       (abs)        0086
_TRISD                       (abs)        0088
_TRISE                       (abs)        0089
__Habs1                      abs1         0000
__Hbank0                     bank0        0000
__Hbank1                     bank1        0000
__Hbank2                     bank2        0000
__Hbank3                     bank3        0000
__HbssBANK0                  bssBANK0     0000
__Hcinit                     cinit        0800
__Hclrtext                   clrtext      0000
__Hcode                      code         0000
__Hcommon                    common       0000
__HcstackBANK0               cstackBANK0  0000
__HcstackCOMMON              cstackCOMMON 0000
__HdataBANK0                 dataBANK0    0000
__HdataBANK1                 dataBANK1    0000
__HdataBANK2                 dataBANK2    0000
__HdataBANK3                 dataBANK3    0000
__Heeprom_data               eeprom_data  0000
__Hend_init                  end_init     0003
__Hfunctab                   functab      0000
__HidataBANK0                idataBANK0   0000
__HidataBANK1                idataBANK1   0000
__HidataBANK2                idataBANK2   0000
__HidataBANK3                idataBANK3   0000
__Hinit                      init         0000
__Hinittext                  inittext     0000
__Hintentry                  intentry     0000
__Hmaintext                  maintext     0000
__Hpowerup                   powerup      0000
__Hram                       ram          0000
__Hreset_vec                 reset_vec    0000
__Hsfr0                      sfr0         0000
__Hsfr1                      sfr1         0000
__Hsfr2                      sfr2         0000
__Hsfr3                      sfr3         0000
__Hspace_0                   (abs)        1800
__Hspace_1                   (abs)        01F0
__Hspace_2                   (abs)        0000
__Hspace_3                   (abs)        0000
__Hstack                     stack        0000
__Hstrings                   strings      0000
__Htext                      text         0000
__Labs1                      abs1         0000
__Lbank0                     bank0        0000
__Lbank1                     bank1        0000
__Lbank2                     bank2        0000
__Lbank3                     bank3        0000
__LbssBANK0                  bssBANK0     0000
__Lcinit                     cinit        07BA
__Lclrtext                   clrtext      0000
__Lcode                      code         0000
__Lcommon                    common       0000
__LcstackBANK0               cstackBANK0  0000
__LcstackCOMMON              cstackCOMMON 0000
__LdataBANK0                 dataBANK0    0000
__LdataBANK1                 dataBANK1    0000
__LdataBANK2                 dataBANK2    0000
__LdataBANK3                 dataBANK3    0000
__Leeprom_data               eeprom_data  0000
__Lend_init                  end_init     0000
__Lfunctab                   functab      0000
__LidataBANK0                idataBANK0   0000
__LidataBANK1                idataBANK1   0000
__LidataBANK2                idataBANK2   0000
__LidataBANK3                idataBANK3   0000
__Linit                      init         0000
__Linittext                  inittext     0000
__Lintentry                  intentry     0000
__Lmaintext                  maintext     0000
__Lpowerup                   powerup      0000
__Lram                       ram          0000
__Lreset_vec                 reset_vec    0000
__Lsfr0                      sfr0         0000
__Lsfr1                      sfr1         0000
__Lsfr2                      sfr2         0000
__Lsfr3                      sfr3         0000
__Lspace_0                   (abs)        0000
__Lspace_1                   (abs)        0000
__Lspace_2                   (abs)        0000
__Lspace_3                   (abs)        0000
__Lstack                     stack        0000
__Lstrings                   strings      0000
__Ltext                      text         0000
__S0                         (abs)        1800
__S1                         (abs)        01F0
__S2                         (abs)        0000
__S3                         (abs)        0000
__Umul8_16                   text22       135C
__Umul8_16@multiplicand      cstackCOMMON 0070
__Umul8_16@multiplier        cstackCOMMON 0078
__Umul8_16@product           cstackCOMMON 0074
__Umul8_16@word_mpld         cstackCOMMON 0076
___fladd                     text20       0D68
___fladd@a                   cstackCOMMON 0074
___fladd@aexp                cstackCOMMON 0079
___fladd@b                   cstackCOMMON 0070
___fladd@bexp                cstackCOMMON 007A
___fladd@grs                 cstackCOMMON 007B
___fladd@signs               cstackCOMMON 0078
___flge                      text23       08F0
___flge@ff1                  cstackCOMMON 0070
___flge@ff2                  cstackCOMMON 0074
___flmul                     text21       0459
___flmul@a                   cstackBANK0  0024
___flmul@aexp                cstackBANK0  002D
___flmul@b                   cstackBANK0  0020
___flmul@bexp                cstackBANK0  002E
___flmul@grs                 cstackBANK0  0029
___flmul@prod                cstackBANK0  002F
___flmul@sign                cstackBANK0  0028
___flmul@temp                cstackBANK0  0033
___flsub                     text19       1338
___flsub@a                   cstackBANK0  0028
___flsub@b                   cstackBANK0  002C
___int_sp                    stack        0000
___latbits                   (abs)        0002
___sp                        stack        0000
___stackhi                   (abs)        0000
___stacklo                   (abs)        0000
__end_of_LCD_enable          text32       1279
__end_of_LCD_escreve         text29       12BA
__end_of_LCD_init            text30       143E
__end_of_LCD_limpa           text16       1299
__end_of_LCD_linha1          text15       12A9
__end_of_LCD_linha2          text28       1289
__end_of_Linha2              text25       14B3
__end_of__Umul8_16           text22       1383
__end_of___fladd             text20       1000
__end_of___flge              text23       0992
__end_of___flmul             text21       07BA
__end_of___flsub             text19       135C
__end_of__initialization     cinit        07FC
__end_of_alteraSenhas        text10       15D1
__end_of_confereTeclado      text24       16FD
__end_of_configZonas         text7        08F0
__end_of_delay               text33       12E3
__end_of_escreveMesagem      text14       1475
__end_of_espacoLivre         text27       1338
__end_of_infoZonas           text9        13DC
__end_of_inicioADC           text6        126B
__end_of_init                text31       125E
__end_of_inputSenhaAlter     text12       162D
__end_of_leituraADC          text5        140B
__end_of_liga_buzzer         text18       1779
__end_of_listaZonas          text4        0D68
__end_of_main                maintext     0B2A
__end_of_rotinaValidaSenha   text11       153B
__end_of_setaZona            text8        0A50
__end_of_strcmp              text3        13AD
__end_of_strlen              text26       1317
__end_of_teclado             text17       0459
__end_of_telaInicial         text2        14F3
__end_of_validaUser          text1        015C
__end_of_valida_senha        text13       1800
__initialization             cinit        07BA
__pbssBANK0                  bssBANK0     0064
__pcstackBANK0               cstackBANK0  0020
__pcstackCOMMON              cstackCOMMON 0070
__pdataBANK0                 dataBANK0    004E
__pdataBANK1                 dataBANK1    00A0
__pdataBANK2                 dataBANK2    0110
__pdataBANK3                 dataBANK3    0190
__pidataBANK0                idataBANK0   12E3
__pidataBANK1                idataBANK1   153B
__pidataBANK2                idataBANK2   0809
__pidataBANK3                idataBANK3   162D
__pmaintext                  maintext     0A50
__ptext1                     text1        000B
__ptext10                    text10       1584
__ptext11                    text11       14F3
__ptext12                    text12       15D1
__ptext13                    text13       1779
__ptext14                    text14       143E
__ptext15                    text15       1299
__ptext16                    text16       1289
__ptext17                    text17       015C
__ptext18                    text18       16FD
__ptext19                    text19       1338
__ptext2                     text2        14B3
__ptext20                    text20       0D68
__ptext21                    text21       0459
__ptext22                    text22       135C
__ptext23                    text23       08F0
__ptext24                    text24       168D
__ptext25                    text25       1475
__ptext26                    text26       12F9
__ptext27                    text27       1317
__ptext28                    text28       1279
__ptext29                    text29       12A9
__ptext3                     text3        1383
__ptext30                    text30       140B
__ptext31                    text31       1252
__ptext32                    text32       126B
__ptext33                    text33       12CD
__ptext4                     text4        0B2A
__ptext5                     text5        13DC
__ptext6                     text6        125E
__ptext7                     text7        0857
__ptext8                     text8        0992
__ptext9                     text9        13AD
__size_of_LCD_enable         (abs)        0000
__size_of_LCD_escreve        (abs)        0000
__size_of_LCD_init           (abs)        0000
__size_of_LCD_limpa          (abs)        0000
__size_of_LCD_linha1         (abs)        0000
__size_of_LCD_linha2         (abs)        0000
__size_of_Linha2             (abs)        0000
__size_of__Umul8_16          (abs)        0000
__size_of___fladd            (abs)        0000
__size_of___flge             (abs)        0000
__size_of___flmul            (abs)        0000
__size_of___flsub            (abs)        0000
__size_of_alteraSenhas       (abs)        0000
__size_of_confereTeclado     (abs)        0000
__size_of_configZonas        (abs)        0000
__size_of_delay              (abs)        0000
__size_of_escreveMesagem     (abs)        0000
__size_of_espacoLivre        (abs)        0000
__size_of_infoZonas          (abs)        0000
__size_of_inicioADC          (abs)        0000
__size_of_init               (abs)        0000
__size_of_inputSenhaAlter    (abs)        0000
__size_of_leituraADC         (abs)        0000
__size_of_liga_buzzer        (abs)        0000
__size_of_listaZonas         (abs)        0000
__size_of_main               (abs)        0000
__size_of_rotinaValidaSenha  (abs)        0000
__size_of_setaZona           (abs)        0000
__size_of_strcmp             (abs)        0000
__size_of_strlen             (abs)        0000
__size_of_teclado            (abs)        0000
__size_of_telaInicial        (abs)        0000
__size_of_validaUser         (abs)        0000
__size_of_valida_senha       (abs)        0000
_alteraSenhas                text10       1584
_aux                         bssBANK0     006A
_confereTeclado              text24       168D
_configZonas                 text7        0857
_delay                       text33       12CD
_escreveMesagem              text14       143E
_espacoLivre                 text27       1317
_infoZonas                   text9        13AD
_inicioADC                   text6        125E
_init                        text31       1252
_input                       dataBANK0    0056
_inputSenhaAlter             text12       15D1
_leituraADC                  text5        13DC
_liga_buzzer                 text18       16FD
_listaZonas                  text4        0B2A
_main                        maintext     0A50
_menu                        dataBANK0    0050
_msgAceitoOuNego             dataBANK1    00C8
_msgChamaAjuda               dataBANK1    00BE
_msgConfigDispara            dataBANK1    00AF
_msgDesativarZona            dataBANK3    0190
_msgDigiteNovaSenha          dataBANK2    0150
_msgDigiteSenha              dataBANK2    0141
_msgMascara                  dataBANK1    00DA
_msgReativar                 dataBANK1    00D1
_msgSenhaAtualizada          dataBANK2    0110
_msgSenhaCancelada           dataBANK2    0131
_msgSenhaCoacao              dataBANK3    01C9
_msgSenhaConfig              dataBANK3    01D6
_msgSenhaCorreta             dataBANK3    01BB
_msgSenhaDisparo             dataBANK3    019F
_msgSenhaErrada              dataBANK3    01E3
_msgSenhaUsuario             dataBANK3    01AD
_msgValidaSenha              dataBANK2    0121
_msgZonaDisparadas           dataBANK1    00A0
_opConfig                    bssBANK0     0068
_rotinaValidaSenha           text11       14F3
_senhaCoa                    dataBANK1    00E4
_senhaCoaAtivo               bssBANK0     006E
_senhaConfig                 dataBANK1    00DF
_senhaUser                   dataBANK0    005F
_senhaUserConfere            dataBANK0    005A
_setaZona                    text8        0992
_strcmp                      text3        1383
_strlen                      text26       12F9
_teclado                     text17       015C
_telaInicial                 text2        14B3
_userFalse                   dataBANK0    0052
_validaSenha                 bssBANK0     006C
_validaUser                  text1        000B
_valida_senha                text13       1779
_valorSensor                 bssBANK0     0066
alteraSenhas@opConfig        cstackBANK0  0047
btemp                        (abs)        007E
confereTeclado@numero        cstackCOMMON 0070
delay@i                      cstackCOMMON 0070
end_of_initialization        cinit        07FC
escreveMesagem@i             cstackCOMMON 0078
escreveMesagem@texto         cstackCOMMON 0073
espacoLivre@i                cstackCOMMON 0073
init_fetch0                  inittext     12BA
init_ram0                    inittext     12BE
inputSenhaAlter@i            cstackBANK0  0041
inputSenhaAlter@senhaDestino cstackBANK0  0040
intlevel0                    functab      0000
intlevel1                    functab      0000
intlevel2                    functab      0000
intlevel3                    functab      0000
intlevel4                    functab      0000
intlevel5                    functab      0000
leituraADC@canal             cstackCOMMON 0076
leituraADC@leitura           cstackCOMMON 0074
liga_buzzer@tempoSegundos    cstackBANK0  0035
listaZonas@valorSensor       cstackBANK0  003B
reset_vec                    reset_vec    0000
rotinaValidaSenha@senhaOp    cstackBANK0  0046
setaZona@i                   cstackCOMMON 0076
setaZona@i_184               cstackCOMMON 0078
setaZona@msgConfigDispara    cstackCOMMON 0070
setaZona@msgZonaDisparadas   cstackCOMMON 007A
setaZona@pos                 cstackCOMMON 0071
start                        init         0000
start_initialization         cinit        07BA
strcmp@r                     cstackCOMMON 0075
strcmp@s1                    cstackCOMMON 0076
strcmp@s2                    cstackCOMMON 0070
strlen@cp                    cstackCOMMON 0072
strlen@s                     cstackCOMMON 0070
telaInicial@i                cstackCOMMON 0076
validaUser@n                 cstackBANK0  0041
valida_senha@aceito          cstackBANK0  0024
valida_senha@texto           cstackBANK0  0023
wtemp0                       (abs)        007E


MODULE INFORMATION

Module		Function		Class		Link	Load	Size
C:\Program Files\Microchip\xc8\v2.32\pic\sources\c90\common\sprcadd.c
		___flsub       		CODE           	1338	0000	36
		___fladd       		CODE           	0D68	0000	664

C:\Program Files\Microchip\xc8\v2.32\pic\sources\c90\common\sprcadd.c estimated size: 700

C:\Program Files\Microchip\xc8\v2.32\pic\sources\c90\common\flge.c
		___flge        		CODE           	08F0	0000	162

C:\Program Files\Microchip\xc8\v2.32\pic\sources\c90\common\flge.c estimated size: 162

./lcd.h
		_init          		CODE           	1252	0000	12
		_LCD_limpa     		CODE           	1289	0000	16
		_delay         		CODE           	12CD	0000	22
		_LCD_enable    		CODE           	126B	0000	14
		_LCD_escreve   		CODE           	12A9	0000	17
		_LCD_init      		CODE           	140B	0000	51
		_LCD_linha1    		CODE           	1299	0000	16
		_LCD_linha2    		CODE           	1279	0000	16

./lcd.h estimated size: 164

C:\Program Files\Microchip\xc8\v2.32\pic\sources\c90\common\Umul8_16.c
		__Umul8_16     		CODE           	135C	0000	39

C:\Program Files\Microchip\xc8\v2.32\pic\sources\c90\common\Umul8_16.c estimated size: 39

C:\Program Files\Microchip\xc8\v2.32\pic\sources\c90\common\strlen.c
		_strlen        		CODE           	12F9	0000	30

C:\Program Files\Microchip\xc8\v2.32\pic\sources\c90\common\strlen.c estimated size: 30

C:\Program Files\Microchip\xc8\v2.32\pic\sources\c90\common\strcmp.c
		_strcmp        		CODE           	1383	0000	42

C:\Program Files\Microchip\xc8\v2.32\pic\sources\c90\common\strcmp.c estimated size: 42

shared
		__initialization		CODE           	07BA	0000	66

shared estimated size: 66

C:\Program Files\Microchip\xc8\v2.32\pic\sources\c90\common\sprcmul.c
		___flmul       		CODE           	0459	0000	865

C:\Program Files\Microchip\xc8\v2.32\pic\sources\c90\common\sprcmul.c estimated size: 865

main.c
		_inputSenhaAlter		CODE           	15D1	0000	92
		_valida_senha  		CODE           	1779	0000	135
		_telaInicial   		CODE           	14B3	0000	64
		_setaZona      		CODE           	0992	0000	190
		_validaUser    		CODE           	000B	0000	337
		_alteraSenhas  		CODE           	1584	0000	77
		_main          		CODE           	0A50	0000	218
		_rotinaValidaSenha		CODE           	14F3	0000	72
		_espacoLivre   		CODE           	1317	0000	33
		_confereTeclado		CODE           	168D	0000	112
		_escreveMesagem		CODE           	143E	0000	55
		_listaZonas    		CODE           	0B2A	0000	574
		_configZonas   		CODE           	0857	0000	153
		_teclado       		CODE           	015C	0000	765
		_inicioADC     		CODE           	125E	0000	13
		_Linha2        		CODE           	1475	0000	62
		_liga_buzzer   		CODE           	16FD	0000	124
		_infoZonas     		CODE           	13AD	0000	47
		_leituraADC    		CODE           	13DC	0000	47

main.c estimated size: 3170

