Microchip MPLAB XC8 Compiler V2.32

Linker command line:

-W-3 --edf=C:\Program Files\Microchip\xc8\v2.32\pic\dat\en_msgs.txt -cn \
  -h+dist/default/production\CentralAlarme.X.production.sym \
  --cmf=dist/default/production\CentralAlarme.X.production.cmf -z -Q16F877A \
  -oC:\Users\joaog\AppData\Local\Temp\xcAsal8.5 --defsym=__MPLAB_BUILD=1 \
  -Mdist/default/production/CentralAlarme.X.production.map -E1 \
  -ver=XC8 Compiler --acfsm=1493 -ASTACK=012Fh-016Fh -pstack=STACK \
  -ACODE=00h-07FFhx4 -ASTRCODE=00h-01FFFh -ASTRING=00h-0FFhx32 \
  -ACONST=00h-0FFhx32 -AENTRY=00h-0FFhx32 -ACOMMON=070h-07Fh \
  -ABANK0=020h-06Fh -ABANK1=0A0h-0EFh -ABANK2=0110h-016Fh \
  -ABANK3=0190h-01EFh -ARAM=020h-06Fh,0A0h-0EFh,0110h-016Fh,0190h-01EFh \
  -AABS1=020h-07Fh,0A0h-0EFh,0110h-016Fh,0190h-01EFh -ASFR0=00h-01Fh \
  -ASFR1=080h-09Fh -ASFR2=0100h-010Fh -ASFR3=0180h-018Fh \
  -ACONFIG=02007h-02007h -DCONFIG=2 -AIDLOC=02000h-02003h -DIDLOC=2 \
  -AEEDATA=00h-0FFh/02100h -peeprom_data=EEDATA -DEEDATA=2 -DCODE=2 \
  -DSTRCODE=2 -DSTRING=2 -DCONST=2 -DENTRY=2 \
  -preset_vec=00h,intentry,init,end_init -ppowerup=CODE -pcinit=CODE \
  -pfunctab=ENTRY -k C:\Users\joaog\AppData\Local\Temp\xcAsal8.o \
  dist/default/production\CentralAlarme.X.production.o 

Object code version is 3.11

Machine type is 16F877A



                Name                               Link     Load   Length Selector   Space Scale
C:\Users\joaog\AppData\Local\Temp\xcAsal8.o
                end_init                              0        0        3        0       0
dist/default/production\CentralAlarme.X.production.o
                cinit                               7C0      7C0       40      F80       0
                text22                              9B8      9B8       16     1370       0
                text21                              969      969        E     12D2       0
                text20                              95D      95D        C     12BA       0
                text19                              AC4      AC4       33     1588       0
                text18                              9A7      9A7       11     134E       0
                text17                              977      977       10     12EE       0
                text16                              A06      A06       21     140C       0
                text15                              9CE      9CE       19     139C       0
                text14                              B2E      B2E       3B     165C       0
                text13                              987      987       10     130E       0
                text12                              B69      B69       3D     16D2       0
                text11                              997      997       10     132E       0
                text10                              AF7      AF7       37     15EE       0
                text9                               A9A      A9A       2A     1534       0
                text8                               CC6      CC6       A2     198C       0
                text7                               A4B      A4B       27     1496       0
                text6                               45F      45F      361      8BE       0
                text5                               D68      D68      298     1AD0       0
                text4                               A27      A27       24     144E       0
                text3                               C4A      C4A       7C     1894       0
                text2                               162      162      2FD      2C4       0
                text1                                6F       6F       F3       DE       0
                maintext                             17       17       58       2E       0
                cstackBANK0                          48       48       21       20       1
                cstackCOMMON                         70       70        E       70       1
                inittext                              4        4       13        8       0
                dataBANK2                           110      110       1F      110       1
                dataBANK3                           190      190       56      190       1
                dataBANK1                            A0       A0       4E       A0       1
                dataBANK0                            20       20       28       20       1
                bssBANK0                             69       69        6       20       1
                idataBANK3                          BF4      BF4       56     17E8       0
                idataBANK2                          9E7      9E7       1F     13CE       0
                idataBANK1                          BA6      BA6       4E     174C       0
                idataBANK0                          A72      A72       28     14E4       0

TOTAL           Name                               Link     Load   Length     Space
        CLASS   STACK          

        CLASS   CODE           
                end_init                              0        0        3         0
                cinit                               7C0      7C0       40         0
                text22                              9B8      9B8       16         0
                text21                              969      969        E         0
                text20                              95D      95D        C         0
                text19                              AC4      AC4       33         0
                text18                              9A7      9A7       11         0
                text17                              977      977       10         0
                text16                              A06      A06       21         0
                text15                              9CE      9CE       19         0
                text14                              B2E      B2E       3B         0
                text13                              987      987       10         0
                text12                              B69      B69       3D         0
                text11                              997      997       10         0
                text10                              AF7      AF7       37         0
                text9                               A9A      A9A       2A         0
                text8                               CC6      CC6       A2         0
                text7                               A4B      A4B       27         0
                text6                               45F      45F      361         0
                text5                               D68      D68      298         0
                text4                               A27      A27       24         0
                text3                               C4A      C4A       7C         0
                text2                               162      162      2FD         0
                text1                                6F       6F       F3         0
                maintext                             17       17       58         0
                inittext                              4        4       13         0
                idataBANK3                          BF4      BF4       56         0
                idataBANK2                          9E7      9E7       1F         0
                idataBANK1                          BA6      BA6       4E         0
                idataBANK0                          A72      A72       28         0

        CLASS   STRCODE        

        CLASS   STRING         

        CLASS   CONST          

        CLASS   ENTRY          

        CLASS   COMMON         
                cstackCOMMON                         70       70        E         1

        CLASS   BANK0          
                cstackBANK0                          48       48       21         1
                dataBANK0                            20       20       28         1
                bssBANK0                             69       69        6         1

        CLASS   BANK1          
                dataBANK1                            A0       A0       4E         1

        CLASS   BANK2          
                dataBANK2                           110      110       1F         1

        CLASS   BANK3          
                dataBANK3                           190      190       56         1

        CLASS   RAM            

        CLASS   ABS1           
                abs_s1                               7E       7E        2         1

        CLASS   SFR0           

        CLASS   SFR1           

        CLASS   SFR2           

        CLASS   SFR3           

        CLASS   CONFIG         

        CLASS   IDLOC          

        CLASS   EEDATA         



SEGMENTS        Name                           Load    Length   Top    Selector   Space  Class     Delta

                reset_vec                      000000  000003  000003         0       0  CODE        2
                inittext                       000004  000013  000017         8       0  CODE        2
                dataBANK0                      000020  00004F  00006F        20       1  BANK0       1
                maintext                       000017  000058  00006F        2E       0  CODE        2
                cstackCOMMON                   000070  00000E  00007E        70       1  COMMON      1
                dataBANK1                      0000A0  00004E  0000EE        A0       1  BANK1       1
                text1                          00006F  0000F3  000162        DE       0  CODE        2
                dataBANK2                      000110  00001F  00012F       110       1  BANK2       1
                dataBANK3                      000190  000056  0001E6       190       1  BANK3       1
                text2                          000162  0002FD  00045F       2C4       0  CODE        2
                text6                          00045F  000361  0007C0       8BE       0  CODE        2
                cinit                          0007C0  000040  000800       F80       0  CODE        2
                text20                         00095D  00000C  000969      12BA       0  CODE        2
                text21                         000969  00000E  000977      12D2       0  CODE        2
                text17                         000977  000010  000987      12EE       0  CODE        2
                text13                         000987  000010  000997      130E       0  CODE        2
                text11                         000997  000010  0009A7      132E       0  CODE        2
                text18                         0009A7  000011  0009B8      134E       0  CODE        2
                text22                         0009B8  000016  0009CE      1370       0  CODE        2
                text15                         0009CE  000019  0009E7      139C       0  CODE        2
                idataBANK2                     0009E7  00001F  000A06      13CE       0  CODE        2
                text16                         000A06  000021  000A27      140C       0  CODE        2
                text4                          000A27  000024  000A4B      144E       0  CODE        2
                text7                          000A4B  000027  000A72      1496       0  CODE        2
                idataBANK0                     000A72  000028  000A9A      14E4       0  CODE        2
                text9                          000A9A  00002A  000AC4      1534       0  CODE        2
                text19                         000AC4  000033  000AF7      1588       0  CODE        2
                text10                         000AF7  000037  000B2E      15EE       0  CODE        2
                text14                         000B2E  00003B  000B69      165C       0  CODE        2
                text12                         000B69  00003D  000BA6      16D2       0  CODE        2
                idataBANK1                     000BA6  00004E  000BF4      174C       0  CODE        2
                idataBANK3                     000BF4  000056  000C4A      17E8       0  CODE        2
                text3                          000C4A  00007C  000CC6      1894       0  CODE        2
                text8                          000CC6  0000A2  000D68      198C       0  CODE        2
                text5                          000D68  000298  001000      1AD0       0  CODE        2


UNUSED ADDRESS RANGES

        Name                Unused          Largest block    Delta
        BANK0            006F-006F              1           1
        BANK1            00EE-00EF              2           1
        BANK2            012F-016F             41           1
        BANK3            01E6-01EF              A           1
        CODE             0003-0003              1           2
                         0800-095C            15D
                         1000-1FFF            800
        CONFIG           2007-2007              1           2
        CONST            0003-0003              1           2
                         0800-095C            100
                         1000-1FFF            100
        EEDATA           2100-21FF            100           2
        ENTRY            0003-0003              1           2
                         0800-095C            100
                         1000-1FFF            100
        IDLOC            2000-2003              4           2
        RAM              006F-006F              1           1
                         00EE-00EF              2
                         012F-016F             41
                         01E6-01EF              A
        SFR0             0000-001F             20           1
        SFR1             0080-009F             20           1
        SFR2             0100-010F             10           1
        SFR3             0180-018F             10           1
        STACK            012F-016F             41           1
        STRCODE          0003-0003              1           2
                         0800-095C            15D
                         1000-1FFF           1000
        STRING           0003-0003              1           2
                         0800-095C            100
                         1000-1FFF            100

                                  Symbol Table

?__Umul8_16               cstackCOMMON 0070
?___fladd                 cstackCOMMON 0070
?___flmul                 cstackBANK0  0048
?___flsub                 cstackBANK0  0050
?_strcmp                  cstackCOMMON 0070
?_strlen                  cstackCOMMON 0070
LCD_escreve@x             cstackCOMMON 0072
Linha2@i                  cstackCOMMON 0077
_ADCON1                   (abs)        009F
_LCD_enable               text21       0969
_LCD_escreve              text18       09A7
_LCD_init                 text19       0AC4
_LCD_limpa                text11       0997
_LCD_linha1               text13       0987
_LCD_linha2               text17       0977
_Linha2                   text14       0B2E
_PORTB                    (abs)        0006
_PORTD                    (abs)        0008
_PORTE                    (abs)        0009
_RA1                      (abs)        0029
_RA3                      (abs)        002B
_RA4                      (abs)        002C
_RA5                      (abs)        002D
_RB0                      (abs)        0030
_RB1                      (abs)        0031
_RB2                      (abs)        0032
_RB3                      (abs)        0033
_TRISA                    (abs)        0085
_TRISB                    (abs)        0086
_TRISD                    (abs)        0088
_TRISE                    (abs)        0089
__Habs1                   abs1         0000
__Hbank0                  bank0        0000
__Hbank1                  bank1        0000
__Hbank2                  bank2        0000
__Hbank3                  bank3        0000
__HbssBANK0               bssBANK0     0000
__Hcinit                  cinit        0800
__Hclrtext                clrtext      0000
__Hcode                   code         0000
__Hcommon                 common       0000
__HcstackBANK0            cstackBANK0  0000
__HcstackCOMMON           cstackCOMMON 0000
__HdataBANK0              dataBANK0    0000
__HdataBANK1              dataBANK1    0000
__HdataBANK2              dataBANK2    0000
__HdataBANK3              dataBANK3    0000
__Heeprom_data            eeprom_data  0000
__Hend_init               end_init     0003
__Hfunctab                functab      0000
__HidataBANK0             idataBANK0   0000
__HidataBANK1             idataBANK1   0000
__HidataBANK2             idataBANK2   0000
__HidataBANK3             idataBANK3   0000
__Hinit                   init         0000
__Hinittext               inittext     0000
__Hintentry               intentry     0000
__Hmaintext               maintext     0000
__Hpowerup                powerup      0000
__Hram                    ram          0000
__Hreset_vec              reset_vec    0000
__Hsfr0                   sfr0         0000
__Hsfr1                   sfr1         0000
__Hsfr2                   sfr2         0000
__Hsfr3                   sfr3         0000
__Hspace_0                (abs)        1000
__Hspace_1                (abs)        01E6
__Hspace_2                (abs)        0000
__Hspace_3                (abs)        0000
__Hstack                  stack        0000
__Hstrings                strings      0000
__Htext                   text         0000
__Labs1                   abs1         0000
__Lbank0                  bank0        0000
__Lbank1                  bank1        0000
__Lbank2                  bank2        0000
__Lbank3                  bank3        0000
__LbssBANK0               bssBANK0     0000
__Lcinit                  cinit        07C0
__Lclrtext                clrtext      0000
__Lcode                   code         0000
__Lcommon                 common       0000
__LcstackBANK0            cstackBANK0  0000
__LcstackCOMMON           cstackCOMMON 0000
__LdataBANK0              dataBANK0    0000
__LdataBANK1              dataBANK1    0000
__LdataBANK2              dataBANK2    0000
__LdataBANK3              dataBANK3    0000
__Leeprom_data            eeprom_data  0000
__Lend_init               end_init     0000
__Lfunctab                functab      0000
__LidataBANK0             idataBANK0   0000
__LidataBANK1             idataBANK1   0000
__LidataBANK2             idataBANK2   0000
__LidataBANK3             idataBANK3   0000
__Linit                   init         0000
__Linittext               inittext     0000
__Lintentry               intentry     0000
__Lmaintext               maintext     0000
__Lpowerup                powerup      0000
__Lram                    ram          0000
__Lreset_vec              reset_vec    0000
__Lsfr0                   sfr0         0000
__Lsfr1                   sfr1         0000
__Lsfr2                   sfr2         0000
__Lsfr3                   sfr3         0000
__Lspace_0                (abs)        0000
__Lspace_1                (abs)        0000
__Lspace_2                (abs)        0000
__Lspace_3                (abs)        0000
__Lstack                  stack        0000
__Lstrings                strings      0000
__Ltext                   text         0000
__S0                      (abs)        1000
__S1                      (abs)        01E6
__S2                      (abs)        0000
__S3                      (abs)        0000
__Umul8_16                text7        0A4B
__Umul8_16@multiplicand   cstackCOMMON 0070
__Umul8_16@multiplier     cstackCOMMON 0078
__Umul8_16@product        cstackCOMMON 0074
__Umul8_16@word_mpld      cstackCOMMON 0076
___fladd                  text5        0D68
___fladd@a                cstackCOMMON 0074
___fladd@aexp             cstackCOMMON 0079
___fladd@b                cstackCOMMON 0070
___fladd@bexp             cstackCOMMON 007A
___fladd@grs              cstackCOMMON 007B
___fladd@signs            cstackCOMMON 0078
___flge                   text8        0CC6
___flge@ff1               cstackCOMMON 0070
___flge@ff2               cstackCOMMON 0074
___flmul                  text6        045F
___flmul@a                cstackBANK0  004C
___flmul@aexp             cstackBANK0  0055
___flmul@b                cstackBANK0  0048
___flmul@bexp             cstackBANK0  0056
___flmul@grs              cstackBANK0  0051
___flmul@prod             cstackBANK0  0057
___flmul@sign             cstackBANK0  0050
___flmul@temp             cstackBANK0  005B
___flsub                  text4        0A27
___flsub@a                cstackBANK0  0050
___flsub@b                cstackBANK0  0054
___int_sp                 stack        0000
___latbits                (abs)        0002
___sp                     stack        0000
___stackhi                (abs)        0000
___stacklo                (abs)        0000
__end_of_LCD_enable       text21       0977
__end_of_LCD_escreve      text18       09B8
__end_of_LCD_init         text19       0AF7
__end_of_LCD_limpa        text11       09A7
__end_of_LCD_linha1       text13       0997
__end_of_LCD_linha2       text17       0987
__end_of_Linha2           text14       0B69
__end_of__Umul8_16        text7        0A72
__end_of___fladd          text5        1000
__end_of___flge           text8        0D68
__end_of___flmul          text6        07C0
__end_of___flsub          text4        0A4B
__end_of__initialization  cinit        07FC
__end_of_delay            text22       09CE
__end_of_escreveMesagem   text10       0B2E
__end_of_espacoLivre      text16       0A27
__end_of_init             text20       0969
__end_of_liga_buzzer      text3        0CC6
__end_of_main             maintext     006F
__end_of_strcmp           text9        0AC4
__end_of_strlen           text15       09E7
__end_of_teclado          text2        045F
__end_of_telaInicial      text12       0BA6
__end_of_validaUser       text1        0162
__initialization          cinit        07C0
__pbssBANK0               bssBANK0     0069
__pcstackBANK0            cstackBANK0  0048
__pcstackCOMMON           cstackCOMMON 0070
__pdataBANK0              dataBANK0    0020
__pdataBANK1              dataBANK1    00A0
__pdataBANK2              dataBANK2    0110
__pdataBANK3              dataBANK3    0190
__pidataBANK0             idataBANK0   0A72
__pidataBANK1             idataBANK1   0BA6
__pidataBANK2             idataBANK2   09E7
__pidataBANK3             idataBANK3   0BF4
__pmaintext               maintext     0017
__ptext1                  text1        006F
__ptext10                 text10       0AF7
__ptext11                 text11       0997
__ptext12                 text12       0B69
__ptext13                 text13       0987
__ptext14                 text14       0B2E
__ptext15                 text15       09CE
__ptext16                 text16       0A06
__ptext17                 text17       0977
__ptext18                 text18       09A7
__ptext19                 text19       0AC4
__ptext2                  text2        0162
__ptext20                 text20       095D
__ptext21                 text21       0969
__ptext22                 text22       09B8
__ptext3                  text3        0C4A
__ptext4                  text4        0A27
__ptext5                  text5        0D68
__ptext6                  text6        045F
__ptext7                  text7        0A4B
__ptext8                  text8        0CC6
__ptext9                  text9        0A9A
__size_of_LCD_enable      (abs)        0000
__size_of_LCD_escreve     (abs)        0000
__size_of_LCD_init        (abs)        0000
__size_of_LCD_limpa       (abs)        0000
__size_of_LCD_linha1      (abs)        0000
__size_of_LCD_linha2      (abs)        0000
__size_of_Linha2          (abs)        0000
__size_of__Umul8_16       (abs)        0000
__size_of___fladd         (abs)        0000
__size_of___flge          (abs)        0000
__size_of___flmul         (abs)        0000
__size_of___flsub         (abs)        0000
__size_of_delay           (abs)        0000
__size_of_escreveMesagem  (abs)        0000
__size_of_espacoLivre     (abs)        0000
__size_of_init            (abs)        0000
__size_of_liga_buzzer     (abs)        0000
__size_of_main            (abs)        0000
__size_of_strcmp          (abs)        0000
__size_of_strlen          (abs)        0000
__size_of_teclado         (abs)        0000
__size_of_telaInicial     (abs)        0000
__size_of_validaUser      (abs)        0000
_aux                      bssBANK0     006D
_delay                    text22       09B8
_escreveMesagem           text10       0AF7
_espacoLivre              text16       0A06
_init                     text20       095D
_input                    dataBANK0    002E
_liga_buzzer              text3        0C4A
_main                     maintext     0017
_msgDesativarZona         dataBANK2    0120
_msgDesativarZonaActive   dataBANK2    0110
_msgDigiteSenha           dataBANK1    00A0
_msgMascara               dataBANK0    0039
_msgReativar              dataBANK0    0030
_msgReativarActive        dataBANK1    00E4
_msgSenhaCoacao           dataBANK1    00BD
_msgSenhaCoacaoActive     dataBANK3    01BC
_msgSenhaConfig           dataBANK1    00CA
_msgSenhaConfigActive     dataBANK3    01D8
_msgSenhaCorreta          dataBANK1    00AF
_msgSenhaDisparo          dataBANK3    01AE
_msgSenhaDisparoActive    dataBANK3    0190
_msgSenhaErrada           dataBANK1    00D7
_msgSenhaUsuario          dataBANK3    01CA
_msgSenhaUsuarioActive    dataBANK3    019F
_painel                   dataBANK0    002C
_senhaUser                dataBANK0    0043
_senhaUserConfere         dataBANK0    003E
_strcmp                   text9        0A9A
_strlen                   text15       09CE
_teclado                  text2        0162
_telaInicial              text12       0B69
_userFalse                dataBANK0    002A
_validaUser               text1        006F
btemp                     (abs)        007E
delay@i                   cstackCOMMON 0070
end_of_initialization     cinit        07FC
escreveMesagem@i          cstackCOMMON 0078
escreveMesagem@texto      cstackCOMMON 0073
espacoLivre@i             cstackCOMMON 0073
init_fetch0               inittext     0004
init_ram0                 inittext     0008
intlevel0                 functab      0000
intlevel1                 functab      0000
intlevel2                 functab      0000
intlevel3                 functab      0000
intlevel4                 functab      0000
intlevel5                 functab      0000
liga_buzzer@tempoSegundos cstackBANK0  005D
reset_vec                 reset_vec    0000
start                     init         0000
start_initialization      cinit        07C0
strcmp@r                  cstackCOMMON 0075
strcmp@s1                 cstackCOMMON 0076
strcmp@s2                 cstackCOMMON 0070
strlen@cp                 cstackCOMMON 0073
strlen@s                  cstackCOMMON 0074
telaInicial@i             cstackCOMMON 0077
validaUser@n              cstackBANK0  0067
wtemp0                    (abs)        007E


MODULE INFORMATION

Module		Function		Class		Link	Load	Size
C:\Program Files\Microchip\xc8\v2.32\pic\sources\c90\common\sprcadd.c
		___flsub       		CODE           	0A27	0000	36
		___fladd       		CODE           	0D68	0000	664

C:\Program Files\Microchip\xc8\v2.32\pic\sources\c90\common\sprcadd.c estimated size: 700

C:\Program Files\Microchip\xc8\v2.32\pic\sources\c90\common\flge.c
		___flge        		CODE           	0CC6	0000	162

C:\Program Files\Microchip\xc8\v2.32\pic\sources\c90\common\flge.c estimated size: 162

./lcd.h
		_init          		CODE           	095D	0000	12
		_LCD_limpa     		CODE           	0997	0000	16
		_delay         		CODE           	09B8	0000	22
		_LCD_enable    		CODE           	0969	0000	14
		_LCD_escreve   		CODE           	09A7	0000	17
		_LCD_init      		CODE           	0AC4	0000	51
		_LCD_linha1    		CODE           	0987	0000	16
		_LCD_linha2    		CODE           	0977	0000	16

./lcd.h estimated size: 164

C:\Program Files\Microchip\xc8\v2.32\pic\sources\c90\common\Umul8_16.c
		__Umul8_16     		CODE           	0A4B	0000	39

C:\Program Files\Microchip\xc8\v2.32\pic\sources\c90\common\Umul8_16.c estimated size: 39

C:\Program Files\Microchip\xc8\v2.32\pic\sources\c90\common\strlen.c
		_strlen        		CODE           	09CE	0000	25

C:\Program Files\Microchip\xc8\v2.32\pic\sources\c90\common\strlen.c estimated size: 25

C:\Program Files\Microchip\xc8\v2.32\pic\sources\c90\common\strcmp.c
		_strcmp        		CODE           	0A9A	0000	42

C:\Program Files\Microchip\xc8\v2.32\pic\sources\c90\common\strcmp.c estimated size: 42

shared
		__initialization		CODE           	07C0	0000	60

shared estimated size: 60

C:\Program Files\Microchip\xc8\v2.32\pic\sources\c90\common\sprcmul.c
		___flmul       		CODE           	045F	0000	865

C:\Program Files\Microchip\xc8\v2.32\pic\sources\c90\common\sprcmul.c estimated size: 865

main.c
		_telaInicial   		CODE           	0B69	0000	61
		_validaUser    		CODE           	006F	0000	243
		_main          		CODE           	0017	0000	88
		_espacoLivre   		CODE           	0A06	0000	33
		_escreveMesagem		CODE           	0AF7	0000	55
		_teclado       		CODE           	0162	0000	765
		_Linha2        		CODE           	0B2E	0000	59
		_liga_buzzer   		CODE           	0C4A	0000	124

main.c estimated size: 1428

